 MyDrv

 Timestamp is 5af4643a (Fri May 11 00:24:42 2018)

 Preferred load address is 0000000140000000

 Start         Length     Name                   Class
 0001:00000000 00000250H .text$mn                CODE
 0001:00000250 00000020H .text$mn$00             CODE
 0001:00000270 00000062H .text$s                 CODE
 0002:00000000 000000e0H .idata$5                DATA
 0002:000000e0 00000010H .00cfg                  DATA
 0002:000000f0 00000000H .gfids$y                DATA
 0002:000000f0 00000140H .rdata                  DATA
 0002:00000230 000001b0H .rdata$zzzdbg           DATA
 0002:000003e0 00000084H .xdata                  DATA
 0003:00000000 00000020H .data                   DATA
 0003:00000020 00000210H .bss                    DATA
 0004:00000000 00000090H .pdata                  DATA
 0005:00000000 00000370H PAGE                    CODE
 0005:00000370 00000024H PAGE$s                  CODE
 0006:00000000 000001c0H INIT                    CODE
 0006:000001c0 00000064H INIT$s                  CODE
 0006:00000224 00000014H .idata$2                CODE
 0006:00000238 00000018H .idata$3                CODE
 0006:00000250 000000e0H .idata$4                CODE
 0006:00000330 0000024aH .idata$6                CODE

  Address         Publics by Value              Rva+Base               Lib:Object

 0000:00000000       __dynamic_value_reloc_table 0000000000000000     <absolute>
 0000:00000000       __guard_iat_table          0000000000000000     <absolute>
 0000:00000000       __guard_iat_count          0000000000000000     <absolute>
 0000:00000000       __guard_fids_table         0000000000000000     <absolute>
 0000:00000000       __hybrid_auxiliary_iat     0000000000000000     <absolute>
 0000:00000000       __guard_longjmp_count      0000000000000000     <absolute>
 0000:00000000       __hybrid_code_map          0000000000000000     <absolute>
 0000:00000000       __guard_longjmp_table      0000000000000000     <absolute>
 0000:00000000       __hybrid_code_map_count    0000000000000000     <absolute>
 0000:00000000       __enclave_config           0000000000000000     <absolute>
 0000:00000000       ___safe_se_handler_count   0000000000000000     <absolute>
 0000:00000000       __guard_fids_count         0000000000000000     <absolute>
 0000:00000000       ___safe_se_handler_table   0000000000000000     <absolute>
 0000:00000100       __guard_flags              0000000000000100     <absolute>
 0001:00000000       BugCheck50                 0000000140001000 f   MyDrv.obj
 0001:0000000c       BugCheck7F                 000000014000100c f   MyDrv.obj
 0001:00000018       BugCheck8E                 0000000140001018 f   MyDrv.obj
 0001:00000054       BugCheckA                  0000000140001054 f   MyDrv.obj
 0001:00000068       BugCheckC4                 0000000140001068 f   MyDrv.obj
 0001:0000008c       BugCheckD6                 000000014000108c f   MyDrv.obj
 0001:000000b4       Hang                       00000001400010b4 f   MyDrv.obj
 0001:00000118       HangDpcRoutine             0000000140001118 f   MyDrv.obj
 0001:0000011c       MyStrCpy                   000000014000111c f   MyDrv.obj
 0001:00000150       OnBreakPoint               0000000140001150 f   MyDrv.obj
 0001:00000170       OpenClose                  0000000140001170 f   MyDrv.obj
 0001:0000023b       DbgPrint                   000000014000123b f   ntoskrnl:ntoskrnl.exe
 0001:00000244       _guard_check_icall_nop     0000000140001244 f i BufferOverflowK:guard_support.obj
 0001:00000260       _guard_dispatch_icall_nop  0000000140001260 f   BufferOverflowK:guard_dispatch.obj
 0001:00000270       ??_C@_1CA@LJKEIIIB@?$AA?2?$AA?$DP?$AA?$DP?$AA?2?$AAC?$AA?3?$AA?2?$AAb?$AAo?$AAo?$AAt?$AA?4?$AAi?$AAn?$AAi?$AA?$AA@FNODOBFM@ 0000000140001270     MyDrv.obj
 0001:00000290       ??_C@_0O@JGEJIFBJ@BugCheck?50x8E?$AA@FNODOBFM@ 0000000140001290     MyDrv.obj
 0001:000002a0       ??_C@_0BK@IFLFIICP@PrintBreakPoint?5Function?6?$AA@FNODOBFM@ 00000001400012a0     MyDrv.obj
 0001:000002c0       ??_C@_0BC@MHHLDEIM@Hello?5Debugging?$CB?6?$AA@FNODOBFM@ 00000001400012c0     MyDrv.obj
 0002:00000000       __imp_RtlInitUnicodeString 0000000140002000     ntoskrnl:ntoskrnl.exe
 0002:00000008       __imp_DbgPrint             0000000140002008     ntoskrnl:ntoskrnl.exe
 0002:00000010       __imp_KeInitializeDpc      0000000140002010     ntoskrnl:ntoskrnl.exe
 0002:00000018       __imp_KeInsertQueueDpc     0000000140002018     ntoskrnl:ntoskrnl.exe
 0002:00000020       __imp_KeSetTargetProcessorDpc 0000000140002020     ntoskrnl:ntoskrnl.exe
 0002:00000028       __imp_KeInitializeEvent    0000000140002028     ntoskrnl:ntoskrnl.exe
 0002:00000030       __imp_KeSetEvent           0000000140002030     ntoskrnl:ntoskrnl.exe
 0002:00000038       __imp_KeInitializeMutex    0000000140002038     ntoskrnl:ntoskrnl.exe
 0002:00000040       __imp_KeReleaseMutex       0000000140002040     ntoskrnl:ntoskrnl.exe
 0002:00000048       __imp_KeDelayExecutionThread 0000000140002048     ntoskrnl:ntoskrnl.exe
 0002:00000050       __imp_KeEnterCriticalRegion 0000000140002050     ntoskrnl:ntoskrnl.exe
 0002:00000058       __imp_KeLeaveCriticalRegion 0000000140002058     ntoskrnl:ntoskrnl.exe
 0002:00000060       __imp_KeWaitForSingleObject 0000000140002060     ntoskrnl:ntoskrnl.exe
 0002:00000068       __imp_ExAllocatePool       0000000140002068     ntoskrnl:ntoskrnl.exe
 0002:00000070       __imp_ExFreePoolWithTag    0000000140002070     ntoskrnl:ntoskrnl.exe
 0002:00000078       __imp_ExInitializeResourceLite 0000000140002078     ntoskrnl:ntoskrnl.exe
 0002:00000080       __imp_ExAcquireResourceExclusiveLite 0000000140002080     ntoskrnl:ntoskrnl.exe
 0002:00000088       __imp_ExReleaseResourceLite 0000000140002088     ntoskrnl:ntoskrnl.exe
 0002:00000090       __imp_ExDeleteResourceLite 0000000140002090     ntoskrnl:ntoskrnl.exe
 0002:00000098       __imp_IofCompleteRequest   0000000140002098     ntoskrnl:ntoskrnl.exe
 0002:000000a0       __imp_IoCreateDevice       00000001400020a0     ntoskrnl:ntoskrnl.exe
 0002:000000a8       __imp_IoCreateSymbolicLink 00000001400020a8     ntoskrnl:ntoskrnl.exe
 0002:000000b0       __imp_IoDeleteDevice       00000001400020b0     ntoskrnl:ntoskrnl.exe
 0002:000000b8       __imp_IoDeleteSymbolicLink 00000001400020b8     ntoskrnl:ntoskrnl.exe
 0002:000000c0       __imp_ZwCreateFile         00000001400020c0     ntoskrnl:ntoskrnl.exe
 0002:000000c8       __imp_ZwClose              00000001400020c8     ntoskrnl:ntoskrnl.exe
 0002:000000d0       __imp_KeNumberProcessors   00000001400020d0     ntoskrnl:ntoskrnl.exe
 0002:000000d8       \177ntoskrnl_NULL_THUNK_DATA 00000001400020d8     ntoskrnl:ntoskrnl.exe
 0002:000000e0       __guard_check_icall_fptr   00000001400020e0     BufferOverflowK:guard_support.obj
 0002:000000e8       __guard_dispatch_icall_fptr 00000001400020e8     BufferOverflowK:guard_support.obj
 0002:00000130       _load_config_used          0000000140002130     BufferOverflowK:loadcfg.obj
 0003:00000000       g_ulGlobal                 0000000140003000     MyDrv.obj
 0003:00000008       __security_cookie          0000000140003008     BufferOverflowK:gs_support.obj
 0003:00000010       __security_cookie_complement 0000000140003010     BufferOverflowK:gs_support.obj
 0003:00000020       HangDpc                    0000000140003020     <common>
 0003:00000060       event                      0000000140003060     <common>
 0003:00000080       EresourceB                 0000000140003080     <common>
 0003:00000100       EresourceA                 0000000140003100     <common>
 0003:00000180       MutexB                     0000000140003180     <common>
 0003:000001c0       MutexA                     00000001400031c0     <common>
 0003:00000200       Event                      0000000140003200     <common>
 0003:00000220       g_szBuffer                 0000000140003220     <common>
 0005:00000000       MyDrvCreateClose           0000000140005000 f   MyDrv.obj
 0005:00000040       MyDrvDeviceControl         0000000140005040 f   MyDrv.obj
 0005:00000314       MyDrvUnload                0000000140005314 f   MyDrv.obj
 0005:00000370       ??_C@_1CE@LNDBPGOK@?$AA?2?$AAD?$AAo?$AAs?$AAD?$AAe?$AAv?$AAi?$AAc?$AAe?$AAs?$AA?2?$AAM?$AAy?$AAD?$AAr?$AAv?$AA?$AA@NNGAKEGL@ 0000000140005370     MyDrv.obj
 0006:00000000       DriverEntry                0000000140006000 f   MyDrv.obj
 0006:00000124       GsDriverEntry              0000000140006124 f   BufferOverflowK:gs_support.obj
 0006:00000150       __security_init_cookie     0000000140006150 f   BufferOverflowK:gs_support.obj
 0006:000001c0       ??_C@_1BM@NAINCILO@?$AA?2?$AAD?$AAe?$AAv?$AAi?$AAc?$AAe?$AA?2?$AAM?$AAy?$AAD?$AAr?$AAv?$AA?$AA@PBOPGDP@ 00000001400061c0     MyDrv.obj
 0006:000001e0       ??_C@_0BB@ENJJLKKL@DeviceObject?5?$CFp?6?$AA@PBOPGDP@ 00000001400061e0     MyDrv.obj
 0006:00000200       ??_C@_1CE@LNDBPGOK@?$AA?2?$AAD?$AAo?$AAs?$AAD?$AAe?$AAv?$AAi?$AAc?$AAe?$AAs?$AA?2?$AAM?$AAy?$AAD?$AAr?$AAv?$AA?$AA@PBOPGDP@ 0000000140006200     MyDrv.obj
 0006:00000224       __IMPORT_DESCRIPTOR_ntoskrnl 0000000140006224     ntoskrnl:ntoskrnl.exe
 0006:00000238       __NULL_IMPORT_DESCRIPTOR   0000000140006238     ntoskrnl:ntoskrnl.exe

 entry point at        0006:00000124

 Static symbols

 0000:ffff8000       .debug$S                   0000000140000000     ntoskrnl:ntoskrnl.exe
 0000:ffff8000       .debug$S                   0000000140000000     ntoskrnl:ntoskrnl.exe
 0000:ffff8000       .debug$S                   0000000140000000     ntoskrnl:ntoskrnl.exe
 0000:ffff8000       .debug$S                   0000000140000000     ntoskrnl:ntoskrnl.exe
 0000:ffff8000       .debug$S                   0000000140000000     ntoskrnl:ntoskrnl.exe
 0000:ffff8000       .debug$S                   0000000140000000     ntoskrnl:ntoskrnl.exe
 0000:ffff8000       .debug$S                   0000000140000000     ntoskrnl:ntoskrnl.exe
 0000:ffff8000       .debug$S                   0000000140000000     ntoskrnl:ntoskrnl.exe
 0000:ffff8000       .debug$S                   0000000140000000     ntoskrnl:ntoskrnl.exe
 0000:ffff8000       .debug$S                   0000000140000000     ntoskrnl:ntoskrnl.exe
 0000:ffff8000       .debug$S                   0000000140000000     ntoskrnl:ntoskrnl.exe
 0000:ffff8000       .debug$S                   0000000140000000     ntoskrnl:ntoskrnl.exe
 0000:ffff8000       .debug$S                   0000000140000000     ntoskrnl:ntoskrnl.exe
 0000:ffff8000       .debug$S                   0000000140000000     ntoskrnl:ntoskrnl.exe
 0000:ffff8000       .debug$S                   0000000140000000     ntoskrnl:ntoskrnl.exe
 0000:ffff8000       .debug$S                   0000000140000000     ntoskrnl:ntoskrnl.exe
 0000:ffff8000       .debug$S                   0000000140000000     ntoskrnl:ntoskrnl.exe
 0000:ffff8000       .debug$S                   0000000140000000     ntoskrnl:ntoskrnl.exe
 0000:ffff8000       .debug$S                   0000000140000000     ntoskrnl:ntoskrnl.exe
 0000:ffff8000       .debug$S                   0000000140000000     ntoskrnl:ntoskrnl.exe
 0000:ffff8000       .debug$S                   0000000140000000     ntoskrnl:ntoskrnl.exe
 0000:ffff8000       .debug$S                   0000000140000000     ntoskrnl:ntoskrnl.exe
 0000:ffff8000       .debug$S                   0000000140000000     ntoskrnl:ntoskrnl.exe
 0000:ffff8000       .debug$S                   0000000140000000     ntoskrnl:ntoskrnl.exe
 0000:ffff8000       .debug$S                   0000000140000000     ntoskrnl:ntoskrnl.exe
 0000:ffff8000       .debug$S                   0000000140000000     ntoskrnl:ntoskrnl.exe
 0000:ffff8000       .debug$S                   0000000140000000     ntoskrnl:ntoskrnl.exe
 0001:00000250       $$000000                   0000000140001250     BufferOverflowK:guard_dispatch.obj
 0002:000003e0       $unwind$DriverEntry        00000001400023e0     MyDrv.obj
 0002:000003f0       $unwind$Hang               00000001400023f0     MyDrv.obj
 0002:000003f0       $unwind$MyDrvCreateClose   00000001400023f0     MyDrv.obj
 0002:000003fc       $unwind$MyDrvUnload        00000001400023fc     MyDrv.obj
 0002:000003fc       $unwind$BugCheck8E         00000001400023fc     MyDrv.obj
 0002:00000408       $unwind$MyDrvDeviceControl 0000000140002408     MyDrv.obj
 0002:0000041c       $unwind$OpenClose          000000014000241c     MyDrv.obj
 0002:0000042c       $unwind$BugCheckC4         000000014000242c     MyDrv.obj
 0002:00000438       $unwind$BugCheckD6         0000000140002438     MyDrv.obj
 0002:00000444       $unwind$OnBreakPoint       0000000140002444     MyDrv.obj
 0002:00000450       $unwind$GsDriverEntry      0000000140002450     BufferOverflowK:gs_support.obj
 0002:00000460       $xdatasym                  0000000140002460     BufferOverflowK:guard_dispatch.obj
 0004:00000000       $pdata$DriverEntry         0000000140004000     MyDrv.obj
 0004:0000000c       $pdata$MyDrvCreateClose    000000014000400c     MyDrv.obj
 0004:00000018       $pdata$MyDrvUnload         0000000140004018     MyDrv.obj
 0004:00000024       $pdata$MyDrvDeviceControl  0000000140004024     MyDrv.obj
 0004:00000030       $pdata$OpenClose           0000000140004030     MyDrv.obj
 0004:0000003c       $pdata$BugCheck8E          000000014000403c     MyDrv.obj
 0004:00000048       $pdata$BugCheckC4          0000000140004048     MyDrv.obj
 0004:00000054       $pdata$BugCheckD6          0000000140004054     MyDrv.obj
 0004:00000060       $pdata$OnBreakPoint        0000000140004060     MyDrv.obj
 0004:0000006c       $pdata$Hang                000000014000406c     MyDrv.obj
 0004:00000078       $pdata$GsDriverEntry       0000000140004078     BufferOverflowK:gs_support.obj
 0006:0000056c       .idata$6                   000000014000656c     ntoskrnl:ntoskrnl.exe
