 MyDrv

 Timestamp is 5b0969e8 (Sat May 26 23:06:32 2018)

 Preferred load address is 0000000140000000

 Start         Length     Name                   Class
 0001:00000000 000003f0H .text$mn                CODE
 0001:000003f0 00000020H .text$mn$00             CODE
 0001:00000410 00000072H .text$s                 CODE
 0002:00000000 000000f0H .idata$5                DATA
 0002:000000f0 00000010H .00cfg                  DATA
 0002:00000100 00000000H .gfids$y                DATA
 0002:00000100 00000140H .rdata                  DATA
 0002:00000240 000001b0H .rdata$zzzdbg           DATA
 0002:000003f0 0000008cH .xdata                  DATA
 0003:00000000 00000020H .data                   DATA
 0003:00000020 00000210H .bss                    DATA
 0004:00000000 000000e4H .pdata                  DATA
 0005:00000000 000006b0H PAGE                    CODE
 0005:000006b0 00000024H PAGE$s                  CODE
 0006:00000000 00000220H INIT                    CODE
 0006:00000220 00000064H INIT$s                  CODE
 0006:00000284 00000014H .idata$2                CODE
 0006:00000298 00000018H .idata$3                CODE
 0006:000002b0 000000f0H .idata$4                CODE
 0006:000003a0 0000025eH .idata$6                CODE

  Address         Publics by Value              Rva+Base               Lib:Object

 0000:00000000       __dynamic_value_reloc_table 0000000000000000     <absolute>
 0000:00000000       __hybrid_auxiliary_iat     0000000000000000     <absolute>
 0000:00000000       __guard_iat_table          0000000000000000     <absolute>
 0000:00000000       __guard_longjmp_count      0000000000000000     <absolute>
 0000:00000000       __guard_fids_table         0000000000000000     <absolute>
 0000:00000000       __guard_iat_count          0000000000000000     <absolute>
 0000:00000000       __guard_longjmp_table      0000000000000000     <absolute>
 0000:00000000       __guard_fids_count         0000000000000000     <absolute>
 0000:00000000       __enclave_config           0000000000000000     <absolute>
 0000:00000000       __hybrid_code_map          0000000000000000     <absolute>
 0000:00000000       __hybrid_code_map_count    0000000000000000     <absolute>
 0000:00000000       ___safe_se_handler_count   0000000000000000     <absolute>
 0000:00000000       ___safe_se_handler_table   0000000000000000     <absolute>
 0000:00000100       __guard_flags              0000000000000100     <absolute>
 0000:00000000       __ImageBase                0000000140000000     <linker-defined>
 0001:00000000       BugCheck3B                 0000000140001000 f   MyDrv.obj
 0001:00000060       BugCheck50                 0000000140001060 f   MyDrv.obj
 0001:00000080       BugCheck7F                 0000000140001080 f   MyDrv.obj
 0001:00000090       BugCheckA                  0000000140001090 f   MyDrv.obj
 0001:000000b0       _guard_check_icall_nop     00000001400010b0 f   BufferOverflowK:guard_support.obj
 0001:000000b0       BugCheckBE                 00000001400010b0 f   MyDrv.obj
 0001:000000c0       BugCheckC4                 00000001400010c0 f   MyDrv.obj
 0001:000000f0       BugCheckD6                 00000001400010f0 f   MyDrv.obj
 0001:00000130       Hang                       0000000140001130 f   MyDrv.obj
 0001:000001a0       HangDpcRoutine             00000001400011a0 f   MyDrv.obj
 0001:000001c0       IoGetCurrentIrpStackLocation 00000001400011c0 f i MyDrv.obj
 0001:000001e0       MyStrCpy                   00000001400011e0 f   MyDrv.obj
 0001:00000250       OnBreakPoint               0000000140001250 f   MyDrv.obj
 0001:00000270       OpenClose                  0000000140001270 f   MyDrv.obj
 0001:00000380       PrintBreakPoint            0000000140001380 f   MyDrv.obj
 0001:000003b0       UseStack1                  00000001400013b0 f   MyDrv.obj
 0001:000003c0       UseStack2                  00000001400013c0 f   MyDrv.obj
 0001:000003d5       strcpy                     00000001400013d5 f   ntoskrnl:ntoskrnl.exe
 0001:000003db       strlen                     00000001400013db f   ntoskrnl:ntoskrnl.exe
 0001:000003e1       DbgPrint                   00000001400013e1 f   ntoskrnl:ntoskrnl.exe
 0001:00000400       _guard_dispatch_icall_nop  0000000140001400 f   BufferOverflowK:guard_dispatch.obj
 0001:00000410       ??_C@_1CA@LJKEIIIB@?$AA?2?$AA?$DP?$AA?$DP?$AA?2?$AAC?$AA?3?$AA?2?$AAb?$AAo?$AAo?$AAt?$AA?4?$AAi?$AAn?$AAi?$AA?$AA@FNODOBFM@ 0000000140001410     MyDrv.obj
 0001:00000430       ??_C@_0O@NFFNPMDP@BugCheck?50x3B?$AA@FNODOBFM@ 0000000140001430     MyDrv.obj
 0001:00000440       ??_C@_07PFLHHDCC@Find?5Me?$AA@FNODOBFM@ 0000000140001440     MyDrv.obj
 0001:00000450       ??_C@_0BK@IFLFIICP@PrintBreakPoint?5Function?6?$AA@FNODOBFM@ 0000000140001450     MyDrv.obj
 0001:00000470       ??_C@_0BC@MHHLDEIM@Hello?5Debugging?$CB?6?$AA@FNODOBFM@ 0000000140001470     MyDrv.obj
 0002:00000000       __imp_strcpy               0000000140002000     ntoskrnl:ntoskrnl.exe
 0002:00000008       __imp_strlen               0000000140002008     ntoskrnl:ntoskrnl.exe
 0002:00000010       __imp_RtlInitUnicodeString 0000000140002010     ntoskrnl:ntoskrnl.exe
 0002:00000018       __imp_DbgPrint             0000000140002018     ntoskrnl:ntoskrnl.exe
 0002:00000020       __imp_KeInitializeDpc      0000000140002020     ntoskrnl:ntoskrnl.exe
 0002:00000028       __imp_KeInsertQueueDpc     0000000140002028     ntoskrnl:ntoskrnl.exe
 0002:00000030       __imp_KeSetTargetProcessorDpc 0000000140002030     ntoskrnl:ntoskrnl.exe
 0002:00000038       __imp_KeInitializeEvent    0000000140002038     ntoskrnl:ntoskrnl.exe
 0002:00000040       __imp_KeSetEvent           0000000140002040     ntoskrnl:ntoskrnl.exe
 0002:00000048       __imp_KeInitializeMutex    0000000140002048     ntoskrnl:ntoskrnl.exe
 0002:00000050       __imp_KeReleaseMutex       0000000140002050     ntoskrnl:ntoskrnl.exe
 0002:00000058       __imp_KeDelayExecutionThread 0000000140002058     ntoskrnl:ntoskrnl.exe
 0002:00000060       __imp_KeEnterCriticalRegion 0000000140002060     ntoskrnl:ntoskrnl.exe
 0002:00000068       __imp_KeLeaveCriticalRegion 0000000140002068     ntoskrnl:ntoskrnl.exe
 0002:00000070       __imp_KeWaitForSingleObject 0000000140002070     ntoskrnl:ntoskrnl.exe
 0002:00000078       __imp_ExAllocatePool       0000000140002078     ntoskrnl:ntoskrnl.exe
 0002:00000080       __imp_ExFreePoolWithTag    0000000140002080     ntoskrnl:ntoskrnl.exe
 0002:00000088       __imp_ExInitializeResourceLite 0000000140002088     ntoskrnl:ntoskrnl.exe
 0002:00000090       __imp_ExAcquireResourceExclusiveLite 0000000140002090     ntoskrnl:ntoskrnl.exe
 0002:00000098       __imp_ExReleaseResourceLite 0000000140002098     ntoskrnl:ntoskrnl.exe
 0002:000000a0       __imp_ExDeleteResourceLite 00000001400020a0     ntoskrnl:ntoskrnl.exe
 0002:000000a8       __imp_IofCompleteRequest   00000001400020a8     ntoskrnl:ntoskrnl.exe
 0002:000000b0       __imp_IoCreateDevice       00000001400020b0     ntoskrnl:ntoskrnl.exe
 0002:000000b8       __imp_IoCreateSymbolicLink 00000001400020b8     ntoskrnl:ntoskrnl.exe
 0002:000000c0       __imp_IoDeleteDevice       00000001400020c0     ntoskrnl:ntoskrnl.exe
 0002:000000c8       __imp_IoDeleteSymbolicLink 00000001400020c8     ntoskrnl:ntoskrnl.exe
 0002:000000d0       __imp_ZwCreateFile         00000001400020d0     ntoskrnl:ntoskrnl.exe
 0002:000000d8       __imp_ZwClose              00000001400020d8     ntoskrnl:ntoskrnl.exe
 0002:000000e0       __imp_KeNumberProcessors   00000001400020e0     ntoskrnl:ntoskrnl.exe
 0002:000000e8       \177ntoskrnl_NULL_THUNK_DATA 00000001400020e8     ntoskrnl:ntoskrnl.exe
 0002:000000f0       __guard_check_icall_fptr   00000001400020f0     BufferOverflowK:guard_support.obj
 0002:000000f8       __guard_dispatch_icall_fptr 00000001400020f8     BufferOverflowK:guard_support.obj
 0002:00000140       _load_config_used          0000000140002140     BufferOverflowK:loadcfg.obj
 0003:00000000       g_ulGlobal                 0000000140003000     MyDrv.obj
 0003:00000008       __security_cookie          0000000140003008     BufferOverflowK:gs_support.obj
 0003:00000010       __security_cookie_complement 0000000140003010     BufferOverflowK:gs_support.obj
 0003:00000020       HangDpc                    0000000140003020     <common>
 0003:00000060       event                      0000000140003060     <common>
 0003:00000080       EresourceB                 0000000140003080     <common>
 0003:00000100       EresourceA                 0000000140003100     <common>
 0003:00000180       MutexB                     0000000140003180     <common>
 0003:000001c0       MutexA                     00000001400031c0     <common>
 0003:00000200       Event                      0000000140003200     <common>
 0003:00000220       g_szBuffer                 0000000140003220     <common>
 0005:00000000       MyDrvCreateClose           0000000140005000 f   MyDrv.obj
 0005:00000090       MyDrvDeviceControl         0000000140005090 f   MyDrv.obj
 0005:00000650       MyDrvUnload                0000000140005650 f   MyDrv.obj
 0005:000006b0       ??_C@_1CE@LNDBPGOK@?$AA?2?$AAD?$AAo?$AAs?$AAD?$AAe?$AAv?$AAi?$AAc?$AAe?$AAs?$AA?2?$AAM?$AAy?$AAD?$AAr?$AAv?$AA?$AA@NNGAKEGL@ 00000001400056b0     MyDrv.obj
 0006:00000000       DriverEntry                0000000140006000 f   MyDrv.obj
 0006:00000190       GsDriverEntry              0000000140006190 f   BufferOverflowK:gs_support.obj
 0006:000001bc       __security_init_cookie     00000001400061bc f   BufferOverflowK:gs_support.obj
 0006:00000220       ??_C@_1BM@NAINCILO@?$AA?2?$AAD?$AAe?$AAv?$AAi?$AAc?$AAe?$AA?2?$AAM?$AAy?$AAD?$AAr?$AAv?$AA?$AA@PBOPGDP@ 0000000140006220     MyDrv.obj
 0006:00000240       ??_C@_0BB@ENJJLKKL@DeviceObject?5?$CFp?6?$AA@PBOPGDP@ 0000000140006240     MyDrv.obj
 0006:00000260       ??_C@_1CE@LNDBPGOK@?$AA?2?$AAD?$AAo?$AAs?$AAD?$AAe?$AAv?$AAi?$AAc?$AAe?$AAs?$AA?2?$AAM?$AAy?$AAD?$AAr?$AAv?$AA?$AA@PBOPGDP@ 0000000140006260     MyDrv.obj
 0006:00000284       __IMPORT_DESCRIPTOR_ntoskrnl 0000000140006284     ntoskrnl:ntoskrnl.exe
 0006:00000298       __NULL_IMPORT_DESCRIPTOR   0000000140006298     ntoskrnl:ntoskrnl.exe

 entry point at        0006:00000190

 Static symbols

 0000:ffff8000       .debug$S                   0000000140000000     ntoskrnl:ntoskrnl.exe
 0000:ffff8000       .debug$S                   0000000140000000     ntoskrnl:ntoskrnl.exe
 0000:ffff8000       .debug$S                   0000000140000000     ntoskrnl:ntoskrnl.exe
 0000:ffff8000       .debug$S                   0000000140000000     ntoskrnl:ntoskrnl.exe
 0000:ffff8000       .debug$S                   0000000140000000     ntoskrnl:ntoskrnl.exe
 0000:ffff8000       .debug$S                   0000000140000000     ntoskrnl:ntoskrnl.exe
 0000:ffff8000       .debug$S                   0000000140000000     ntoskrnl:ntoskrnl.exe
 0000:ffff8000       .debug$S                   0000000140000000     ntoskrnl:ntoskrnl.exe
 0000:ffff8000       .debug$S                   0000000140000000     ntoskrnl:ntoskrnl.exe
 0000:ffff8000       .debug$S                   0000000140000000     ntoskrnl:ntoskrnl.exe
 0000:ffff8000       .debug$S                   0000000140000000     ntoskrnl:ntoskrnl.exe
 0000:ffff8000       .debug$S                   0000000140000000     ntoskrnl:ntoskrnl.exe
 0000:ffff8000       .debug$S                   0000000140000000     ntoskrnl:ntoskrnl.exe
 0000:ffff8000       .debug$S                   0000000140000000     ntoskrnl:ntoskrnl.exe
 0000:ffff8000       .debug$S                   0000000140000000     ntoskrnl:ntoskrnl.exe
 0000:ffff8000       .debug$S                   0000000140000000     ntoskrnl:ntoskrnl.exe
 0000:ffff8000       .debug$S                   0000000140000000     ntoskrnl:ntoskrnl.exe
 0000:ffff8000       .debug$S                   0000000140000000     ntoskrnl:ntoskrnl.exe
 0000:ffff8000       .debug$S                   0000000140000000     ntoskrnl:ntoskrnl.exe
 0000:ffff8000       .debug$S                   0000000140000000     ntoskrnl:ntoskrnl.exe
 0000:ffff8000       .debug$S                   0000000140000000     ntoskrnl:ntoskrnl.exe
 0000:ffff8000       .debug$S                   0000000140000000     ntoskrnl:ntoskrnl.exe
 0000:ffff8000       .debug$S                   0000000140000000     ntoskrnl:ntoskrnl.exe
 0000:ffff8000       .debug$S                   0000000140000000     ntoskrnl:ntoskrnl.exe
 0000:ffff8000       .debug$S                   0000000140000000     ntoskrnl:ntoskrnl.exe
 0000:ffff8000       .debug$S                   0000000140000000     ntoskrnl:ntoskrnl.exe
 0000:ffff8000       .debug$S                   0000000140000000     ntoskrnl:ntoskrnl.exe
 0000:ffff8000       .debug$S                   0000000140000000     ntoskrnl:ntoskrnl.exe
 0000:ffff8000       .debug$S                   0000000140000000     ntoskrnl:ntoskrnl.exe
 0001:000003f0       $$000000                   00000001400013f0     BufferOverflowK:guard_dispatch.obj
 0002:000003f0       $unwind$DriverEntry        00000001400023f0     MyDrv.obj
 0002:000003fc       $unwind$MyStrCpy           00000001400023fc     MyDrv.obj
 0002:000003fc       $unwind$MyDrvCreateClose   00000001400023fc     MyDrv.obj
 0002:00000408       $unwind$MyDrvUnload        0000000140002408     MyDrv.obj
 0002:00000414       $unwind$MyDrvDeviceControl 0000000140002414     MyDrv.obj
 0002:00000420       $unwind$OpenClose          0000000140002420     MyDrv.obj
 0002:0000042c       $unwind$BugCheckA          000000014000242c     MyDrv.obj
 0002:0000042c       $unwind$OnBreakPoint       000000014000242c     MyDrv.obj
 0002:0000042c       $unwind$UseStack1          000000014000242c     MyDrv.obj
 0002:0000042c       $unwind$UseStack2          000000014000242c     MyDrv.obj
 0002:0000042c       $unwind$BugCheck7F         000000014000242c     MyDrv.obj
 0002:00000438       $unwind$BugCheck50         0000000140002438     MyDrv.obj
 0002:00000444       $unwind$BugCheck3B         0000000140002444     MyDrv.obj
 0002:00000450       $unwind$Hang               0000000140002450     MyDrv.obj
 0002:00000450       $unwind$BugCheckC4         0000000140002450     MyDrv.obj
 0002:00000450       $unwind$BugCheckD6         0000000140002450     MyDrv.obj
 0002:0000045c       $unwind$PrintBreakPoint    000000014000245c     MyDrv.obj
 0002:00000468       $unwind$GsDriverEntry      0000000140002468     BufferOverflowK:gs_support.obj
 0002:00000478       $xdatasym                  0000000140002478     BufferOverflowK:guard_dispatch.obj
 0004:00000000       $pdata$DriverEntry         0000000140004000     MyDrv.obj
 0004:0000000c       $pdata$MyDrvCreateClose    000000014000400c     MyDrv.obj
 0004:00000018       $pdata$MyDrvUnload         0000000140004018     MyDrv.obj
 0004:00000024       $pdata$MyDrvDeviceControl  0000000140004024     MyDrv.obj
 0004:00000030       $pdata$OpenClose           0000000140004030     MyDrv.obj
 0004:0000003c       $pdata$BugCheckA           000000014000403c     MyDrv.obj
 0004:00000048       $pdata$BugCheck50          0000000140004048     MyDrv.obj
 0004:00000054       $pdata$UseStack2           0000000140004054     MyDrv.obj
 0004:00000060       $pdata$UseStack1           0000000140004060     MyDrv.obj
 0004:0000006c       $pdata$BugCheck7F          000000014000406c     MyDrv.obj
 0004:00000078       $pdata$MyStrCpy            0000000140004078     MyDrv.obj
 0004:00000084       $pdata$BugCheck3B          0000000140004084     MyDrv.obj
 0004:00000090       $pdata$BugCheckC4          0000000140004090     MyDrv.obj
 0004:0000009c       $pdata$BugCheckD6          000000014000409c     MyDrv.obj
 0004:000000a8       $pdata$PrintBreakPoint     00000001400040a8     MyDrv.obj
 0004:000000b4       $pdata$OnBreakPoint        00000001400040b4     MyDrv.obj
 0004:000000c0       $pdata$Hang                00000001400040c0     MyDrv.obj
 0004:000000cc       $pdata$GsDriverEntry       00000001400040cc     BufferOverflowK:gs_support.obj
 0005:000005a4       $LN24                      00000001400055a4     MyDrv.obj
 0005:000005ec       $LN23                      00000001400055ec     MyDrv.obj
 0006:000005f0       .idata$6                   00000001400065f0     ntoskrnl:ntoskrnl.exe
