 LabApp

 Timestamp is 4a37966a (Tue Jun 16 21:56:10 2009)

 Preferred load address is 00400000

 Start         Length     Name                   Class
 0001:00000000 00001a26H .text                   CODE
 0001:00001a30 000000d0H .text$x                 CODE
 0001:00001b00 00000051H .text$yc                CODE
 0001:00001b60 0000000fH .text$yd                CODE
 0002:00000000 00000320H .idata$5                DATA
 0002:00000320 00000004H .CRT$XCA                DATA
 0002:00000324 00000004H .CRT$XCAA               DATA
 0002:00000328 00000004H .CRT$XCL                DATA
 0002:0000032c 0000000cH .CRT$XCU                DATA
 0002:00000338 00000004H .CRT$XCZ                DATA
 0002:0000033c 00000004H .CRT$XIA                DATA
 0002:00000340 00000004H .CRT$XIAA               DATA
 0002:00000344 00000004H .CRT$XIY                DATA
 0002:00000348 00000004H .CRT$XIZ                DATA
 0002:00000350 000009a0H .rdata                  DATA
 0002:00000cf0 00000053H .rdata$debug            DATA
 0002:00000d44 000002fcH .rdata$r                DATA
 0002:00001040 00000018H .rdata$sxdata           DATA
 0002:00001058 00000004H .rtc$IAA                DATA
 0002:0000105c 00000004H .rtc$IZZ                DATA
 0002:00001060 00000004H .rtc$TAA                DATA
 0002:00001064 00000004H .rtc$TZZ                DATA
 0002:00001068 00000184H .xdata$x                DATA
 0002:000011ec 00000004H ATL$__a                 DATA
 0002:000011f0 00000004H ATL$__z                 DATA
 0002:000011f4 00000064H .idata$2                DATA
 0002:00001258 00000014H .idata$3                DATA
 0002:0000126c 00000320H .idata$4                DATA
 0002:0000158c 0000043aH .idata$6                DATA
 0002:000019c6 00000000H .edata                  DATA
 0003:00000000 00000150H .data                   DATA
 0003:00000150 00000460H .bss                    DATA
 0004:00000000 000001d8H .rsrc$01                DATA
 0004:000001e0 00000aa8H .rsrc$02                DATA

  Address         Publics by Value              Rva+Base       Lib:Object

 0000:00000006       ___safe_se_handler_count   00000006     <absolute>
 0000:00000000       ___ImageBase               00400000     <linker-defined>
 0001:00000000       ?GetMessageMap@CLabAppApp@@MBEPBUAFX_MSGMAP@@XZ 00401000 f   LabApp.obj
 0001:00000010       ?GetThisMessageMap@CLabAppApp@@KGPBUAFX_MSGMAP@@XZ 00401010 f   LabApp.obj
 0001:00000020       ??0CLabAppApp@@QAE@XZ      00401020 f   LabApp.obj
 0001:00000050       ?InitInstance@CLabAppApp@@UAEHXZ 00401050 f   LabApp.obj
 0001:00000100       ??_GCLabAppApp@@UAEPAXI@Z  00401100 f i LabApp.obj
 0001:00000100       ??_ECLabAppApp@@UAEPAXI@Z  00401100 f i LabApp.obj
 0001:00000130       ??1CLabAppApp@@UAE@XZ      00401130 f i LabApp.obj
 0001:00000150       ??1CLabAppDlg@@UAE@XZ      00401150 f i LabApp.obj
 0001:00000170       ?Serialize@CObject@@UAEXAAVCArchive@@@Z 00401170 f i LabApp.obj
 0001:00000180       ??3CObject@@SGXPAX@Z       00401180 f i LabApp.obj
 0001:000001a0       ?AssertValid@CObject@@UBEXXZ 004011a0 f i LabApp.obj
 0001:000001b0       ?Dump@CObject@@UBEXAAVCDumpContext@@@Z 004011b0 f i LabApp.obj
 0001:000001c0       ?Enable3dControls@CWinApp@@IAEHXZ 004011c0 f i LabApp.obj
 0001:000001d0       ??0CAboutDlg@@QAE@XZ       004011d0 f   LabAppDlg.obj
 0001:00000200       ?DoDataExchange@CAboutDlg@@MAEXPAVCDataExchange@@@Z 00401200 f   LabAppDlg.obj
 0001:00000220       ?GetMessageMap@CAboutDlg@@MBEPBUAFX_MSGMAP@@XZ 00401220 f   LabAppDlg.obj
 0001:00000230       ?GetThisMessageMap@CAboutDlg@@KGPBUAFX_MSGMAP@@XZ 00401230 f   LabAppDlg.obj
 0001:00000240       ??0CLabAppDlg@@QAE@PAVCWnd@@@Z 00401240 f   LabAppDlg.obj
 0001:000002c0       ?DoDataExchange@CLabAppDlg@@MAEXPAVCDataExchange@@@Z 004012c0 f   LabAppDlg.obj
 0001:000002e0       ?GetMessageMap@CLabAppDlg@@MBEPBUAFX_MSGMAP@@XZ 004012e0 f   LabAppDlg.obj
 0001:000002f0       ?GetThisMessageMap@CLabAppDlg@@KGPBUAFX_MSGMAP@@XZ 004012f0 f   LabAppDlg.obj
 0001:00000300       ?OnInitDialog@CLabAppDlg@@MAEHXZ 00401300 f   LabAppDlg.obj
 0001:000003e0       ?OnSysCommand@CLabAppDlg@@IAEXIJ@Z 004013e0 f   LabAppDlg.obj
 0001:00000470       ?OnPaint@CLabAppDlg@@IAEXXZ 00401470 f   LabAppDlg.obj
 0001:000005b0       ?OnQueryDragIcon@CLabAppDlg@@IAEPAUHICON__@@XZ 004015b0 f   LabAppDlg.obj
 0001:000005d0       ?NullAccessFunction@@YAXPAUMYStruct@@@Z 004015d0 f   LabAppDlg.obj
 0001:000005f0       ?OnNullptraccessBtn@CLabAppDlg@@IAEXXZ 004015f0 f   LabAppDlg.obj
 0001:00000610       ?OnBufferoverflowBtn@CLabAppDlg@@IAEXXZ 00401610 f   LabAppDlg.obj
 0001:00000660       ?OnFreedheapaccessBtn@CLabAppDlg@@IAEXXZ 00401660 f   LabAppDlg.obj
 0001:000006a0       ?OnHangBtn@CLabAppDlg@@IAEXXZ 004016a0 f   LabAppDlg.obj
 0001:000006c0       ?ThreadFunc@@YGKPAX@Z      004016c0 f   LabAppDlg.obj
 0001:000006e0       ?ThreadFunc2@@YGKPAX@Z     004016e0 f   LabAppDlg.obj
 0001:00000710       ?OnThreadhangBtn@CLabAppDlg@@IAEXXZ 00401710 f   LabAppDlg.obj
 0001:000007c0       ?OnMemoryleakBtn@CLabAppDlg@@IAEXXZ 004017c0 f   LabAppDlg.obj
 0001:00000800       ??_ECAboutDlg@@UAEPAXI@Z   00401800 f i LabAppDlg.obj
 0001:00000800       ??_GCAboutDlg@@UAEPAXI@Z   00401800 f i LabAppDlg.obj
 0001:00000830       ??1CAboutDlg@@UAE@XZ       00401830 f i LabAppDlg.obj
 0001:00000850       ??_GCLabAppDlg@@UAEPAXI@Z  00401850 f i LabAppDlg.obj
 0001:00000850       ??_ECLabAppDlg@@UAEPAXI@Z  00401850 f i LabAppDlg.obj
 0001:00000880       ??0CRect@@QAE@XZ           00401880 f i LabAppDlg.obj
 0001:00000890       ?Width@CRect@@QBEHXZ       00401890 f i LabAppDlg.obj
 0001:000008b0       ?Height@CRect@@QBEHXZ      004018b0 f i LabAppDlg.obj
 0001:000008d0       ?AfxGetApp@@YGPAVCWinApp@@XZ 004018d0 f i LabAppDlg.obj
 0001:000008e0       ?GetSafeHdc@CDC@@QBEPAUHDC__@@XZ 004018e0 f i LabAppDlg.obj
 0001:00000910       ?DrawIcon@CDC@@QAEHHHPAUHICON__@@@Z 00401910 f i LabAppDlg.obj
 0001:00000940       ?AppendMenuA@CMenu@@QAEHIIPBD@Z 00401940 f i LabAppDlg.obj
 0001:00000970       ?SendMessageA@CWnd@@QBEJIIJ@Z 00401970 f i LabAppDlg.obj
 0001:000009a0       ?GetSystemMenu@CWnd@@QBEPAVCMenu@@H@Z 004019a0 f i LabAppDlg.obj
 0001:000009d0       ?IsIconic@CWnd@@QBEHXZ     004019d0 f i LabAppDlg.obj
 0001:000009f0       ?GetClientRect@CWnd@@QBEXPAUtagRECT@@@Z 004019f0 f i LabAppDlg.obj
 0001:00000a10       ?SetIcon@CWnd@@QAEPAUHICON__@@PAU2@H@Z 00401a10 f i LabAppDlg.obj
 0001:00000a40       ?OnSysCommand@CWnd@@IAEXIJ@Z 00401a40 f i LabAppDlg.obj
 0001:00000a60       ?DoDataExchange@CWnd@@MAEXPAVCDataExchange@@@Z 00401a60 f i LabAppDlg.obj
 0001:00000a70       ?BeginModalState@CWnd@@UAEXXZ 00401a70 f i LabAppDlg.obj
 0001:00000a90       ?EndModalState@CWnd@@UAEXXZ 00401a90 f i LabAppDlg.obj
 0001:00000ab0       ?Create@CDialog@@UAEHIPAVCWnd@@@Z 00401ab0 f i LabAppDlg.obj
 0001:00000ad0       ?LoadIconA@CWinApp@@QBEPAUHICON__@@I@Z 00401ad0 f i LabAppDlg.obj
 0001:00000b00       ?_AfxInitManaged@@YAHXZ    00401b00 f i StdAfx.obj
 0001:00000b10       ??0Thank_you@Define_the_symbol__ATL_MIXED@@QAE@XZ 00401b10 f i StdAfx.obj
 0001:00000b30       ?one@Thank_you@Define_the_symbol__ATL_MIXED@@UAEXXZ 00401b30 f i StdAfx.obj
 0001:00000b3c       ??3@YAXPAX@Z               00401b3c f   mfc90:mfc90.dll
 0001:00000b42       ?GetThisMessageMap@CWinApp@@KGPBUAFX_MSGMAP@@XZ 00401b42 f   mfc90:mfc90.dll
 0001:00000b48       ?OnHelp@CWinApp@@IAEXXZ    00401b48 f   mfc90:mfc90.dll
 0001:00000b4e       ??0CWinApp@@QAE@PBD@Z      00401b4e f   mfc90:mfc90.dll
 0001:00000b54       ?GetRuntimeClass@CWinApp@@UBEPAUCRuntimeClass@@XZ 00401b54 f   mfc90:mfc90.dll
 0001:00000b5a       ?OnCmdMsg@CCmdTarget@@UAEHIHPAXPAUAFX_CMDHANDLERINFO@@@Z 00401b5a f   mfc90:mfc90.dll
 0001:00000b60       ?OnFinalRelease@CCmdTarget@@UAEXXZ 00401b60 f   mfc90:mfc90.dll
 0001:00000b66       ?IsInvokeAllowed@CCmdTarget@@UAEHJ@Z 00401b66 f   mfc90:mfc90.dll
 0001:00000b6c       ?GetDispatchIID@CCmdTarget@@UAEHPAU_GUID@@@Z 00401b6c f   mfc90:mfc90.dll
 0001:00000b72       ?GetTypeInfoCount@CCmdTarget@@UAEIXZ 00401b72 f   mfc90:mfc90.dll
 0001:00000b78       ?GetTypeLibCache@CCmdTarget@@UAEPAVCTypeLibCache@@XZ 00401b78 f   mfc90:mfc90.dll
 0001:00000b7e       ?GetTypeLib@CCmdTarget@@UAEJKPAPAUITypeLib@@@Z 00401b7e f   mfc90:mfc90.dll
 0001:00000b84       ?GetCommandMap@CCmdTarget@@MBEPBUAFX_OLECMDMAP@@XZ 00401b84 f   mfc90:mfc90.dll
 0001:00000b8a       ?GetDispatchMap@CCmdTarget@@MBEPBUAFX_DISPMAP@@XZ 00401b8a f   mfc90:mfc90.dll
 0001:00000b90       ?GetConnectionMap@CCmdTarget@@MBEPBUAFX_CONNECTIONMAP@@XZ 00401b90 f   mfc90:mfc90.dll
 0001:00000b96       ?GetInterfaceMap@CCmdTarget@@MBEPBUAFX_INTERFACEMAP@@XZ 00401b96 f   mfc90:mfc90.dll
 0001:00000b9c       ?GetEventSinkMap@CCmdTarget@@MBEPBUAFX_EVENTSINKMAP@@XZ 00401b9c f   mfc90:mfc90.dll
 0001:00000ba2       ?OnCreateAggregates@CCmdTarget@@UAEHXZ 00401ba2 f   mfc90:mfc90.dll
 0001:00000ba8       ?GetInterfaceHook@CCmdTarget@@UAEPAUIUnknown@@PBX@Z 00401ba8 f   mfc90:mfc90.dll
 0001:00000bae       ?GetExtraConnectionPoints@CCmdTarget@@MAEHPAVCPtrArray@@@Z 00401bae f   mfc90:mfc90.dll
 0001:00000bb4       ?GetConnectionHook@CCmdTarget@@MAEPAUIConnectionPoint@@ABU_GUID@@@Z 00401bb4 f   mfc90:mfc90.dll
 0001:00000bba       ?Run@CWinApp@@UAEHXZ       00401bba f   mfc90:mfc90.dll
 0001:00000bc0       ?PreTranslateMessage@CWinThread@@UAEHPAUtagMSG@@@Z 00401bc0 f   mfc90:mfc90.dll
 0001:00000bc6       ?PumpMessage@CWinThread@@UAEHXZ 00401bc6 f   mfc90:mfc90.dll
 0001:00000bcc       ?OnIdle@CWinApp@@UAEHJ@Z   00401bcc f   mfc90:mfc90.dll
 0001:00000bd2       ?IsIdleMessage@CWinThread@@UAEHPAUtagMSG@@@Z 00401bd2 f   mfc90:mfc90.dll
 0001:00000bd8       ?ExitInstance@CWinApp@@UAEHXZ 00401bd8 f   mfc90:mfc90.dll
 0001:00000bde       ?ProcessWndProcException@CWinApp@@UAEJPAVCException@@PBUtagMSG@@@Z 00401bde f   mfc90:mfc90.dll
 0001:00000be4       ?ProcessMessageFilter@CWinThread@@UAEHHPAUtagMSG@@@Z 00401be4 f   mfc90:mfc90.dll
 0001:00000bea       ?GetMainWnd@CWinThread@@UAEPAVCWnd@@XZ 00401bea f   mfc90:mfc90.dll
 0001:00000bf0       ?Delete@CWinThread@@UAEXXZ 00401bf0 f   mfc90:mfc90.dll
 0001:00000bf6       ?InitLibId@CWinApp@@UAEXXZ 00401bf6 f   mfc90:mfc90.dll
 0001:00000bfc       ?Register@CWinApp@@UAEHXZ  00401bfc f   mfc90:mfc90.dll
 0001:00000c02       ?Unregister@CWinApp@@UAEHXZ 00401c02 f   mfc90:mfc90.dll
 0001:00000c08       ?OpenDocumentFile@CWinApp@@UAEPAVCDocument@@PBD@Z 00401c08 f   mfc90:mfc90.dll
 0001:00000c0e       ?AddToRecentFileList@CWinApp@@UAEXPBD@Z 00401c0e f   mfc90:mfc90.dll
 0001:00000c14       ?InitApplication@CWinApp@@UAEHXZ 00401c14 f   mfc90:mfc90.dll
 0001:00000c1a       ?SaveAllModified@CWinApp@@UAEHXZ 00401c1a f   mfc90:mfc90.dll
 0001:00000c20       ?DoMessageBox@CWinApp@@UAEHPBDII@Z 00401c20 f   mfc90:mfc90.dll
 0001:00000c26       ?DoWaitCursor@CWinApp@@UAEXH@Z 00401c26 f   mfc90:mfc90.dll
 0001:00000c2c       ?OnDDECommand@CWinApp@@UAEHPAD@Z 00401c2c f   mfc90:mfc90.dll
 0001:00000c32       ?WinHelpA@CWinApp@@UAEXKI@Z 00401c32 f   mfc90:mfc90.dll
 0001:00000c38       ?HtmlHelpA@CWinApp@@UAEXKI@Z 00401c38 f   mfc90:mfc90.dll
 0001:00000c3e       ?WinHelpInternal@CWinApp@@UAEXKI@Z 00401c3e f   mfc90:mfc90.dll
 0001:00000c44       ?LoadAppLangResourceDLL@CWinApp@@UAEPAUHINSTANCE__@@XZ 00401c44 f   mfc90:mfc90.dll
 0001:00000c4a       ?LoadSysPolicies@CWinApp@@UAEHXZ 00401c4a f   mfc90:mfc90.dll
 0001:00000c50       ??1CWinApp@@UAE@XZ         00401c50 f   mfc90:mfc90.dll
 0001:00000c56       ?DoModal@CDialog@@UAEHXZ   00401c56 f   mfc90:mfc90.dll
 0001:00000c5c       ?AfxEnableControlContainer@@YAXPAVCOccManager@@@Z 00401c5c f   mfc90:mfc90.dll
 0001:00000c62       ??1CDialog@@UAE@XZ         00401c62 f   mfc90:mfc90.dll
 0001:00000c68       ??0CDialog@@QAE@IPAVCWnd@@@Z 00401c68 f   mfc90:mfc90.dll
 0001:00000c6e       ?GetRuntimeClass@CDialog@@UBEPAUCRuntimeClass@@XZ 00401c6e f   mfc90:mfc90.dll
 0001:00000c74       ?OnCmdMsg@CDialog@@UAEHIHPAXPAUAFX_CMDHANDLERINFO@@@Z 00401c74 f   mfc90:mfc90.dll
 0001:00000c7a       ?OnFinalRelease@CWnd@@UAEXXZ 00401c7a f   mfc90:mfc90.dll
 0001:00000c80       ?GetInterfaceMap@CWnd@@MBEPBUAFX_INTERFACEMAP@@XZ 00401c80 f   mfc90:mfc90.dll
 0001:00000c86       ?PreSubclassWindow@CWnd@@UAEXXZ 00401c86 f   mfc90:mfc90.dll
 0001:00000c8c       ?Create@CWnd@@UAEHPBD0KABUtagRECT@@PAV1@IPAUCCreateContext@@@Z 00401c8c f   mfc90:mfc90.dll
 0001:00000c92       ?CreateEx@CWnd@@UAEHKPBD0KABUtagRECT@@PAV1@IPAX@Z 00401c92 f   mfc90:mfc90.dll
 0001:00000c98       ?CreateEx@CWnd@@UAEHKPBD0KHHHHPAUHWND__@@PAUHMENU__@@PAX@Z 00401c98 f   mfc90:mfc90.dll
 0001:00000c9e       ?DestroyWindow@CWnd@@UAEHXZ 00401c9e f   mfc90:mfc90.dll
 0001:00000ca4       ?PreCreateWindow@CWnd@@UAEHAAUtagCREATESTRUCTA@@@Z 00401ca4 f   mfc90:mfc90.dll
 0001:00000caa       ?CalcWindowRect@CWnd@@UAEXPAUtagRECT@@I@Z 00401caa f   mfc90:mfc90.dll
 0001:00000cb0       ?GetMenu@CWnd@@UBEPAVCMenu@@XZ 00401cb0 f   mfc90:mfc90.dll
 0001:00000cb6       ?SetMenu@CWnd@@UAEHPAVCMenu@@@Z 00401cb6 f   mfc90:mfc90.dll
 0001:00000cbc       ?OnToolHitTest@CWnd@@UBEHVCPoint@@PAUtagTOOLINFOA@@@Z 00401cbc f   mfc90:mfc90.dll
 0001:00000cc2       ?GetScrollBarCtrl@CWnd@@UBEPAVCScrollBar@@H@Z 00401cc2 f   mfc90:mfc90.dll
 0001:00000cc8       ?WinHelpA@CWnd@@UAEXKI@Z   00401cc8 f   mfc90:mfc90.dll
 0001:00000cce       ?HtmlHelpA@CWnd@@UAEXKI@Z  00401cce f   mfc90:mfc90.dll
 0001:00000cd4       ?WinHelpInternal@CWnd@@UAEXKI@Z 00401cd4 f   mfc90:mfc90.dll
 0001:00000cda       ?ContinueModal@CWnd@@UAEHXZ 00401cda f   mfc90:mfc90.dll
 0001:00000ce0       ?EndModalLoop@CWnd@@UAEXH@Z 00401ce0 f   mfc90:mfc90.dll
 0001:00000ce6       ?EnsureStdObj@CWnd@@UAEJXZ 00401ce6 f   mfc90:mfc90.dll
 0001:00000cec       ?get_accParent@CWnd@@UAEJPAPAUIDispatch@@@Z 00401cec f   mfc90:mfc90.dll
 0001:00000cf2       ?get_accChildCount@CWnd@@UAEJPAJ@Z 00401cf2 f   mfc90:mfc90.dll
 0001:00000cf8       ?get_accChild@CWnd@@UAEJUtagVARIANT@@PAPAUIDispatch@@@Z 00401cf8 f   mfc90:mfc90.dll
 0001:00000cfe       ?get_accName@CWnd@@UAEJUtagVARIANT@@PAPA_W@Z 00401cfe f   mfc90:mfc90.dll
 0001:00000d04       ?get_accValue@CWnd@@UAEJUtagVARIANT@@PAPA_W@Z 00401d04 f   mfc90:mfc90.dll
 0001:00000d0a       ?get_accDescription@CWnd@@UAEJUtagVARIANT@@PAPA_W@Z 00401d0a f   mfc90:mfc90.dll
 0001:00000d10       ?get_accRole@CWnd@@UAEJUtagVARIANT@@PAU2@@Z 00401d10 f   mfc90:mfc90.dll
 0001:00000d16       ?get_accState@CWnd@@UAEJUtagVARIANT@@PAU2@@Z 00401d16 f   mfc90:mfc90.dll
 0001:00000d1c       ?get_accHelp@CWnd@@UAEJUtagVARIANT@@PAPA_W@Z 00401d1c f   mfc90:mfc90.dll
 0001:00000d22       ?get_accHelpTopic@CWnd@@UAEJPAPA_WUtagVARIANT@@PAJ@Z 00401d22 f   mfc90:mfc90.dll
 0001:00000d28       ?get_accKeyboardShortcut@CWnd@@UAEJUtagVARIANT@@PAPA_W@Z 00401d28 f   mfc90:mfc90.dll
 0001:00000d2e       ?get_accFocus@CWnd@@UAEJPAUtagVARIANT@@@Z 00401d2e f   mfc90:mfc90.dll
 0001:00000d34       ?get_accSelection@CWnd@@UAEJPAUtagVARIANT@@@Z 00401d34 f   mfc90:mfc90.dll
 0001:00000d3a       ?get_accDefaultAction@CWnd@@UAEJUtagVARIANT@@PAPA_W@Z 00401d3a f   mfc90:mfc90.dll
 0001:00000d40       ?accSelect@CWnd@@UAEJJUtagVARIANT@@@Z 00401d40 f   mfc90:mfc90.dll
 0001:00000d46       ?accLocation@CWnd@@UAEJPAJ000UtagVARIANT@@@Z 00401d46 f   mfc90:mfc90.dll
 0001:00000d4c       ?accNavigate@CWnd@@UAEJJUtagVARIANT@@PAU2@@Z 00401d4c f   mfc90:mfc90.dll
 0001:00000d52       ?accHitTest@CWnd@@UAEJJJPAUtagVARIANT@@@Z 00401d52 f   mfc90:mfc90.dll
 0001:00000d58       ?accDoDefaultAction@CWnd@@UAEJUtagVARIANT@@@Z 00401d58 f   mfc90:mfc90.dll
 0001:00000d5e       ?put_accName@CWnd@@UAEJUtagVARIANT@@PA_W@Z 00401d5e f   mfc90:mfc90.dll
 0001:00000d64       ?put_accValue@CWnd@@UAEJUtagVARIANT@@PA_W@Z 00401d64 f   mfc90:mfc90.dll
 0001:00000d6a       ?SetProxy@CWnd@@UAEJPAUIAccessibleProxy@@@Z 00401d6a f   mfc90:mfc90.dll
 0001:00000d70       ?CreateAccessibleProxy@CWnd@@UAEJIJPAJ@Z 00401d70 f   mfc90:mfc90.dll
 0001:00000d76       ?OnCommand@CWnd@@MAEHIJ@Z  00401d76 f   mfc90:mfc90.dll
 0001:00000d7c       ?OnNotify@CWnd@@MAEHIJPAJ@Z 00401d7c f   mfc90:mfc90.dll
 0001:00000d82       ?GetSuperWndProcAddr@CWnd@@MAEPAP6GJPAUHWND__@@IIJ@ZXZ 00401d82 f   mfc90:mfc90.dll
 0001:00000d88       ?PreTranslateMessage@CDialog@@UAEHPAUtagMSG@@@Z 00401d88 f   mfc90:mfc90.dll
 0001:00000d8e       ?OnAmbientProperty@CWnd@@UAEHPAVCOleControlSite@@JPAUtagVARIANT@@@Z 00401d8e f   mfc90:mfc90.dll
 0001:00000d94       ?WindowProc@CWnd@@MAEJIIJ@Z 00401d94 f   mfc90:mfc90.dll
 0001:00000d9a       ?OnWndMsg@CWnd@@MAEHIIJPAJ@Z 00401d9a f   mfc90:mfc90.dll
 0001:00000da0       ?DefWindowProcA@CWnd@@MAEJIIJ@Z 00401da0 f   mfc90:mfc90.dll
 0001:00000da6       ?PostNcDestroy@CWnd@@MAEXXZ 00401da6 f   mfc90:mfc90.dll
 0001:00000dac       ?OnChildNotify@CWnd@@MAEHIIJPAJ@Z 00401dac f   mfc90:mfc90.dll
 0001:00000db2       ?CheckAutoCenter@CDialog@@UAEHXZ 00401db2 f   mfc90:mfc90.dll
 0001:00000db8       ?IsFrameWnd@CWnd@@UBEHXZ   00401db8 f   mfc90:mfc90.dll
 0001:00000dbe       ?CreateControlContainer@CWnd@@MAEHPAPAVCOleControlContainer@@@Z 00401dbe f   mfc90:mfc90.dll
 0001:00000dc4       ?CreateControlSite@CWnd@@MAEHPAVCOleControlContainer@@PAPAVCOleControlSite@@IABU_GUID@@@Z 00401dc4 f   mfc90:mfc90.dll
 0001:00000dca       ?SetOccDialogInfo@CDialog@@MAEHPAU_AFX_OCC_DIALOG_INFO@@@Z 00401dca f   mfc90:mfc90.dll
 0001:00000dd0       ?GetOccDialogInfo@CDialog@@MAEPAU_AFX_OCC_DIALOG_INFO@@XZ 00401dd0 f   mfc90:mfc90.dll
 0001:00000dd6       ?Create@CDialog@@UAEHPBDPAVCWnd@@@Z 00401dd6 f   mfc90:mfc90.dll
 0001:00000ddc       ?CreateIndirect@CDialog@@UAEHPAXPAVCWnd@@@Z 00401ddc f   mfc90:mfc90.dll
 0001:00000de2       ?CreateIndirect@CDialog@@UAEHPBUDLGTEMPLATE@@PAVCWnd@@PAX@Z 00401de2 f   mfc90:mfc90.dll
 0001:00000de8       ?OnInitDialog@CDialog@@UAEHXZ 00401de8 f   mfc90:mfc90.dll
 0001:00000dee       ?OnSetFont@CDialog@@UAEXPAVCFont@@@Z 00401dee f   mfc90:mfc90.dll
 0001:00000df4       ?OnOK@CDialog@@MAEXXZ      00401df4 f   mfc90:mfc90.dll
 0001:00000dfa       ?OnCancel@CDialog@@MAEXXZ  00401dfa f   mfc90:mfc90.dll
 0001:00000e00       ?PreInitDialog@CDialog@@MAEXXZ 00401e00 f   mfc90:mfc90.dll
 0001:00000e06       ?GetThisMessageMap@CDialog@@KGPBUAFX_MSGMAP@@XZ 00401e06 f   mfc90:mfc90.dll
 0001:00000e0c       ??1?$CStringT@DV?$StrTraitMFC_DLL@DV?$ChTraitsCRT@D@ATL@@@@@ATL@@QAE@XZ 00401e0c f   mfc90:mfc90.dll
 0001:00000e12       ??B?$CSimpleStringT@D$00@ATL@@QBEPBDXZ 00401e12 f   mfc90:mfc90.dll
 0001:00000e18       ?IsEmpty@?$CSimpleStringT@D$00@ATL@@QBE_NXZ 00401e18 f   mfc90:mfc90.dll
 0001:00000e1e       ?LoadStringA@?$CStringT@DV?$StrTraitMFC_DLL@DV?$ChTraitsCRT@D@ATL@@@@@ATL@@QAEHI@Z 00401e1e f   mfc90:mfc90.dll
 0001:00000e24       ??0?$CStringT@DV?$StrTraitMFC_DLL@DV?$ChTraitsCRT@D@ATL@@@@@ATL@@QAE@XZ 00401e24 f   mfc90:mfc90.dll
 0001:00000e2a       ?OnPaint@CDialog@@IAEXXZ   00401e2a f   mfc90:mfc90.dll
 0001:00000e30       ??1CPaintDC@@UAE@XZ        00401e30 f   mfc90:mfc90.dll
 0001:00000e36       ??0CPaintDC@@QAE@PAVCWnd@@@Z 00401e36 f   mfc90:mfc90.dll
 0001:00000e3c       ?AfxGetModuleState@@YGPAVAFX_MODULE_STATE@@XZ 00401e3c f   mfc90:mfc90.dll
 0001:00000e42       ?FromHandle@CMenu@@SGPAV1@PAUHMENU__@@@Z 00401e42 f   mfc90:mfc90.dll
 0001:00000e48       ?Default@CWnd@@IAEJXZ      00401e48 f   mfc90:mfc90.dll
 0001:00000e4e       ?AfxFindResourceHandle@@YGPAUHINSTANCE__@@PBD0@Z 00401e4e f   mfc90:mfc90.dll
 0001:00000e54       ??1CComBSTR@ATL@@QAE@XZ    00401e54 f i mfcs90:nolib.obj
 0001:00000e5d       ??1stringdispid@CComTypeInfoHolder@ATL@@QAE@XZ 00401e5d f i mfcs90:nolib.obj
 0001:00000e66       ??_Estringdispid@CComTypeInfoHolder@ATL@@QAEPAXI@Z 00401e66 f i mfcs90:nolib.obj
 0001:00000eb5       ??0type_info@@AAE@ABV0@@Z  00401eb5 f   msvcrt:ti_inst.obj
 0001:00000ec0       ??_Etype_info@@UAEPAXI@Z   00401ec0 f i msvcrt:ti_inst.obj
 0001:00000f0c       ??4type_info@@AAEAAV0@ABV0@@Z 00401f0c f   msvcrt:ti_inst.obj
 0001:00000f12       ___CxxFrameHandler3        00401f12 f   msvcrt:MSVCR90.dll
 0001:00000f18       @__security_check_cookie@4 00401f18 f   msvcrt:secchk.obj
 0001:00000f27       __onexit                   00401f27 f   msvcrt:atonexit.obj
 0001:00000fcc       _atexit                    00401fcc f   msvcrt:atonexit.obj
 0001:00000fe4       _strcpy                    00401fe4 f   msvcrt:MSVCR90.dll
 0001:00000fea       _free                      00401fea f   msvcrt:MSVCR90.dll
 0001:00000ff0       _malloc                    00401ff0 f   msvcrt:MSVCR90.dll
 0001:00000ff6       _rand                      00401ff6 f   msvcrt:MSVCR90.dll
 0001:00000ffc       _srand                     00401ffc f   msvcrt:MSVCR90.dll
 0001:00001002       __time64                   00402002 f   msvcrt:MSVCR90.dll
 0001:00001008       _NtCurrentTeb              00402008 f i msvcrt:crtexew.obj
 0001:00001379       _WinMainCRTStartup         00402379 f   msvcrt:crtexew.obj
 0001:00001395       ?__ArrayUnwind@@YGXPAXIHP6EX0@Z@Z 00402395 f   msvcrt:ehvecdtr.obj
 0001:000013f3       ??_M@YGXPAXIHP6EX0@Z@Z     004023f3 f   msvcrt:ehvecdtr.obj
 0001:00001456       ___report_gsfailure        00402456 f   msvcrt:gs_report.obj
 0001:0000155c       __unlock                   0040255c f   msvcrt:MSVCR90.dll
 0001:00001562       ___dllonexit               00402562 f   msvcrt:MSVCR90.dll
 0001:00001568       __encode_pointer           00402568 f   msvcrt:MSVCR90.dll
 0001:0000156e       __lock                     0040256e f   msvcrt:MSVCR90.dll
 0001:00001574       __decode_pointer           00402574 f   msvcrt:MSVCR90.dll
 0001:0000157c       __SEH_prolog4              0040257c f   msvcrt:sehprolg4.obj
 0001:000015c1       __SEH_epilog4              004025c1 f   msvcrt:sehprolg4.obj
 0001:000015d5       __except_handler4          004025d5 f   msvcrt:chandler4gs.obj
 0001:000015fa       ?__CxxUnhandledExceptionFilter@@YGJPAU_EXCEPTION_POINTERS@@@Z 004025fa f   msvcrt:unhandld.obj
 0001:0000163c       ___CxxSetUnhandledExceptionFilter 0040263c f   msvcrt:unhandld.obj
 0001:0000164a       __amsg_exit                0040264a f   msvcrt:MSVCR90.dll
 0001:00001650       ___getmainargs             00402650 f   msvcrt:MSVCR90.dll
 0001:00001656       __RTC_Initialize           00402656 f   msvcrt:_initsect_.obj
 0001:0000167c       __RTC_Terminate            0040267c f   msvcrt:_initsect_.obj
 0001:000016a2       __cexit                    004026a2 f   msvcrt:MSVCR90.dll
 0001:000016a8       __exit                     004026a8 f   msvcrt:MSVCR90.dll
 0001:000016ae       __XcptFilter               004026ae f   msvcrt:MSVCR90.dll
 0001:000016b4       __ismbblead                004026b4 f   msvcrt:MSVCR90.dll
 0001:000016ba       _exit                      004026ba f   msvcrt:MSVCR90.dll
 0001:000016c0       __ValidateImageBase        004026c0 f   msvcrt:pesect.obj
 0001:00001700       __FindPESection            00402700 f   msvcrt:pesect.obj
 0001:00001750       __IsNonwritableInCurrentImage 00402750 f   msvcrt:pesect.obj
 0001:0000180e       __initterm                 0040280e f   msvcrt:MSVCR90.dll
 0001:00001814       __initterm_e               00402814 f   msvcrt:MSVCR90.dll
 0001:0000181a       __configthreadlocale       0040281a f   msvcrt:MSVCR90.dll
 0001:00001820       __invoke_watson_if_error   00402820 f i msvcrt:fp8.obj
 0001:00001844       __setdefaultprecision      00402844 f   msvcrt:fp8.obj
 0001:00001870       ___setusermatherr          00402870 f   msvcrt:MSVCR90.dll
 0001:00001876       __matherr                  00402876 f   msvcrt:merr.obj
 0001:00001879       __setargv                  00402879 f   msvcrt:dllargv.obj
 0001:0000187c       ___p__commode              0040287c f   msvcrt:MSVCR90.dll
 0001:00001882       ___p__fmode                00402882 f   msvcrt:MSVCR90.dll
 0001:00001888       ___set_app_type            00402888 f   msvcrt:MSVCR90.dll
 0001:0000188e       ___security_init_cookie    0040288e f   msvcrt:gs_support.obj
 0001:00001924       ?terminate@@YAXXZ          00402924 f   msvcrt:MSVCR90.dll
 0001:0000192a       ?_type_info_dtor_internal_method@type_info@@QAEXXZ 0040292a f   msvcrt:MSVCR90.dll
 0001:0000192a       ??1type_info@@UAE@XZ       0040292a f   msvcrt:MSVCR90.dll
 0001:00001930       __crt_debugger_hook        00402930 f   msvcrt:MSVCR90.dll
 0001:00001936       __except_handler4_common   00402936 f   msvcrt:MSVCR90.dll
 0001:0000193c       __invoke_watson            0040293c f   msvcrt:MSVCR90.dll
 0001:00001942       __controlfp_s              00402942 f   msvcrt:MSVCR90.dll
 0001:00001948       _Sleep@4                   00402948 f   kernel32:KERNEL32.dll
 0001:0000194e       _CloseHandle@4             0040294e f   kernel32:KERNEL32.dll
 0001:00001954       _CreateThread@24           00402954 f   kernel32:KERNEL32.dll
 0001:0000195a       _InterlockedExchange@8     0040295a f   kernel32:KERNEL32.dll
 0001:00001960       _InterlockedCompareExchange@12 00402960 f   kernel32:KERNEL32.dll
 0001:00001966       _GetStartupInfoA@4         00402966 f   kernel32:KERNEL32.dll
 0001:0000196c       _TerminateProcess@8        0040296c f   kernel32:KERNEL32.dll
 0001:00001972       _GetCurrentProcess@0       00402972 f   kernel32:KERNEL32.dll
 0001:00001978       _UnhandledExceptionFilter@4 00402978 f   kernel32:KERNEL32.dll
 0001:0000197e       _SetUnhandledExceptionFilter@4 0040297e f   kernel32:KERNEL32.dll
 0001:00001984       _IsDebuggerPresent@0       00402984 f   kernel32:KERNEL32.dll
 0001:0000198a       _QueryPerformanceCounter@4 0040298a f   kernel32:KERNEL32.dll
 0001:00001990       _GetTickCount@0            00402990 f   kernel32:KERNEL32.dll
 0001:00001996       _GetCurrentThreadId@0      00402996 f   kernel32:KERNEL32.dll
 0001:0000199c       _GetCurrentProcessId@0     0040299c f   kernel32:KERNEL32.dll
 0001:000019a2       _GetSystemTimeAsFileTime@4 004029a2 f   kernel32:KERNEL32.dll
 0001:000019a8       _GetSystemMetrics@4        004029a8 f   user32:USER32.dll
 0001:000019ae       _DrawIcon@16               004029ae f   user32:USER32.dll
 0001:000019b4       _AppendMenuA@16            004029b4 f   user32:USER32.dll
 0001:000019ba       _SendMessageA@16           004029ba f   user32:USER32.dll
 0001:000019c0       _GetSystemMenu@8           004029c0 f   user32:USER32.dll
 0001:000019c6       _IsIconic@4                004029c6 f   user32:USER32.dll
 0001:000019cc       _GetClientRect@8           004029cc f   user32:USER32.dll
 0001:000019d2       _EnableWindow@8            004029d2 f   user32:USER32.dll
 0001:000019d8       _LoadIconA@8               004029d8 f   user32:USER32.dll
 0001:000019de       _SysFreeString@4           004029de f   oleaut32:OLEAUT32.dll
 0001:000019e4       _WinMain@16                004029e4 f   mfcs90:appmodul.obj
 0001:000019ef       ?AfxInitialize@@YGHHK@Z    004029ef f   mfcs90:appmodul.obj
 0001:00001a1a       __setmbcp                  00402a1a f   msvcrt:MSVCR90.dll
 0001:00001a20       ?AfxWinMain@@YGHPAUHINSTANCE__@@0PADH@Z 00402a20 f   mfc90:mfc90.dll
 0002:00000000       __imp__SetUnhandledExceptionFilter@4 00403000     kernel32:KERNEL32.dll
 0002:00000004       __imp__CloseHandle@4       00403004     kernel32:KERNEL32.dll
 0002:00000008       __imp__GetSystemTimeAsFileTime@4 00403008     kernel32:KERNEL32.dll
 0002:0000000c       __imp__GetCurrentProcessId@0 0040300c     kernel32:KERNEL32.dll
 0002:00000010       __imp__GetCurrentThreadId@0 00403010     kernel32:KERNEL32.dll
 0002:00000014       __imp__GetTickCount@0      00403014     kernel32:KERNEL32.dll
 0002:00000018       __imp__QueryPerformanceCounter@4 00403018     kernel32:KERNEL32.dll
 0002:0000001c       __imp__IsDebuggerPresent@0 0040301c     kernel32:KERNEL32.dll
 0002:00000020       __imp__Sleep@4             00403020     kernel32:KERNEL32.dll
 0002:00000024       __imp__UnhandledExceptionFilter@4 00403024     kernel32:KERNEL32.dll
 0002:00000028       __imp__GetCurrentProcess@0 00403028     kernel32:KERNEL32.dll
 0002:0000002c       __imp__TerminateProcess@8  0040302c     kernel32:KERNEL32.dll
 0002:00000030       __imp__GetStartupInfoA@4   00403030     kernel32:KERNEL32.dll
 0002:00000034       __imp__InterlockedCompareExchange@12 00403034     kernel32:KERNEL32.dll
 0002:00000038       __imp__InterlockedExchange@8 00403038     kernel32:KERNEL32.dll
 0002:0000003c       __imp__CreateThread@24     0040303c     kernel32:KERNEL32.dll
 0002:00000040       \177KERNEL32_NULL_THUNK_DATA 00403040     kernel32:KERNEL32.dll
 0002:00000044       __imp___setmbcp            00403044     msvcrt:MSVCR90.dll
 0002:00000048       __imp__strcpy              00403048     msvcrt:MSVCR90.dll
 0002:0000004c       __imp___controlfp_s        0040304c     msvcrt:MSVCR90.dll
 0002:00000050       __imp___invoke_watson      00403050     msvcrt:MSVCR90.dll
 0002:00000054       __imp___except_handler4_common 00403054     msvcrt:MSVCR90.dll
 0002:00000058       __imp___crt_debugger_hook  00403058     msvcrt:MSVCR90.dll
 0002:0000005c       __imp_?_type_info_dtor_internal_method@type_info@@QAEXXZ 0040305c     msvcrt:MSVCR90.dll
 0002:00000060       __imp_?terminate@@YAXXZ    00403060     msvcrt:MSVCR90.dll
 0002:00000064       __imp____set_app_type      00403064     msvcrt:MSVCR90.dll
 0002:00000068       __imp____p__fmode          00403068     msvcrt:MSVCR90.dll
 0002:0000006c       __imp____p__commode        0040306c     msvcrt:MSVCR90.dll
 0002:00000070       __imp___adjust_fdiv        00403070     msvcrt:MSVCR90.dll
 0002:00000074       __imp____setusermatherr    00403074     msvcrt:MSVCR90.dll
 0002:00000078       __imp___configthreadlocale 00403078     msvcrt:MSVCR90.dll
 0002:0000007c       __imp___initterm_e         0040307c     msvcrt:MSVCR90.dll
 0002:00000080       __imp___initterm           00403080     msvcrt:MSVCR90.dll
 0002:00000084       __imp___acmdln             00403084     msvcrt:MSVCR90.dll
 0002:00000088       __imp__exit                00403088     msvcrt:MSVCR90.dll
 0002:0000008c       __imp___ismbblead          0040308c     msvcrt:MSVCR90.dll
 0002:00000090       __imp___XcptFilter         00403090     msvcrt:MSVCR90.dll
 0002:00000094       __imp___exit               00403094     msvcrt:MSVCR90.dll
 0002:00000098       __imp___cexit              00403098     msvcrt:MSVCR90.dll
 0002:0000009c       __imp____getmainargs       0040309c     msvcrt:MSVCR90.dll
 0002:000000a0       __imp___amsg_exit          004030a0     msvcrt:MSVCR90.dll
 0002:000000a4       __imp___decode_pointer     004030a4     msvcrt:MSVCR90.dll
 0002:000000a8       __imp___onexit             004030a8     msvcrt:MSVCR90.dll
 0002:000000ac       __imp___lock               004030ac     msvcrt:MSVCR90.dll
 0002:000000b0       __imp___encode_pointer     004030b0     msvcrt:MSVCR90.dll
 0002:000000b4       __imp____dllonexit         004030b4     msvcrt:MSVCR90.dll
 0002:000000b8       __imp___unlock             004030b8     msvcrt:MSVCR90.dll
 0002:000000bc       __imp___time64             004030bc     msvcrt:MSVCR90.dll
 0002:000000c0       __imp__srand               004030c0     msvcrt:MSVCR90.dll
 0002:000000c4       __imp__rand                004030c4     msvcrt:MSVCR90.dll
 0002:000000c8       __imp__malloc              004030c8     msvcrt:MSVCR90.dll
 0002:000000cc       __imp__free                004030cc     msvcrt:MSVCR90.dll
 0002:000000d0       __imp____CxxFrameHandler3  004030d0     msvcrt:MSVCR90.dll
 0002:000000d4       \177MSVCR90_NULL_THUNK_DATA 004030d4     msvcrt:MSVCR90.dll
 0002:000000d8       __imp__SysFreeString@4     004030d8     oleaut32:OLEAUT32.dll
 0002:000000dc       \177OLEAUT32_NULL_THUNK_DATA 004030dc     oleaut32:OLEAUT32.dll
 0002:000000e0       __imp__EnableWindow@8      004030e0     user32:USER32.dll
 0002:000000e4       __imp__GetClientRect@8     004030e4     user32:USER32.dll
 0002:000000e8       __imp__IsIconic@4          004030e8     user32:USER32.dll
 0002:000000ec       __imp__GetSystemMenu@8     004030ec     user32:USER32.dll
 0002:000000f0       __imp__SendMessageA@16     004030f0     user32:USER32.dll
 0002:000000f4       __imp__AppendMenuA@16      004030f4     user32:USER32.dll
 0002:000000f8       __imp__DrawIcon@16         004030f8     user32:USER32.dll
 0002:000000fc       __imp__GetSystemMetrics@4  004030fc     user32:USER32.dll
 0002:00000100       __imp__LoadIconA@8         00403100     user32:USER32.dll
 0002:00000104       \177USER32_NULL_THUNK_DATA 00403104     user32:USER32.dll
 0002:00000108       __imp_?WinHelpA@CWnd@@UAEXKI@Z 00403108     mfc90:mfc90.dll
 0002:0000010c       __imp_?HtmlHelpA@CWnd@@UAEXKI@Z 0040310c     mfc90:mfc90.dll
 0002:00000110       __imp_?WinHelpInternal@CWnd@@UAEXKI@Z 00403110     mfc90:mfc90.dll
 0002:00000114       __imp_?ContinueModal@CWnd@@UAEHXZ 00403114     mfc90:mfc90.dll
 0002:00000118       __imp_?EndModalLoop@CWnd@@UAEXH@Z 00403118     mfc90:mfc90.dll
 0002:0000011c       __imp_?EnsureStdObj@CWnd@@UAEJXZ 0040311c     mfc90:mfc90.dll
 0002:00000120       __imp_?get_accParent@CWnd@@UAEJPAPAUIDispatch@@@Z 00403120     mfc90:mfc90.dll
 0002:00000124       __imp_?get_accChildCount@CWnd@@UAEJPAJ@Z 00403124     mfc90:mfc90.dll
 0002:00000128       __imp_?get_accChild@CWnd@@UAEJUtagVARIANT@@PAPAUIDispatch@@@Z 00403128     mfc90:mfc90.dll
 0002:0000012c       __imp_?get_accName@CWnd@@UAEJUtagVARIANT@@PAPA_W@Z 0040312c     mfc90:mfc90.dll
 0002:00000130       __imp_?get_accValue@CWnd@@UAEJUtagVARIANT@@PAPA_W@Z 00403130     mfc90:mfc90.dll
 0002:00000134       __imp_?get_accDescription@CWnd@@UAEJUtagVARIANT@@PAPA_W@Z 00403134     mfc90:mfc90.dll
 0002:00000138       __imp_?get_accRole@CWnd@@UAEJUtagVARIANT@@PAU2@@Z 00403138     mfc90:mfc90.dll
 0002:0000013c       __imp_?get_accState@CWnd@@UAEJUtagVARIANT@@PAU2@@Z 0040313c     mfc90:mfc90.dll
 0002:00000140       __imp_?get_accHelp@CWnd@@UAEJUtagVARIANT@@PAPA_W@Z 00403140     mfc90:mfc90.dll
 0002:00000144       __imp_?get_accHelpTopic@CWnd@@UAEJPAPA_WUtagVARIANT@@PAJ@Z 00403144     mfc90:mfc90.dll
 0002:00000148       __imp_?get_accKeyboardShortcut@CWnd@@UAEJUtagVARIANT@@PAPA_W@Z 00403148     mfc90:mfc90.dll
 0002:0000014c       __imp_?get_accFocus@CWnd@@UAEJPAUtagVARIANT@@@Z 0040314c     mfc90:mfc90.dll
 0002:00000150       __imp_?get_accSelection@CWnd@@UAEJPAUtagVARIANT@@@Z 00403150     mfc90:mfc90.dll
 0002:00000154       __imp_?get_accDefaultAction@CWnd@@UAEJUtagVARIANT@@PAPA_W@Z 00403154     mfc90:mfc90.dll
 0002:00000158       __imp_?accSelect@CWnd@@UAEJJUtagVARIANT@@@Z 00403158     mfc90:mfc90.dll
 0002:0000015c       __imp_?accLocation@CWnd@@UAEJPAJ000UtagVARIANT@@@Z 0040315c     mfc90:mfc90.dll
 0002:00000160       __imp_?accNavigate@CWnd@@UAEJJUtagVARIANT@@PAU2@@Z 00403160     mfc90:mfc90.dll
 0002:00000164       __imp_?accHitTest@CWnd@@UAEJJJPAUtagVARIANT@@@Z 00403164     mfc90:mfc90.dll
 0002:00000168       __imp_?accDoDefaultAction@CWnd@@UAEJUtagVARIANT@@@Z 00403168     mfc90:mfc90.dll
 0002:0000016c       __imp_?put_accName@CWnd@@UAEJUtagVARIANT@@PA_W@Z 0040316c     mfc90:mfc90.dll
 0002:00000170       __imp_?put_accValue@CWnd@@UAEJUtagVARIANT@@PA_W@Z 00403170     mfc90:mfc90.dll
 0002:00000174       __imp_?SetProxy@CWnd@@UAEJPAUIAccessibleProxy@@@Z 00403174     mfc90:mfc90.dll
 0002:00000178       __imp_?CreateAccessibleProxy@CWnd@@UAEJIJPAJ@Z 00403178     mfc90:mfc90.dll
 0002:0000017c       __imp_?OnCommand@CWnd@@MAEHIJ@Z 0040317c     mfc90:mfc90.dll
 0002:00000180       __imp_?OnNotify@CWnd@@MAEHIJPAJ@Z 00403180     mfc90:mfc90.dll
 0002:00000184       __imp_?GetSuperWndProcAddr@CWnd@@MAEPAP6GJPAUHWND__@@IIJ@ZXZ 00403184     mfc90:mfc90.dll
 0002:00000188       __imp_?PreTranslateMessage@CDialog@@UAEHPAUtagMSG@@@Z 00403188     mfc90:mfc90.dll
 0002:0000018c       __imp_?PreSubclassWindow@CWnd@@UAEXXZ 0040318c     mfc90:mfc90.dll
 0002:00000190       __imp_?WindowProc@CWnd@@MAEJIIJ@Z 00403190     mfc90:mfc90.dll
 0002:00000194       __imp_?OnWndMsg@CWnd@@MAEHIIJPAJ@Z 00403194     mfc90:mfc90.dll
 0002:00000198       __imp_?DefWindowProcA@CWnd@@MAEJIIJ@Z 00403198     mfc90:mfc90.dll
 0002:0000019c       __imp_?PostNcDestroy@CWnd@@MAEXXZ 0040319c     mfc90:mfc90.dll
 0002:000001a0       __imp_?OnChildNotify@CWnd@@MAEHIIJPAJ@Z 004031a0     mfc90:mfc90.dll
 0002:000001a4       __imp_?CheckAutoCenter@CDialog@@UAEHXZ 004031a4     mfc90:mfc90.dll
 0002:000001a8       __imp_?IsFrameWnd@CWnd@@UBEHXZ 004031a8     mfc90:mfc90.dll
 0002:000001ac       __imp_?CreateControlContainer@CWnd@@MAEHPAPAVCOleControlContainer@@@Z 004031ac     mfc90:mfc90.dll
 0002:000001b0       __imp_?CreateControlSite@CWnd@@MAEHPAVCOleControlContainer@@PAPAVCOleControlSite@@IABU_GUID@@@Z 004031b0     mfc90:mfc90.dll
 0002:000001b4       __imp_?SetOccDialogInfo@CDialog@@MAEHPAU_AFX_OCC_DIALOG_INFO@@@Z 004031b4     mfc90:mfc90.dll
 0002:000001b8       __imp_?GetOccDialogInfo@CDialog@@MAEPAU_AFX_OCC_DIALOG_INFO@@XZ 004031b8     mfc90:mfc90.dll
 0002:000001bc       __imp_?Create@CDialog@@UAEHPBDPAVCWnd@@@Z 004031bc     mfc90:mfc90.dll
 0002:000001c0       __imp_?CreateIndirect@CDialog@@UAEHPAXPAVCWnd@@@Z 004031c0     mfc90:mfc90.dll
 0002:000001c4       __imp_?CreateIndirect@CDialog@@UAEHPBUDLGTEMPLATE@@PAVCWnd@@PAX@Z 004031c4     mfc90:mfc90.dll
 0002:000001c8       __imp_?OnInitDialog@CDialog@@UAEHXZ 004031c8     mfc90:mfc90.dll
 0002:000001cc       __imp_?OnSetFont@CDialog@@UAEXPAVCFont@@@Z 004031cc     mfc90:mfc90.dll
 0002:000001d0       __imp_?OnOK@CDialog@@MAEXXZ 004031d0     mfc90:mfc90.dll
 0002:000001d4       __imp_?OnCancel@CDialog@@MAEXXZ 004031d4     mfc90:mfc90.dll
 0002:000001d8       __imp_?PreInitDialog@CDialog@@MAEXXZ 004031d8     mfc90:mfc90.dll
 0002:000001dc       __imp_?GetThisMessageMap@CDialog@@KGPBUAFX_MSGMAP@@XZ 004031dc     mfc90:mfc90.dll
 0002:000001e0       __imp_??1?$CStringT@DV?$StrTraitMFC_DLL@DV?$ChTraitsCRT@D@ATL@@@@@ATL@@QAE@XZ 004031e0     mfc90:mfc90.dll
 0002:000001e4       __imp_??B?$CSimpleStringT@D$00@ATL@@QBEPBDXZ 004031e4     mfc90:mfc90.dll
 0002:000001e8       __imp_?IsEmpty@?$CSimpleStringT@D$00@ATL@@QBE_NXZ 004031e8     mfc90:mfc90.dll
 0002:000001ec       __imp_?LoadStringA@?$CStringT@DV?$StrTraitMFC_DLL@DV?$ChTraitsCRT@D@ATL@@@@@ATL@@QAEHI@Z 004031ec     mfc90:mfc90.dll
 0002:000001f0       __imp_??0?$CStringT@DV?$StrTraitMFC_DLL@DV?$ChTraitsCRT@D@ATL@@@@@ATL@@QAE@XZ 004031f0     mfc90:mfc90.dll
 0002:000001f4       __imp_?GetScrollBarCtrl@CWnd@@UBEPAVCScrollBar@@H@Z 004031f4     mfc90:mfc90.dll
 0002:000001f8       __imp_??1CPaintDC@@UAE@XZ  004031f8     mfc90:mfc90.dll
 0002:000001fc       __imp_??0CPaintDC@@QAE@PAVCWnd@@@Z 004031fc     mfc90:mfc90.dll
 0002:00000200       __imp_?AfxGetModuleState@@YGPAVAFX_MODULE_STATE@@XZ 00403200     mfc90:mfc90.dll
 0002:00000204       __imp_?FromHandle@CMenu@@SGPAV1@PAUHMENU__@@@Z 00403204     mfc90:mfc90.dll
 0002:00000208       __imp_?Default@CWnd@@IAEJXZ 00403208     mfc90:mfc90.dll
 0002:0000020c       __imp_?AfxFindResourceHandle@@YGPAUHINSTANCE__@@PBD0@Z 0040320c     mfc90:mfc90.dll
 0002:00000210       __imp_?GetInterfaceMap@CWnd@@MBEPBUAFX_INTERFACEMAP@@XZ 00403210     mfc90:mfc90.dll
 0002:00000214       __imp_?OnFinalRelease@CWnd@@UAEXXZ 00403214     mfc90:mfc90.dll
 0002:00000218       __imp_?OnCmdMsg@CDialog@@UAEHIHPAXPAUAFX_CMDHANDLERINFO@@@Z 00403218     mfc90:mfc90.dll
 0002:0000021c       __imp_?GetRuntimeClass@CDialog@@UBEPAUCRuntimeClass@@XZ 0040321c     mfc90:mfc90.dll
 0002:00000220       __imp_??0CDialog@@QAE@IPAVCWnd@@@Z 00403220     mfc90:mfc90.dll
 0002:00000224       __imp_??1CDialog@@UAE@XZ   00403224     mfc90:mfc90.dll
 0002:00000228       __imp_?AfxEnableControlContainer@@YAXPAVCOccManager@@@Z 00403228     mfc90:mfc90.dll
 0002:0000022c       __imp_?DoModal@CDialog@@UAEHXZ 0040322c     mfc90:mfc90.dll
 0002:00000230       __imp_??1CWinApp@@UAE@XZ   00403230     mfc90:mfc90.dll
 0002:00000234       __imp_?LoadSysPolicies@CWinApp@@UAEHXZ 00403234     mfc90:mfc90.dll
 0002:00000238       __imp_?LoadAppLangResourceDLL@CWinApp@@UAEPAUHINSTANCE__@@XZ 00403238     mfc90:mfc90.dll
 0002:0000023c       __imp_?WinHelpInternal@CWinApp@@UAEXKI@Z 0040323c     mfc90:mfc90.dll
 0002:00000240       __imp_?HtmlHelpA@CWinApp@@UAEXKI@Z 00403240     mfc90:mfc90.dll
 0002:00000244       __imp_?WinHelpA@CWinApp@@UAEXKI@Z 00403244     mfc90:mfc90.dll
 0002:00000248       __imp_?OnDDECommand@CWinApp@@UAEHPAD@Z 00403248     mfc90:mfc90.dll
 0002:0000024c       __imp_?DoWaitCursor@CWinApp@@UAEXH@Z 0040324c     mfc90:mfc90.dll
 0002:00000250       __imp_?DoMessageBox@CWinApp@@UAEHPBDII@Z 00403250     mfc90:mfc90.dll
 0002:00000254       __imp_?SaveAllModified@CWinApp@@UAEHXZ 00403254     mfc90:mfc90.dll
 0002:00000258       __imp_?InitApplication@CWinApp@@UAEHXZ 00403258     mfc90:mfc90.dll
 0002:0000025c       __imp_?AddToRecentFileList@CWinApp@@UAEXPBD@Z 0040325c     mfc90:mfc90.dll
 0002:00000260       __imp_?OpenDocumentFile@CWinApp@@UAEPAVCDocument@@PBD@Z 00403260     mfc90:mfc90.dll
 0002:00000264       __imp_?Unregister@CWinApp@@UAEHXZ 00403264     mfc90:mfc90.dll
 0002:00000268       __imp_?Register@CWinApp@@UAEHXZ 00403268     mfc90:mfc90.dll
 0002:0000026c       __imp_?InitLibId@CWinApp@@UAEXXZ 0040326c     mfc90:mfc90.dll
 0002:00000270       __imp_?Delete@CWinThread@@UAEXXZ 00403270     mfc90:mfc90.dll
 0002:00000274       __imp_?GetMainWnd@CWinThread@@UAEPAVCWnd@@XZ 00403274     mfc90:mfc90.dll
 0002:00000278       __imp_?ProcessMessageFilter@CWinThread@@UAEHHPAUtagMSG@@@Z 00403278     mfc90:mfc90.dll
 0002:0000027c       __imp_?ProcessWndProcException@CWinApp@@UAEJPAVCException@@PBUtagMSG@@@Z 0040327c     mfc90:mfc90.dll
 0002:00000280       __imp_?ExitInstance@CWinApp@@UAEHXZ 00403280     mfc90:mfc90.dll
 0002:00000284       __imp_?IsIdleMessage@CWinThread@@UAEHPAUtagMSG@@@Z 00403284     mfc90:mfc90.dll
 0002:00000288       __imp_?OnIdle@CWinApp@@UAEHJ@Z 00403288     mfc90:mfc90.dll
 0002:0000028c       __imp_?PumpMessage@CWinThread@@UAEHXZ 0040328c     mfc90:mfc90.dll
 0002:00000290       __imp_?PreTranslateMessage@CWinThread@@UAEHPAUtagMSG@@@Z 00403290     mfc90:mfc90.dll
 0002:00000294       __imp_?Run@CWinApp@@UAEHXZ 00403294     mfc90:mfc90.dll
 0002:00000298       __imp_?GetConnectionHook@CCmdTarget@@MAEPAUIConnectionPoint@@ABU_GUID@@@Z 00403298     mfc90:mfc90.dll
 0002:0000029c       __imp_?GetExtraConnectionPoints@CCmdTarget@@MAEHPAVCPtrArray@@@Z 0040329c     mfc90:mfc90.dll
 0002:000002a0       __imp_?GetInterfaceHook@CCmdTarget@@UAEPAUIUnknown@@PBX@Z 004032a0     mfc90:mfc90.dll
 0002:000002a4       __imp_?OnCreateAggregates@CCmdTarget@@UAEHXZ 004032a4     mfc90:mfc90.dll
 0002:000002a8       __imp_?GetEventSinkMap@CCmdTarget@@MBEPBUAFX_EVENTSINKMAP@@XZ 004032a8     mfc90:mfc90.dll
 0002:000002ac       __imp_?GetInterfaceMap@CCmdTarget@@MBEPBUAFX_INTERFACEMAP@@XZ 004032ac     mfc90:mfc90.dll
 0002:000002b0       __imp_?GetConnectionMap@CCmdTarget@@MBEPBUAFX_CONNECTIONMAP@@XZ 004032b0     mfc90:mfc90.dll
 0002:000002b4       __imp_?GetDispatchMap@CCmdTarget@@MBEPBUAFX_DISPMAP@@XZ 004032b4     mfc90:mfc90.dll
 0002:000002b8       __imp_?GetCommandMap@CCmdTarget@@MBEPBUAFX_OLECMDMAP@@XZ 004032b8     mfc90:mfc90.dll
 0002:000002bc       __imp_?GetTypeLib@CCmdTarget@@UAEJKPAPAUITypeLib@@@Z 004032bc     mfc90:mfc90.dll
 0002:000002c0       __imp_?GetTypeLibCache@CCmdTarget@@UAEPAVCTypeLibCache@@XZ 004032c0     mfc90:mfc90.dll
 0002:000002c4       __imp_?GetTypeInfoCount@CCmdTarget@@UAEIXZ 004032c4     mfc90:mfc90.dll
 0002:000002c8       __imp_?GetDispatchIID@CCmdTarget@@UAEHPAU_GUID@@@Z 004032c8     mfc90:mfc90.dll
 0002:000002cc       __imp_?IsInvokeAllowed@CCmdTarget@@UAEHJ@Z 004032cc     mfc90:mfc90.dll
 0002:000002d0       __imp_?OnFinalRelease@CCmdTarget@@UAEXXZ 004032d0     mfc90:mfc90.dll
 0002:000002d4       __imp_?OnCmdMsg@CCmdTarget@@UAEHIHPAXPAUAFX_CMDHANDLERINFO@@@Z 004032d4     mfc90:mfc90.dll
 0002:000002d8       __imp_?GetRuntimeClass@CWinApp@@UBEPAUCRuntimeClass@@XZ 004032d8     mfc90:mfc90.dll
 0002:000002dc       __imp_??0CWinApp@@QAE@PBD@Z 004032dc     mfc90:mfc90.dll
 0002:000002e0       __imp_?OnHelp@CWinApp@@IAEXXZ 004032e0     mfc90:mfc90.dll
 0002:000002e4       __imp_?OnToolHitTest@CWnd@@UBEHVCPoint@@PAUtagTOOLINFOA@@@Z 004032e4     mfc90:mfc90.dll
 0002:000002e8       __imp_?SetMenu@CWnd@@UAEHPAVCMenu@@@Z 004032e8     mfc90:mfc90.dll
 0002:000002ec       __imp_?GetMenu@CWnd@@UBEPAVCMenu@@XZ 004032ec     mfc90:mfc90.dll
 0002:000002f0       __imp_?CalcWindowRect@CWnd@@UAEXPAUtagRECT@@I@Z 004032f0     mfc90:mfc90.dll
 0002:000002f4       __imp_?PreCreateWindow@CWnd@@UAEHAAUtagCREATESTRUCTA@@@Z 004032f4     mfc90:mfc90.dll
 0002:000002f8       __imp_?DestroyWindow@CWnd@@UAEHXZ 004032f8     mfc90:mfc90.dll
 0002:000002fc       __imp_?CreateEx@CWnd@@UAEHKPBD0KHHHHPAUHWND__@@PAUHMENU__@@PAX@Z 004032fc     mfc90:mfc90.dll
 0002:00000300       __imp_?CreateEx@CWnd@@UAEHKPBD0KABUtagRECT@@PAV1@IPAX@Z 00403300     mfc90:mfc90.dll
 0002:00000304       __imp_?OnPaint@CDialog@@IAEXXZ 00403304     mfc90:mfc90.dll
 0002:00000308       __imp_?Create@CWnd@@UAEHPBD0KABUtagRECT@@PAV1@IPAUCCreateContext@@@Z 00403308     mfc90:mfc90.dll
 0002:0000030c       __imp_?GetThisMessageMap@CWinApp@@KGPBUAFX_MSGMAP@@XZ 0040330c     mfc90:mfc90.dll
 0002:00000310       __imp_?OnAmbientProperty@CWnd@@UAEHPAVCOleControlSite@@JPAUtagVARIANT@@@Z 00403310     mfc90:mfc90.dll
 0002:00000314       __imp_??3@YAXPAX@Z         00403314     mfc90:mfc90.dll
 0002:00000318       __imp_?AfxWinMain@@YGHPAUHINSTANCE__@@0PADH@Z 00403318     mfc90:mfc90.dll
 0002:0000031c       \177mfc90_NULL_THUNK_DATA  0040331c     mfc90:mfc90.dll
 0002:00000320       ___xc_a                    00403320     msvcrt:cinitexe.obj
 0002:00000338       ___xc_z                    00403338     msvcrt:cinitexe.obj
 0002:0000033c       ___xi_a                    0040333c     msvcrt:cinitexe.obj
 0002:00000348       ___xi_z                    00403348     msvcrt:cinitexe.obj
 0002:000003ac       ??_7CLabAppApp@@6B@        004033ac     LabApp.obj
 0002:000004ac       ??_7CAboutDlg@@6B@         004034ac     LabAppDlg.obj
 0002:0000063c       ??_7CLabAppDlg@@6B@        0040363c     LabAppDlg.obj
 0002:000008cc       ?_Min@?$AtlLimits@H@ATL@@2HB 004038cc     StdAfx.obj
 0002:000008d0       ?_Max@?$AtlLimits@H@ATL@@2HB 004038d0     StdAfx.obj
 0002:000008d4       ?_Min@?$AtlLimits@I@ATL@@2IB 004038d4     StdAfx.obj
 0002:000008d8       ?_Max@?$AtlLimits@I@ATL@@2IB 004038d8     StdAfx.obj
 0002:000008dc       ?_Min@?$AtlLimits@J@ATL@@2JB 004038dc     StdAfx.obj
 0002:000008e0       ?_Max@?$AtlLimits@J@ATL@@2JB 004038e0     StdAfx.obj
 0002:000008e4       ?_Min@?$AtlLimits@K@ATL@@2KB 004038e4     StdAfx.obj
 0002:000008e8       ?_Max@?$AtlLimits@K@ATL@@2KB 004038e8     StdAfx.obj
 0002:000008f0       ?_Min@?$AtlLimits@_J@ATL@@2_JB 004038f0     StdAfx.obj
 0002:000008f8       ?_Max@?$AtlLimits@_J@ATL@@2_JB 004038f8     StdAfx.obj
 0002:00000900       ?_Min@?$AtlLimits@_K@ATL@@2_KB 00403900     StdAfx.obj
 0002:00000908       ?_Max@?$AtlLimits@_K@ATL@@2_KB 00403908     StdAfx.obj
 0002:00000910       ?VT@?$CVarTypeInfo@D@ATL@@2GB 00403910     StdAfx.obj
 0002:00000914       ?pmField@?$CVarTypeInfo@D@ATL@@2QQtagVARIANT@@DQ3@ 00403914     StdAfx.obj
 0002:00000918       ?VT@?$CVarTypeInfo@E@ATL@@2GB 00403918     StdAfx.obj
 0002:0000091c       ?pmField@?$CVarTypeInfo@E@ATL@@2QQtagVARIANT@@EQ3@ 0040391c     StdAfx.obj
 0002:00000920       ?VT@?$CVarTypeInfo@PAD@ATL@@2GB 00403920     StdAfx.obj
 0002:00000924       ?pmField@?$CVarTypeInfo@PAD@ATL@@2QQtagVARIANT@@PADQ3@ 00403924     StdAfx.obj
 0002:00000928       ?VT@?$CVarTypeInfo@PAE@ATL@@2GB 00403928     StdAfx.obj
 0002:0000092c       ?pmField@?$CVarTypeInfo@PAE@ATL@@2QQtagVARIANT@@PAEQ3@ 0040392c     StdAfx.obj
 0002:00000930       ?VT@?$CVarTypeInfo@F@ATL@@2GB 00403930     StdAfx.obj
 0002:00000934       ?pmField@?$CVarTypeInfo@F@ATL@@2QQtagVARIANT@@FQ3@ 00403934     StdAfx.obj
 0002:00000938       ?VT@?$CVarTypeInfo@PAF@ATL@@2GB 00403938     StdAfx.obj
 0002:0000093c       ?pmField@?$CVarTypeInfo@PAF@ATL@@2QQtagVARIANT@@PAFQ3@ 0040393c     StdAfx.obj
 0002:00000940       ?VT@?$CVarTypeInfo@G@ATL@@2GB 00403940     StdAfx.obj
 0002:00000944       ?pmField@?$CVarTypeInfo@G@ATL@@2QQtagVARIANT@@GQ3@ 00403944     StdAfx.obj
 0002:00000948       ?VT@?$CVarTypeInfo@PAG@ATL@@2GB 00403948     StdAfx.obj
 0002:0000094c       ?pmField@?$CVarTypeInfo@PAG@ATL@@2QQtagVARIANT@@PAGQ3@ 0040394c     StdAfx.obj
 0002:00000950       ?VT@?$CVarTypeInfo@H@ATL@@2GB 00403950     StdAfx.obj
 0002:00000954       ?pmField@?$CVarTypeInfo@H@ATL@@2QQtagVARIANT@@HQ3@ 00403954     StdAfx.obj
 0002:00000958       ?VT@?$CVarTypeInfo@PAH@ATL@@2GB 00403958     StdAfx.obj
 0002:0000095c       ?pmField@?$CVarTypeInfo@PAH@ATL@@2QQtagVARIANT@@PAHQ3@ 0040395c     StdAfx.obj
 0002:00000960       ?VT@?$CVarTypeInfo@I@ATL@@2GB 00403960     StdAfx.obj
 0002:00000964       ?pmField@?$CVarTypeInfo@I@ATL@@2QQtagVARIANT@@IQ3@ 00403964     StdAfx.obj
 0002:00000968       ?VT@?$CVarTypeInfo@PAI@ATL@@2GB 00403968     StdAfx.obj
 0002:0000096c       ?pmField@?$CVarTypeInfo@PAI@ATL@@2QQtagVARIANT@@PAIQ3@ 0040396c     StdAfx.obj
 0002:00000970       ?VT@?$CVarTypeInfo@J@ATL@@2GB 00403970     StdAfx.obj
 0002:00000974       ?pmField@?$CVarTypeInfo@J@ATL@@2QQtagVARIANT@@JQ3@ 00403974     StdAfx.obj
 0002:00000978       ?VT@?$CVarTypeInfo@PAJ@ATL@@2GB 00403978     StdAfx.obj
 0002:0000097c       ?pmField@?$CVarTypeInfo@PAJ@ATL@@2QQtagVARIANT@@PAJQ3@ 0040397c     StdAfx.obj
 0002:00000980       ?VT@?$CVarTypeInfo@K@ATL@@2GB 00403980     StdAfx.obj
 0002:00000984       ?pmField@?$CVarTypeInfo@K@ATL@@2QQtagVARIANT@@KQ3@ 00403984     StdAfx.obj
 0002:00000988       ?VT@?$CVarTypeInfo@PAK@ATL@@2GB 00403988     StdAfx.obj
 0002:0000098c       ?pmField@?$CVarTypeInfo@PAK@ATL@@2QQtagVARIANT@@PAKQ3@ 0040398c     StdAfx.obj
 0002:00000990       ?VT@?$CVarTypeInfo@_J@ATL@@2GB 00403990     StdAfx.obj
 0002:00000994       ?pmField@?$CVarTypeInfo@_J@ATL@@2QQtagVARIANT@@_JQ3@ 00403994     StdAfx.obj
 0002:00000998       ?VT@?$CVarTypeInfo@PA_J@ATL@@2GB 00403998     StdAfx.obj
 0002:0000099c       ?pmField@?$CVarTypeInfo@PA_J@ATL@@2QQtagVARIANT@@PA_JQ3@ 0040399c     StdAfx.obj
 0002:000009a0       ?VT@?$CVarTypeInfo@_K@ATL@@2GB 004039a0     StdAfx.obj
 0002:000009a4       ?pmField@?$CVarTypeInfo@_K@ATL@@2QQtagVARIANT@@_KQ3@ 004039a4     StdAfx.obj
 0002:000009a8       ?VT@?$CVarTypeInfo@PA_K@ATL@@2GB 004039a8     StdAfx.obj
 0002:000009ac       ?pmField@?$CVarTypeInfo@PA_K@ATL@@2QQtagVARIANT@@PA_KQ3@ 004039ac     StdAfx.obj
 0002:000009b0       ?VT@?$CVarTypeInfo@M@ATL@@2GB 004039b0     StdAfx.obj
 0002:000009b4       ?pmField@?$CVarTypeInfo@M@ATL@@2QQtagVARIANT@@MQ3@ 004039b4     StdAfx.obj
 0002:000009b8       ?VT@?$CVarTypeInfo@PAM@ATL@@2GB 004039b8     StdAfx.obj
 0002:000009bc       ?pmField@?$CVarTypeInfo@PAM@ATL@@2QQtagVARIANT@@PAMQ3@ 004039bc     StdAfx.obj
 0002:000009c0       ?VT@?$CVarTypeInfo@N@ATL@@2GB 004039c0     StdAfx.obj
 0002:000009c4       ?pmField@?$CVarTypeInfo@N@ATL@@2QQtagVARIANT@@NQ3@ 004039c4     StdAfx.obj
 0002:000009c8       ?VT@?$CVarTypeInfo@PAN@ATL@@2GB 004039c8     StdAfx.obj
 0002:000009cc       ?pmField@?$CVarTypeInfo@PAN@ATL@@2QQtagVARIANT@@PANQ3@ 004039cc     StdAfx.obj
 0002:000009d0       ?VT@?$CVarTypeInfo@UtagVARIANT@@@ATL@@2GB 004039d0     StdAfx.obj
 0002:000009d4       ?VT@?$CVarTypeInfo@PA_W@ATL@@2GB 004039d4     StdAfx.obj
 0002:000009d8       ?pmField@?$CVarTypeInfo@PA_W@ATL@@2QQtagVARIANT@@PA_WQ3@ 004039d8     StdAfx.obj
 0002:000009dc       ?VT@?$CVarTypeInfo@PAPA_W@ATL@@2GB 004039dc     StdAfx.obj
 0002:000009e0       ?pmField@?$CVarTypeInfo@PAPA_W@ATL@@2QQtagVARIANT@@PAPA_WQ3@ 004039e0     StdAfx.obj
 0002:000009e4       ?VT@?$CVarTypeInfo@PAUIUnknown@@@ATL@@2GB 004039e4     StdAfx.obj
 0002:000009e8       ?pmField@?$CVarTypeInfo@PAUIUnknown@@@ATL@@2QQtagVARIANT@@PAUIUnknown@@Q3@ 004039e8     StdAfx.obj
 0002:000009ec       ?VT@?$CVarTypeInfo@PAPAUIUnknown@@@ATL@@2GB 004039ec     StdAfx.obj
 0002:000009f0       ?pmField@?$CVarTypeInfo@PAPAUIUnknown@@@ATL@@2QQtagVARIANT@@PAPAUIUnknown@@Q3@ 004039f0     StdAfx.obj
 0002:000009f4       ?VT@?$CVarTypeInfo@PAUIDispatch@@@ATL@@2GB 004039f4     StdAfx.obj
 0002:000009f8       ?pmField@?$CVarTypeInfo@PAUIDispatch@@@ATL@@2QQtagVARIANT@@PAUIDispatch@@Q3@ 004039f8     StdAfx.obj
 0002:000009fc       ?VT@?$CVarTypeInfo@PAPAUIDispatch@@@ATL@@2GB 004039fc     StdAfx.obj
 0002:00000a00       ?pmField@?$CVarTypeInfo@PAPAUIDispatch@@@ATL@@2QQtagVARIANT@@PAPAUIDispatch@@Q3@ 00403a00     StdAfx.obj
 0002:00000a04       ?VT@?$CVarTypeInfo@TtagCY@@@ATL@@2GB 00403a04     StdAfx.obj
 0002:00000a08       ?pmField@?$CVarTypeInfo@TtagCY@@@ATL@@2QQtagVARIANT@@TtagCY@@Q3@ 00403a08     StdAfx.obj
 0002:00000a0c       ?VT@?$CVarTypeInfo@PATtagCY@@@ATL@@2GB 00403a0c     StdAfx.obj
 0002:00000a10       ?pmField@?$CVarTypeInfo@PATtagCY@@@ATL@@2QQtagVARIANT@@PATtagCY@@Q3@ 00403a10     StdAfx.obj
 0002:00000a14       ?c_bIsMFCDLLTraits@?$_MFCDLLTraitsCheck@DV?$StrTraitMFC_DLL@DV?$ChTraitsCRT@D@ATL@@@@@_CSTRING_IMPL_@ATL@@2_NB 00403a14     StdAfx.obj
 0002:00000a15       ?c_bIsMFCDLLTraits@?$_MFCDLLTraitsCheck@_WV?$StrTraitMFC_DLL@_WV?$ChTraitsCRT@_W@ATL@@@@@_CSTRING_IMPL_@ATL@@2_NB 00403a15     StdAfx.obj
 0002:00000a18       ?generic@CArchiveException@@2HB 00403a18     StdAfx.obj
 0002:00000a1c       ?generic@CFileException@@2HB 00403a1c     StdAfx.obj
 0002:00000a20       ?Millisecond@CFileTime@ATL@@2_KB 00403a20     StdAfx.obj
 0002:00000a28       ?Second@CFileTime@ATL@@2_KB 00403a28     StdAfx.obj
 0002:00000a30       ?Minute@CFileTime@ATL@@2_KB 00403a30     StdAfx.obj
 0002:00000a38       ?Hour@CFileTime@ATL@@2_KB  00403a38     StdAfx.obj
 0002:00000a40       ?Day@CFileTime@ATL@@2_KB   00403a40     StdAfx.obj
 0002:00000a48       ?Week@CFileTime@ATL@@2_KB  00403a48     StdAfx.obj
 0002:00000a50       ?szInvalidDateTime@ATL@@3QBDB 00403a50     StdAfx.obj
 0002:00000a54       ?szInvalidDateTimeSpan@ATL@@3QBDB 00403a54     StdAfx.obj
 0002:00000a58       ?OLE_DATETIME_HALFSECOND@COleDateTimeSpan@ATL@@0NB 00403a58     StdAfx.obj
 0002:00000a60       ?CLSID_WinFormsControl@@3U_GUID@@B 00403a60     StdAfx.obj
 0002:00000a74       ??_7Thank_you@Define_the_symbol__ATL_MIXED@@6B@ 00403a74     StdAfx.obj
 0002:00000a78       ??_C@_07KJLOKDKB@TypeLib?$AA@ 00403a78     mfcs90:nolib.obj
 0002:00000a80       ??_C@_08KEKAJNJI@Software?$AA@ 00403a80     mfcs90:nolib.obj
 0002:00000a8c       ??_C@_06FDHFNJBJ@SYSTEM?$AA@ 00403a8c     mfcs90:nolib.obj
 0002:00000a94       ??_C@_08LOPHEHKG@SECURITY?$AA@ 00403a94     mfcs90:nolib.obj
 0002:00000aa0       ??_C@_03DDIMFGBA@SAM?$AA@  00403aa0     mfcs90:nolib.obj
 0002:00000aa4       ??_C@_04IHBFOLAC@Mime?$AA@ 00403aa4     mfcs90:nolib.obj
 0002:00000aac       ??_C@_08PPIOJEA@Hardware?$AA@ 00403aac     mfcs90:nolib.obj
 0002:00000ab8       ??_C@_09JKPGEJCH@Interface?$AA@ 00403ab8     mfcs90:nolib.obj
 0002:00000ac4       ??_C@_08PICKODJL@FileType?$AA@ 00403ac4     mfcs90:nolib.obj
 0002:00000ad0       ??_C@_0BF@HDDNNDFH@Component?5Categories?$AA@ 00403ad0     mfcs90:nolib.obj
 0002:00000ae8       ??_C@_05GIBEAPNE@CLSID?$AA@ 00403ae8     mfcs90:nolib.obj
 0002:00000af0       ??_C@_05PDIKPLII@AppID?$AA@ 00403af0     mfcs90:nolib.obj
 0002:00000af8       ??_C@_06JBKGCNBB@Delete?$AA@ 00403af8     mfcs90:nolib.obj
 0002:00000b00       ??_C@_08KAAPDIAN@NoRemove?$AA@ 00403b00     mfcs90:nolib.obj
 0002:00000b0c       ??_C@_0M@DBGDLGLL@ForceRemove?$AA@ 00403b0c     mfcs90:nolib.obj
 0002:00000b18       ??_C@_03LAIAPFCB@Val?$AA@  00403b18     mfcs90:nolib.obj
 0002:00000b1c       ??_C@_01HMGJMAIH@B?$AA@    00403b1c     mfcs90:nolib.obj
 0002:00000b20       ??_C@_01CKDDGHAB@D?$AA@    00403b20     mfcs90:nolib.obj
 0002:00000b24       ??_C@_01PLPBNMEI@M?$AA@    00403b24     mfcs90:nolib.obj
 0002:00000b28       ??_C@_01CPLAODJH@S?$AA@    00403b28     mfcs90:nolib.obj
 0002:00000b2c       ??_C@_0BF@GPPHKJFN@Invalid?5DateTimeSpan?$AA@ 00403b2c     mfcs90:nolib.obj
 0002:00000b44       ??_C@_0BB@KEKMKJPM@Invalid?5DateTime?$AA@ 00403b44     mfcs90:nolib.obj
 0002:00000b58       _LIBID_ATLLib              00403b58     mfcs90:nolib.obj
 0002:00000b68       _CLSID_Registrar           00403b68     mfcs90:nolib.obj
 0002:00000b78       _IID_IRegistrar            00403b78     mfcs90:nolib.obj
 0002:00000b88       _IID_IAxWinHostWindow      00403b88     mfcs90:nolib.obj
 0002:00000b98       _IID_IAxWinAmbientDispatch 00403b98     mfcs90:nolib.obj
 0002:00000ba8       _IID_IInternalConnection   00403ba8     mfcs90:nolib.obj
 0002:00000bb8       _IID_IDocHostUIHandlerDispatch 00403bb8     mfcs90:nolib.obj
 0002:00000bc8       _IID_IAxWinHostWindowLic   00403bc8     mfcs90:nolib.obj
 0002:00000bd8       _IID_IAxWinAmbientDispatchEx 00403bd8     mfcs90:nolib.obj
 0002:00000c08       ?MAX_VALUE@CRegParser@ATL@@1HB 00403c08     mfcs90:nolib.obj
 0002:00000c0c       ?MAX_TYPE@CRegParser@ATL@@1HB 00403c0c     mfcs90:nolib.obj
 0002:00000c10       ?rgszNeverDelete@CRegParser@ATL@@1QBQBDB 00403c10     mfcs90:nolib.obj
 0002:00000c40       ?cbNeverDelete@CRegParser@ATL@@1HB 00403c40     mfcs90:nolib.obj
 0002:00000c68       ??_7type_info@@6B@         00403c68     msvcrt:ti_inst.obj
 0002:00000c74       ?ProcessDetach@NativeDll@<CrtImplementationDetails>@@0IB 00403c74     msvcrt:unhandld.obj
 0002:00000c78       ?ProcessAttach@NativeDll@<CrtImplementationDetails>@@0IB 00403c78     msvcrt:unhandld.obj
 0002:00000c7c       ?ThreadAttach@NativeDll@<CrtImplementationDetails>@@0IB 00403c7c     msvcrt:unhandld.obj
 0002:00000c80       ?ThreadDetach@NativeDll@<CrtImplementationDetails>@@0IB 00403c80     msvcrt:unhandld.obj
 0002:00000c84       ?ProcessVerifier@NativeDll@<CrtImplementationDetails>@@0IB 00403c84     msvcrt:unhandld.obj
 0002:00000ca8       __load_config_used         00403ca8     msvcrt:loadcfg.obj
 0002:00000d44       ??_R4CLabAppApp@@6B@       00403d44     LabApp.obj
 0002:00000d58       ??_R3CLabAppApp@@8         00403d58     LabApp.obj
 0002:00000d68       ??_R2CLabAppApp@@8         00403d68     LabApp.obj
 0002:00000d80       ??_R1A@?0A@EA@CLabAppApp@@8 00403d80     LabApp.obj
 0002:00000d9c       ??_R1A@?0A@EA@CWinApp@@8   00403d9c     LabApp.obj
 0002:00000db8       ??_R3CWinApp@@8            00403db8     LabApp.obj
 0002:00000dc8       ??_R2CWinApp@@8            00403dc8     LabApp.obj
 0002:00000ddc       ??_R1A@?0A@EA@CWinThread@@8 00403ddc     LabApp.obj
 0002:00000df8       ??_R3CWinThread@@8         00403df8     LabApp.obj
 0002:00000e08       ??_R2CWinThread@@8         00403e08     LabApp.obj
 0002:00000e18       ??_R1A@?0A@EA@CCmdTarget@@8 00403e18     LabApp.obj
 0002:00000e34       ??_R3CCmdTarget@@8         00403e34     LabApp.obj
 0002:00000e44       ??_R2CCmdTarget@@8         00403e44     LabApp.obj
 0002:00000e50       ??_R1A@?0A@EA@CObject@@8   00403e50     LabApp.obj
 0002:00000e6c       ??_R3CObject@@8            00403e6c     LabApp.obj
 0002:00000e7c       ??_R2CObject@@8            00403e7c     LabApp.obj
 0002:00000e84       ??_R4CAboutDlg@@6B@        00403e84     LabAppDlg.obj
 0002:00000e98       ??_R3CAboutDlg@@8          00403e98     LabAppDlg.obj
 0002:00000ea8       ??_R2CAboutDlg@@8          00403ea8     LabAppDlg.obj
 0002:00000ec0       ??_R1A@?0A@EA@CAboutDlg@@8 00403ec0     LabAppDlg.obj
 0002:00000edc       ??_R1A@?0A@EA@CDialog@@8   00403edc     LabAppDlg.obj
 0002:00000ef8       ??_R3CDialog@@8            00403ef8     LabAppDlg.obj
 0002:00000f08       ??_R2CDialog@@8            00403f08     LabAppDlg.obj
 0002:00000f1c       ??_R1A@?0A@EA@CWnd@@8      00403f1c     LabAppDlg.obj
 0002:00000f38       ??_R3CWnd@@8               00403f38     LabAppDlg.obj
 0002:00000f48       ??_R2CWnd@@8               00403f48     LabAppDlg.obj
 0002:00000f58       ??_R4CLabAppDlg@@6B@       00403f58     LabAppDlg.obj
 0002:00000f6c       ??_R3CLabAppDlg@@8         00403f6c     LabAppDlg.obj
 0002:00000f7c       ??_R2CLabAppDlg@@8         00403f7c     LabAppDlg.obj
 0002:00000f94       ??_R1A@?0A@EA@CLabAppDlg@@8 00403f94     LabAppDlg.obj
 0002:00000fb0       ??_R4Thank_you@Define_the_symbol__ATL_MIXED@@6B@ 00403fb0     StdAfx.obj
 0002:00000fc4       ??_R3Thank_you@Define_the_symbol__ATL_MIXED@@8 00403fc4     StdAfx.obj
 0002:00000fd4       ??_R2Thank_you@Define_the_symbol__ATL_MIXED@@8 00403fd4     StdAfx.obj
 0002:00000fdc       ??_R1A@?0A@EA@Thank_you@Define_the_symbol__ATL_MIXED@@8 00403fdc     StdAfx.obj
 0002:00000ff8       ??_R4type_info@@6B@        00403ff8     msvcrt:ti_inst.obj
 0002:0000100c       ??_R3type_info@@8          0040400c     msvcrt:ti_inst.obj
 0002:0000101c       ??_R2type_info@@8          0040401c     msvcrt:ti_inst.obj
 0002:00001024       ??_R1A@?0A@EA@type_info@@8 00404024     msvcrt:ti_inst.obj
 0002:00001040       ___safe_se_handler_table   00404040     <linker-defined>
 0002:00001058       ___rtc_iaa                 00404058     msvcrt:_initsect_.obj
 0002:0000105c       ___rtc_izz                 0040405c     msvcrt:_initsect_.obj
 0002:00001060       ___rtc_taa                 00404060     msvcrt:_initsect_.obj
 0002:00001064       ___rtc_tzz                 00404064     msvcrt:_initsect_.obj
 0002:000011ec       ___pobjMapEntryFirst       004041ec     mfcs90:nolib.obj
 0002:000011f0       ___pobjMapEntryLast        004041f0     mfcs90:nolib.obj
 0002:000011f4       __IMPORT_DESCRIPTOR_mfc90  004041f4     mfc90:mfc90.dll
 0002:00001208       __IMPORT_DESCRIPTOR_MSVCR90 00404208     msvcrt:MSVCR90.dll
 0002:0000121c       __IMPORT_DESCRIPTOR_KERNEL32 0040421c     kernel32:KERNEL32.dll
 0002:00001230       __IMPORT_DESCRIPTOR_USER32 00404230     user32:USER32.dll
 0002:00001244       __IMPORT_DESCRIPTOR_OLEAUT32 00404244     oleaut32:OLEAUT32.dll
 0002:00001258       __NULL_IMPORT_DESCRIPTOR   00404258     mfc90:mfc90.dll
 0003:00000000       ??_R0?AVCLabAppApp@@@8     00405000     LabApp.obj
 0003:0000001c       ??_R0?AVCWinApp@@@8        0040501c     LabApp.obj
 0003:00000034       ??_R0?AVCWinThread@@@8     00405034     LabApp.obj
 0003:00000050       ??_R0?AVCCmdTarget@@@8     00405050     LabApp.obj
 0003:0000006c       ??_R0?AVCObject@@@8        0040506c     LabApp.obj
 0003:00000084       ??_R0?AVCAboutDlg@@@8      00405084     LabAppDlg.obj
 0003:0000009c       ??_R0?AVCDialog@@@8        0040509c     LabAppDlg.obj
 0003:000000b4       ??_R0?AVCWnd@@@8           004050b4     LabAppDlg.obj
 0003:000000c8       ??_R0?AVCLabAppDlg@@@8     004050c8     LabAppDlg.obj
 0003:000000e4       __pIncludeInitManaged      004050e4     StdAfx.obj
 0003:000000e8       ??_R0?AUThank_you@Define_the_symbol__ATL_MIXED@@@8 004050e8     StdAfx.obj
 0003:00000120       ??_R0?AVtype_info@@@8      00405120     msvcrt:ti_inst.obj
 0003:00000138       ___security_cookie         00405138     msvcrt:gs_cookie.obj
 0003:0000013c       ___security_cookie_complement 0040513c     msvcrt:gs_cookie.obj
 0003:00000140       ___native_dllmain_reason   00405140     msvcrt:natstart.obj
 0003:00000144       ___native_vcclrit_reason   00405144     msvcrt:natstart.obj
 0003:00000148       ___globallocalestatus      00405148     msvcrt:xthdloc.obj
 0003:0000014c       ___defaultmatherr          0040514c     msvcrt:merr.obj
 0003:00000150       ?theApp@@3VCLabAppApp@@A   00405150     LabApp.obj
 0003:000001f4       ?m_bInitFailed@CAtlBaseModule@ATL@@2_NA 004051f4     StdAfx.obj
 0003:000001f8       ?s_pLog@CFixedStringMgr@ATL@@2PAVIFixedStringLog@2@A 004051f8     StdAfx.obj
 0003:000001fc       ?clash@Define_the_symbol__ATL_MIXED@@3UThank_you@1@A 004051fc     StdAfx.obj
 0003:00000200       ?clash@Inconsistent_definition_of_symbol__ATL_MIXED@@3U_Please_define_it_the_same_throughout_your_project@1@A 00405200     StdAfx.obj
 0003:00000204       ?_pAtlAutoThreadModule@ATL@@3PAUIAtlAutoThreadModule@1@A 00405204     mfcs90:nolib.obj
 0003:00000208       __afxForceEXCLUDE          00405208     mfcs90:nolib.obj
 0003:0000020c       ?_pPerfRegFunc@ATL@@3P6AJPAUHINSTANCE__@@@ZA 0040520c     mfcs90:nolib.obj
 0003:00000210       ?_pPerfUnRegFunc@ATL@@3P6AJXZA 00405210     mfcs90:nolib.obj
 0003:00000214       ?_AtlRegisterPerUser@ATL@@3_NA 00405214     mfcs90:nolib.obj
 0003:00000218       ?_pAtlModule@ATL@@3PAVCAtlModule@1@A 00405218     mfcs90:nolib.obj
 0003:0000021c       ?m_libid@CAtlModule@ATL@@2U_GUID@@A 0040521c     mfcs90:nolib.obj
 0003:0000022c       ?_pModule@ATL@@3PAVCComModule@1@A 0040522c     mfcs90:nolib.obj
 0003:00000230       ?ATL_CREATE_OBJECT@CComApartment@ATL@@2IA 00405230     mfcs90:nolib.obj
 0003:00000234       ?WM_DESTROYMODELESS@CDHtmlDialog@@1IA 00405234     mfcs90:nolib.obj
 0003:00000238       __afxForceSTDAFX           00405238     mfcs90:stdafx.obj
 0003:00000584       __dowildcard               00405584     msvcrt:wildcard.obj
 0003:00000588       __newmode                  00405588     msvcrt:_newmode.obj
 0003:0000058c       __commode                  0040558c     msvcrt:xncommod.obj
 0003:00000590       __fmode                    00405590     msvcrt:xtxtmode.obj
 0003:00000594       ?_afxInitAppState@@3DA     00405594     mfcs90:appmodul.obj
 0003:00000598       __adjust_fdiv              00405598     <common>
 0003:0000059c       ___native_startup_state    0040559c     <common>
 0003:000005a0       ___native_startup_lock     004055a0     <common>
 0003:000005a4       ___dyn_tls_init_callback   004055a4     <common>
 0003:000005a8       ___onexitend               004055a8     <common>
 0003:000005ac       ___onexitbegin             004055ac     <common>

 entry point at        0001:00001379

 Static symbols

 0001:000007e0       _time                      004017e0 f   LabAppDlg.obj
 0001:0000100f       _pre_cpp_init              0040200f f   msvcrt:crtexew.obj
 0001:0000105a       ___tmainCRTStartup         0040205a f   msvcrt:crtexew.obj
 0001:00001239       _check_managed_app         00402239 f   msvcrt:crtexew.obj
 0001:00001298       _pre_c_init                00402298 f   msvcrt:crtexew.obj
 0001:00001383       ?ArrayUnwindFilter@@YAHPAU_EXCEPTION_POINTERS@@@Z 00402383 f   msvcrt:ehvecdtr.obj
 0001:00001a30       __unwindfunclet$?InitInstance@CLabAppApp@@UAEHXZ$0 00402a30 f   LabApp.obj
 0001:00001a3b       __ehhandler$?InitInstance@CLabAppApp@@UAEHXZ 00402a3b f   LabApp.obj
 0001:00001a60       __unwindfunclet$??0CLabAppDlg@@QAE@PAVCWnd@@@Z$0 00402a60 f   LabAppDlg.obj
 0001:00001a68       __ehhandler$??0CLabAppDlg@@QAE@PAVCWnd@@@Z 00402a68 f   LabAppDlg.obj
 0001:00001a83       __unwindfunclet$?OnInitDialog@CLabAppDlg@@MAEHXZ$0 00402a83 f   LabAppDlg.obj
 0001:00001a8c       __ehhandler$?OnInitDialog@CLabAppDlg@@MAEHXZ 00402a8c f   LabAppDlg.obj
 0001:00001aa7       __unwindfunclet$?OnSysCommand@CLabAppDlg@@IAEXIJ@Z$0 00402aa7 f   LabAppDlg.obj
 0001:00001ab2       __ehhandler$?OnSysCommand@CLabAppDlg@@IAEXIJ@Z 00402ab2 f   LabAppDlg.obj
 0001:00001acd       __unwindfunclet$?OnPaint@CLabAppDlg@@IAEXXZ$0 00402acd f   LabAppDlg.obj
 0001:00001ad8       __ehhandler$?OnPaint@CLabAppDlg@@IAEXXZ 00402ad8 f   LabAppDlg.obj
 0001:00001b00       ??__EtheApp@@YAXXZ         00402b00 f   LabApp.obj
 0001:00001b20       ??__Eclash@Inconsistent_definition_of_symbol__ATL_MIXED@@YAXXZ 00402b20 f   StdAfx.obj
 0001:00001b30       ??__Eclash@Define_the_symbol__ATL_MIXED@@YAXXZ 00402b30 f   StdAfx.obj
 0001:00001b3f       ??__E_afxInitAppState@@YAXXZ 00402b3f f   mfcs90:appmodul.obj
 0001:00001b60       ??__FtheApp@@YAXXZ         00402b60 f   LabApp.obj
