 MyDrv

 Timestamp is 5b1d245b (Sun Jun 10 22:15:07 2018)

 Preferred load address is 00400000

 Start         Length     Name                   Class
 0001:00000000 000003f2H .text$mn                CODE
 0001:000003f2 00000062H .text$s                 CODE
 0002:00000000 00000080H .idata$5                DATA
 0002:00000080 00000010H .00cfg                  DATA
 0002:00000090 000000d8H .rdata                  DATA
 0002:00000168 00000178H .rdata$zzzdbg           DATA
 0003:00000000 00000020H .data                   DATA
 0003:00000020 00000120H .bss                    DATA
 0004:00000000 0000054eH PAGE                    CODE
 0004:0000054e 00000024H PAGE$s                  CODE
 0005:00000000 00000170H INIT                    CODE
 0005:00000170 00000054H INIT$s                  CODE
 0005:000001c4 00000014H .idata$2                CODE
 0005:000001d8 00000014H .idata$3                CODE
 0005:000001ec 00000080H .idata$4                CODE
 0005:0000026c 00000278H .idata$6                CODE

  Address         Publics by Value              Rva+Base       Lib:Object

 0000:00000000       ___guard_longjmp_count     00000000     <absolute>
 0000:00000000       ___guard_fids_count        00000000     <absolute>
 0000:00000000       ___guard_longjmp_table     00000000     <absolute>
 0000:00000000       ___hybrid_code_map_count   00000000     <absolute>
 0000:00000000       ___guard_fids_table        00000000     <absolute>
 0000:00000000       ___hybrid_code_map         00000000     <absolute>
 0000:00000000       ___guard_iat_table         00000000     <absolute>
 0000:00000000       ___guard_flags             00000000     <absolute>
 0000:00000000       ___safe_se_handler_count   00000000     <absolute>
 0000:00000000       ___enclave_config          00000000     <absolute>
 0000:00000000       ___dynamic_value_reloc_table 00000000     <absolute>
 0000:00000000       ___safe_se_handler_table   00000000     <absolute>
 0000:00000000       ___hybrid_auxiliary_iat    00000000     <absolute>
 0000:00000000       ___guard_iat_count         00000000     <absolute>
 0001:00000000       _BugCheck3B@0              00401000 f   MyDrv.obj
 0001:00000050       _BugCheck50@0              00401050 f   MyDrv.obj
 0001:00000070       _BugCheck7F@0              00401070 f   MyDrv.obj
 0001:000000b0       _BugCheckA@0               004010b0 f   MyDrv.obj
 0001:000000d0       _BugCheckBE@0              004010d0 f   MyDrv.obj
 0001:000000e0       _BugCheckC4@0              004010e0 f   MyDrv.obj
 0001:00000110       _BugCheckD6@0              00401110 f   MyDrv.obj
 0001:00000140       _Hang@0                    00401140 f   MyDrv.obj
 0001:000001a0       _HangDpcRoutine@16         004011a0 f   MyDrv.obj
 0001:000001c0       _IoGetCurrentIrpStackLocation@4 004011c0 f i MyDrv.obj
 0001:000001d0       _MyStrCpy@8                004011d0 f   MyDrv.obj
 0001:00000220       _OnBreakPoint@0            00401220 f   MyDrv.obj
 0001:00000230       _OpenClose@4               00401230 f   MyDrv.obj
 0001:000002f0       _PrintBreakPoint@4         004012f0 f   MyDrv.obj
 0001:00000320       _UseStack1@0               00401320 f   MyDrv.obj
 0001:00000360       _UseStack2@0               00401360 f   MyDrv.obj
 0001:000003a2       @__security_check_cookie@4 004013a2 f   BufferOverflowK:secchk.obj
 0001:000003b2       ___report_gsfailure        004013b2 f   BufferOverflowK:gs_report.obj
 0001:000003d8       _strcpy                    004013d8 f   ntoskrnl:ntoskrnl.exe
 0001:000003de       _strlen                    004013de f   ntoskrnl:ntoskrnl.exe
 0001:000003e4       _DbgPrint                  004013e4 f   ntoskrnl:ntoskrnl.exe
 0001:000003ea       _memset                    004013ea f   ntoskrnl:ntoskrnl.exe
 0001:000003f0       @_guard_check_icall_nop@4  004013f0 f i BufferOverflowK:guard_support.obj
 0001:000003f2       ??_C@_1CA@LJKEIIIB@?$AA?2?$AA?$DP?$AA?$DP?$AA?2?$AAC?$AA?3?$AA?2?$AAb?$AAo?$AAo?$AAt?$AA?4?$AAi?$AAn?$AAi?$AA?$AA@FNODOBFM@ 004013f2     MyDrv.obj
 0001:00000412       ??_C@_0O@NFFNPMDP@BugCheck?50x3B?$AA@FNODOBFM@ 00401412     MyDrv.obj
 0001:00000420       ??_C@_07PFLHHDCC@Find?5Me?$AA@FNODOBFM@ 00401420     MyDrv.obj
 0001:00000428       ??_C@_0BK@IFLFIICP@PrintBreakPoint?5Function?6?$AA@FNODOBFM@ 00401428     MyDrv.obj
 0001:00000442       ??_C@_0BC@MHHLDEIM@Hello?5Debugging?$CB?6?$AA@FNODOBFM@ 00401442     MyDrv.obj
 0002:00000000       __imp__strcpy              00402000     ntoskrnl:ntoskrnl.exe
 0002:00000004       __imp__strlen              00402004     ntoskrnl:ntoskrnl.exe
 0002:00000008       __imp__RtlInitUnicodeString@8 00402008     ntoskrnl:ntoskrnl.exe
 0002:0000000c       __imp__DbgPrint            0040200c     ntoskrnl:ntoskrnl.exe
 0002:00000010       __imp__KeInitializeDpc@12  00402010     ntoskrnl:ntoskrnl.exe
 0002:00000014       __imp__KeInsertQueueDpc@12 00402014     ntoskrnl:ntoskrnl.exe
 0002:00000018       __imp__KeSetTargetProcessorDpc@8 00402018     ntoskrnl:ntoskrnl.exe
 0002:0000001c       __imp__KeInitializeEvent@12 0040201c     ntoskrnl:ntoskrnl.exe
 0002:00000020       __imp__KeSetEvent@12       00402020     ntoskrnl:ntoskrnl.exe
 0002:00000024       __imp__KeInitializeMutex@8 00402024     ntoskrnl:ntoskrnl.exe
 0002:00000028       __imp__KeReleaseMutex@8    00402028     ntoskrnl:ntoskrnl.exe
 0002:0000002c       __imp__KeDelayExecutionThread@12 0040202c     ntoskrnl:ntoskrnl.exe
 0002:00000030       __imp__KeEnterCriticalRegion@0 00402030     ntoskrnl:ntoskrnl.exe
 0002:00000034       __imp__KeLeaveCriticalRegion@0 00402034     ntoskrnl:ntoskrnl.exe
 0002:00000038       __imp__KeWaitForSingleObject@20 00402038     ntoskrnl:ntoskrnl.exe
 0002:0000003c       __imp__ExAllocatePool@8    0040203c     ntoskrnl:ntoskrnl.exe
 0002:00000040       __imp__ExFreePoolWithTag@8 00402040     ntoskrnl:ntoskrnl.exe
 0002:00000044       __imp__ExInitializeResourceLite@4 00402044     ntoskrnl:ntoskrnl.exe
 0002:00000048       __imp__ExAcquireResourceExclusiveLite@8 00402048     ntoskrnl:ntoskrnl.exe
 0002:0000004c       __imp_@ExReleaseResourceLite@4 0040204c     ntoskrnl:ntoskrnl.exe
 0002:00000050       __imp__ExDeleteResourceLite@4 00402050     ntoskrnl:ntoskrnl.exe
 0002:00000054       __imp_@IofCompleteRequest@8 00402054     ntoskrnl:ntoskrnl.exe
 0002:00000058       __imp__IoCreateDevice@28   00402058     ntoskrnl:ntoskrnl.exe
 0002:0000005c       __imp__IoCreateSymbolicLink@8 0040205c     ntoskrnl:ntoskrnl.exe
 0002:00000060       __imp__IoDeleteDevice@4    00402060     ntoskrnl:ntoskrnl.exe
 0002:00000064       __imp__IoDeleteSymbolicLink@4 00402064     ntoskrnl:ntoskrnl.exe
 0002:00000068       __imp__ZwCreateFile@44     00402068     ntoskrnl:ntoskrnl.exe
 0002:0000006c       __imp__ZwClose@4           0040206c     ntoskrnl:ntoskrnl.exe
 0002:00000070       __imp__memset              00402070     ntoskrnl:ntoskrnl.exe
 0002:00000074       __imp__KeNumberProcessors  00402074     ntoskrnl:ntoskrnl.exe
 0002:00000078       __imp__KeBugCheckEx@20     00402078     ntoskrnl:ntoskrnl.exe
 0002:0000007c       \177ntoskrnl_NULL_THUNK_DATA 0040207c     ntoskrnl:ntoskrnl.exe
 0002:00000080       ___guard_check_icall_fptr  00402080     BufferOverflowK:guard_support.obj
 0002:000000c8       __load_config_used         004020c8     BufferOverflowK:loadcfg.obj
 0003:00000000       _g_ulGlobal                00403000     MyDrv.obj
 0003:00000004       ___security_cookie         00403004     BufferOverflowK:gs_support.obj
 0003:00000008       ___security_cookie_complement 00403008     BufferOverflowK:gs_support.obj
 0003:00000020       _HangDpc                   00403020     <common>
 0003:00000040       _event                     00403040     <common>
 0003:00000060       _EresourceB                00403060     <common>
 0003:000000a0       _EresourceA                004030a0     <common>
 0003:000000e0       _MutexB                    004030e0     <common>
 0003:00000100       _MutexA                    00403100     <common>
 0003:00000120       _Event                     00403120     <common>
 0003:00000130       _g_szBuffer                00403130     <common>
 0004:00000000       _MyDrvCreateClose@8        00404000 f   MyDrv.obj
 0004:00000070       _MyDrvDeviceControl@8      00404070 f   MyDrv.obj
 0004:00000500       _MyDrvUnload@4             00404500 f   MyDrv.obj
 0004:0000054e       ??_C@_1CE@LNDBPGOK@?$AA?2?$AAD?$AAo?$AAs?$AAD?$AAe?$AAv?$AAi?$AAc?$AAe?$AAs?$AA?2?$AAM?$AAy?$AAD?$AAr?$AAv?$AA?$AA@NNGAKEGL@ 0040454e     MyDrv.obj
 0005:00000000       _DriverEntry@8             00405000 f   MyDrv.obj
 0005:00000126       _GsDriverEntry@8           00405126 f   BufferOverflowK:gs_support.obj
 0005:00000136       ___security_init_cookie    00405136 f   BufferOverflowK:gs_support.obj
 0005:00000170       ??_C@_1BM@NAINCILO@?$AA?2?$AAD?$AAe?$AAv?$AAi?$AAc?$AAe?$AA?2?$AAM?$AAy?$AAD?$AAr?$AAv?$AA?$AA@PBOPGDP@ 00405170     MyDrv.obj
 0005:0000018c       ??_C@_0BB@ENJJLKKL@DeviceObject?5?$CFp?6?$AA@PBOPGDP@ 0040518c     MyDrv.obj
 0005:0000019e       ??_C@_1CE@LNDBPGOK@?$AA?2?$AAD?$AAo?$AAs?$AAD?$AAe?$AAv?$AAi?$AAc?$AAe?$AAs?$AA?2?$AAM?$AAy?$AAD?$AAr?$AAv?$AA?$AA@PBOPGDP@ 0040519e     MyDrv.obj
 0005:000001c4       __IMPORT_DESCRIPTOR_ntoskrnl 004051c4     ntoskrnl:ntoskrnl.exe
 0005:000001d8       __NULL_IMPORT_DESCRIPTOR   004051d8     ntoskrnl:ntoskrnl.exe

 entry point at        0005:00000126

 Static symbols

 0000:ffff9000       .debug$S                   00400000     ntoskrnl:ntoskrnl.exe
 0000:ffff9000       .debug$S                   00400000     ntoskrnl:ntoskrnl.exe
 0000:ffff9000       .debug$S                   00400000     ntoskrnl:ntoskrnl.exe
 0000:ffff9000       .debug$S                   00400000     ntoskrnl:ntoskrnl.exe
 0000:ffff9000       .debug$S                   00400000     ntoskrnl:ntoskrnl.exe
 0000:ffff9000       .debug$S                   00400000     ntoskrnl:ntoskrnl.exe
 0000:ffff9000       .debug$S                   00400000     ntoskrnl:ntoskrnl.exe
 0000:ffff9000       .debug$S                   00400000     ntoskrnl:ntoskrnl.exe
 0000:ffff9000       .debug$S                   00400000     ntoskrnl:ntoskrnl.exe
 0000:ffff9000       .debug$S                   00400000     ntoskrnl:ntoskrnl.exe
 0000:ffff9000       .debug$S                   00400000     ntoskrnl:ntoskrnl.exe
 0000:ffff9000       .debug$S                   00400000     ntoskrnl:ntoskrnl.exe
 0000:ffff9000       .debug$S                   00400000     ntoskrnl:ntoskrnl.exe
 0000:ffff9000       .debug$S                   00400000     ntoskrnl:ntoskrnl.exe
 0000:ffff9000       .debug$S                   00400000     ntoskrnl:ntoskrnl.exe
 0000:ffff9000       .debug$S                   00400000     ntoskrnl:ntoskrnl.exe
 0000:ffff9000       .debug$S                   00400000     ntoskrnl:ntoskrnl.exe
 0000:ffff9000       .debug$S                   00400000     ntoskrnl:ntoskrnl.exe
 0000:ffff9000       .debug$S                   00400000     ntoskrnl:ntoskrnl.exe
 0000:ffff9000       .debug$S                   00400000     ntoskrnl:ntoskrnl.exe
 0000:ffff9000       .debug$S                   00400000     ntoskrnl:ntoskrnl.exe
 0000:ffff9000       .debug$S                   00400000     ntoskrnl:ntoskrnl.exe
 0000:ffff9000       .debug$S                   00400000     ntoskrnl:ntoskrnl.exe
 0000:ffff9000       .debug$S                   00400000     ntoskrnl:ntoskrnl.exe
 0000:ffff9000       .debug$S                   00400000     ntoskrnl:ntoskrnl.exe
 0000:ffff9000       .debug$S                   00400000     ntoskrnl:ntoskrnl.exe
 0000:ffff9000       .debug$S                   00400000     ntoskrnl:ntoskrnl.exe
 0000:ffff9000       .debug$S                   00400000     ntoskrnl:ntoskrnl.exe
 0000:ffff9000       .debug$S                   00400000     ntoskrnl:ntoskrnl.exe
 0000:ffff9000       .debug$S                   00400000     ntoskrnl:ntoskrnl.exe
 0000:ffff9000       .debug$S                   00400000     ntoskrnl:ntoskrnl.exe
 0004:0000044c       $LN24                      0040444c     MyDrv.obj
 0004:00000494       $LN23                      00404494     MyDrv.obj
 0005:000004d6       .idata$6                   004054d6     ntoskrnl:ntoskrnl.exe
