 StackLesson

 Timestamp is 5ae5b5ba (Sun Apr 29 21:08:26 2018)

 Preferred load address is 00400000

 Start         Length     Name                   Class
 0001:00000000 0003d180H .text$mn                CODE
 0001:0003d180 0000003eH .text$x                 CODE
 0002:00000000 0000014cH .idata$5                DATA
 0002:0000014c 00000004H .00cfg                  DATA
 0002:00000150 00000004H .CRT$XCA                DATA
 0002:00000154 00000004H .CRT$XCAA               DATA
 0002:00000158 00000004H .CRT$XCZ                DATA
 0002:0000015c 00000004H .CRT$XIA                DATA
 0002:00000160 00000004H .CRT$XIAA               DATA
 0002:00000164 00000004H .CRT$XIAC               DATA
 0002:00000168 0000000cH .CRT$XIC                DATA
 0002:00000174 00000004H .CRT$XIZ                DATA
 0002:00000178 00000004H .CRT$XPA                DATA
 0002:0000017c 00000008H .CRT$XPX                DATA
 0002:00000184 00000004H .CRT$XPXA               DATA
 0002:00000188 00000004H .CRT$XPZ                DATA
 0002:0000018c 00000004H .CRT$XTA                DATA
 0002:00000190 00000010H .CRT$XTZ                DATA
 0002:00000194 00000000H .gfids$y                DATA
 0002:000001a0 00006ff0H .rdata                  DATA
 0002:00007190 000002f0H .rdata$r                DATA
 0002:00007480 0000001cH .rdata$sxdata           DATA
 0002:0000749c 00000354H .rdata$zzzdbg           DATA
 0002:000077f0 00000004H .rtc$IAA                DATA
 0002:000077f4 00000004H .rtc$IZZ                DATA
 0002:000077f8 00000004H .rtc$TAA                DATA
 0002:000077fc 00000004H .rtc$TZZ                DATA
 0002:00007800 0000088cH .xdata$x                DATA
 0002:0000808c 00000000H .edata                  DATA
 0002:0000808c 00000014H .idata$2                DATA
 0002:000080a0 00000014H .idata$3                DATA
 0002:000080b4 0000014cH .idata$4                DATA
 0002:00008200 00000624H .idata$6                DATA
 0003:00000000 000007b0H .data                   DATA
 0003:000007b0 00000128H .data$r                 DATA
 0003:000008d8 000012b4H .bss                    DATA
 0004:00000000 00000060H .rsrc$01                DATA
 0004:00000060 00000180H .rsrc$02                DATA

  Address         Publics by Value              Rva+Base       Lib:Object

 0000:00000000       ___enclave_config          00000000     <absolute>
 0000:00000000       ___guard_fids_count        00000000     <absolute>
 0000:00000000       __except_list              00000000     <absolute>
 0000:00000000       ___hybrid_auxiliary_iat    00000000     <absolute>
 0000:00000000       ___hybrid_code_map         00000000     <absolute>
 0000:00000000       ___hybrid_code_map_count   00000000     <absolute>
 0000:00000000       ___dynamic_value_reloc_table 00000000     <absolute>
 0000:00000000       ___guard_iat_count         00000000     <absolute>
 0000:00000000       ___guard_longjmp_table     00000000     <absolute>
 0000:00000000       ___guard_fids_table        00000000     <absolute>
 0000:00000000       ___guard_iat_table         00000000     <absolute>
 0000:00000000       ___guard_longjmp_count     00000000     <absolute>
 0000:00000007       ___safe_se_handler_count   00000007     <absolute>
 0000:00000100       ___guard_flags             00000100     <absolute>
 0000:00000000       ___ImageBase               00400000     <linker-defined>
 0001:00000000       ?NoRetNoParams@@YAXXZ      00401000 f   StackLesson.obj
 0001:00000050       ?cdeclCallingConventionWithParams@@YAHPADK@Z 00401050 f   StackLesson.obj
 0001:00000090       ?stdcallCallingConventionWithParams@@YGHPADK@Z 00401090 f   StackLesson.obj
 0001:000000c0       ?fastcallCallingConventionWithParams@@YIHPADKK@Z 004010c0 f   StackLesson.obj
 0001:00000100       _main                      00401100 f   StackLesson.obj
 0001:000001b0       ??$__vcrt_va_start_verify_argument_type@QBD@@YAXXZ 004011b0 f i StackLesson.obj
 0001:000001c0       ??0CSampleClass@@QAE@XZ    004011c0 f i StackLesson.obj
 0001:000001f0       ??1CSampleClass@@UAE@XZ    004011f0 f i StackLesson.obj
 0001:00000210       ??_ECSampleClass@@UAEPAXI@Z 00401210 f i StackLesson.obj
 0001:00000210       ??_GCSampleClass@@UAEPAXI@Z 00401210 f i StackLesson.obj
 0001:00000240       ?ShowThisCallCallingConvention@CSampleClass@@QAEHPADKK@Z 00401240 f i StackLesson.obj
 0001:000002b0       ___local_stdio_printf_options 004012b0 f i StackLesson.obj
 0001:000002c0       __vfprintf_l               004012c0 f i StackLesson.obj
 0001:000002f0       _printf                    004012f0 f i StackLesson.obj
 0001:0000032f       ??3@YAXPAXI@Z              0040132f f   LIBCMT:delete_scalar_size.obj
 0001:0000033d       @__security_check_cookie@4 0040133d f   LIBCMT:_secchk_.obj
 0001:0000034e       ??1type_info@@UAE@XZ       0040134e f   LIBCMT:std_type_info_static.obj
 0001:00000355       ??_Etype_info@@UAEPAXI@Z   00401355 f i LIBCMT:std_type_info_static.obj
 0001:00000355       ??_Gtype_info@@UAEPAXI@Z   00401355 f i LIBCMT:std_type_info_static.obj
 0001:000005ae       ?configure_argv@__scrt_narrow_argv_policy@@SAHXZ 004015ae f i LIBCMT:exe_main.obj
 0001:000005bb       ?initialize_environment@__scrt_narrow_environment_policy@@SAHXZ 004015bb f i LIBCMT:exe_main.obj
 0001:000005e4       ?set_app_type@__scrt_main_policy@@SAXXZ 004015e4 f i LIBCMT:exe_main.obj
 0001:000005ed       ?set_commode@__scrt_file_policy@@SAXXZ 004015ed f i LIBCMT:exe_main.obj
 0001:000005fe       ?set_fmode@__scrt_file_policy@@SAXXZ 004015fe f i LIBCMT:exe_main.obj
 0001:0000060b       _mainCRTStartup            0040160b f   LIBCMT:exe_main.obj
 0001:00000615       ??3@YAXPAX@Z               00401615 f   LIBCMT:delete_scalar.obj
 0001:0000061a       ___raise_securityfailure   0040161a f   LIBCMT:gs_report.obj
 0001:00000642       ___report_gsfailure        00401642 f   LIBCMT:gs_report.obj
 0001:0000073d       ___report_rangecheckfailure 0040173d f   LIBCMT:gs_report.obj
 0001:00000749       ___report_securityfailure  00401749 f   LIBCMT:gs_report.obj
 0001:00000819       ___report_securityfailureEx 00401819 f   LIBCMT:gs_report.obj
 0001:0000092f       ??$__crt_fast_decode_pointer@PAP6AXXZ@@YAPAP6AXXZQAP6AXXZ@Z 0040192f f i LIBCMT:utility.obj
 0001:00000943       ??$__crt_fast_encode_pointer@PAP6AXXZ@@YAPAP6AXXZQAP6AXXZ@Z 00401943 f i LIBCMT:utility.obj
 0001:00000960       ?__crt_rotate_pointer_value@@YAIIH@Z 00401960 f i LIBCMT:utility.obj
 0001:000009e4       _NtCurrentTeb              004019e4 f i LIBCMT:utility.obj
 0001:000009eb       ___scrt_acquire_startup_lock 004019eb f   LIBCMT:utility.obj
 0001:00000a20       ___scrt_dllmain_after_initialize_c 00401a20 f   LIBCMT:utility.obj
 0001:00000a4b       ___scrt_dllmain_before_initialize_c 00401a4b f   LIBCMT:utility.obj
 0001:00000a59       ___scrt_dllmain_crt_thread_attach 00401a59 f   LIBCMT:utility.obj
 0001:00000a78       ___scrt_dllmain_crt_thread_detach 00401a78 f   LIBCMT:utility.obj
 0001:00000a85       ___scrt_dllmain_exception_filter 00401a85 f   LIBCMT:utility.obj
 0001:00000ab8       ___scrt_dllmain_uninitialize_c 00401ab8 f   LIBCMT:utility.obj
 0001:00000adb       ___scrt_dllmain_uninitialize_critical 00401adb f   LIBCMT:utility.obj
 0001:00000ae8       ___scrt_initialize_crt     00401ae8 f   LIBCMT:utility.obj
 0001:00000b21       ___scrt_initialize_onexit_tables 00401b21 f   LIBCMT:utility.obj
 0001:00000bcb       ___scrt_is_nonwritable_in_current_image 00401bcb f   LIBCMT:utility.obj
 0001:00000c55       ___scrt_release_startup_lock 00401c55 f   LIBCMT:utility.obj
 0001:00000c72       ___scrt_uninitialize_crt   00401c72 f   LIBCMT:utility.obj
 0001:00000c9a       __onexit                   00401c9a f   LIBCMT:utility.obj
 0001:00000cd5       _at_quick_exit             00401cd5 f   LIBCMT:utility.obj
 0001:00000d06       _atexit                    00401d06 f   LIBCMT:utility.obj
 0001:00000d6a       ___security_init_cookie    00401d6a f   LIBCMT:gs_support.obj
 0001:00000dbd       __matherr                  00401dbd f   LIBCMT:matherr.obj
 0001:00000dc0       __get_startup_argv_mode    00401dc0 f   LIBCMT:argv_mode.obj
 0001:00000dc4       __get_startup_commit_mode  00401dc4 f   LIBCMT:commit_mode.obj
 0001:00000dc7       __get_startup_file_mode    00401dc7 f   LIBCMT:file_mode.obj
 0001:00000dcd       __get_startup_new_mode     00401dcd f   LIBCMT:new_mode.obj
 0001:00000dd0       __get_startup_thread_locale_mode 00401dd0 f   LIBCMT:thread_locale.obj
 0001:00000dd3       ?__scrt_initialize_type_info@@YAXXZ 00401dd3 f   LIBCMT:tncleanup.obj
 0001:00000ddf       ?__scrt_uninitialize_type_info@@YAXXZ 00401ddf f   LIBCMT:tncleanup.obj
 0001:00000deb       __should_initialize_environment 00401deb f   LIBCMT:env_mode.obj
 0001:00000dee       __initialize_default_precision 00401dee f   LIBCMT:default_precision.obj
 0001:00000e0f       __initialize_invalid_parameter_handler 00401e0f f   LIBCMT:invalid_parameter_handler.obj
 0001:00000e10       __initialize_denormal_control 00401e10 f   LIBCMT:denormal_control.obj
 0001:00000e11       ___local_stdio_scanf_options 00401e11 f i LIBCMT:default_local_stdio_options.obj
 0001:00000e17       ___scrt_initialize_default_local_stdio_options 00401e17 f   LIBCMT:default_local_stdio_options.obj
 0001:00000e34       ___scrt_is_user_matherr_present 00401e34 f   LIBCMT:matherr_detection.obj
 0001:00000e40       ___scrt_get_dyn_tls_init_callback 00401e40 f   LIBCMT:dyn_tls_init.obj
 0001:00000e46       ___scrt_get_dyn_tls_dtor_callback 00401e46 f   LIBCMT:dyn_tls_dtor.obj
 0001:00000e4c       ___scrt_fastfail           00401e4c f   LIBCMT:utility_desktop.obj
 0001:00000f68       ___scrt_get_show_window_mode 00401f68 f   LIBCMT:utility_desktop.obj
 0001:00000f9b       ___scrt_initialize_winrt   00401f9b f   LIBCMT:utility_desktop.obj
 0001:00000f9e       ___scrt_is_managed_app     00401f9e f   LIBCMT:utility_desktop.obj
 0001:00000fe2       ___scrt_set_unhandled_exception_filter 00401fe2 f   LIBCMT:utility_desktop.obj
 0001:00000fee       ___scrt_unhandled_exception_filter@4 00401fee f   LIBCMT:utility_desktop.obj
 0001:0000102f       __crt_debugger_hook        0040202f f   LIBCMT:utility_desktop.obj
 0001:00001037       __RTC_Initialize           00402037 f   LIBCMT:_initsect_.obj
 0001:00001062       __RTC_Terminate            00402062 f   LIBCMT:_initsect_.obj
 0001:0000108d       @_guard_check_icall@4      0040208d f i LIBCMT:checkcfg.obj
 0001:000010a0       __SEH_prolog4              004020a0 f   LIBCMT:_sehprolg4_.obj
 0001:000010e6       __SEH_epilog4              004020e6 f   LIBCMT:_sehprolg4_.obj
 0001:000010fb       ___isa_available_init      004020fb f   LIBCMT:_cpu_disp_.obj
 0001:0000129a       ___scrt_is_ucrt_dll_in_use 0040229a f   LIBCMT:ucrt_detection.obj
 0001:000012a6       @_guard_check_icall_nop@4  004022a6 f i LIBCMT:guard_support.obj
 0001:000012a7       _ReadNoFence               004022a7 f i LIBCMT:guard_support.obj
 0001:000012b1       _ReadPointerNoFence        004022b1 f i LIBCMT:guard_support.obj
 0001:000012bb       __guard_icall_checks_enforced 004022bb f i LIBCMT:guard_support.obj
 0001:000012cd       ?_CallCatchBlock2@@YAPAXPAUEHRegistrationNode@@PBU_s_FuncInfo@@PAXHK@Z 004022cd f   libvcruntime:trnsctrl.obj
 0001:0000132d       ?_CallSETranslator@@YAHPAUEHExceptionRecord@@PAUEHRegistrationNode@@PAX2PBU_s_FuncInfo@@H1@Z 0040232d f   libvcruntime:trnsctrl.obj
 0001:0000140a       ?_GetRangeOfTrysToCheck@@YAPBU_s_TryBlockMapEntry@@PBU_s_FuncInfo@@HHPAI1@Z 0040240a f   libvcruntime:trnsctrl.obj
 0001:00001482       ?_JumpToContinuation@@YGXPAXPAUEHRegistrationNode@@@Z 00402482 f   libvcruntime:trnsctrl.obj
 0001:000014b4       ?_UnwindNestedFrames@@YGXPAUEHRegistrationNode@@PAUEHExceptionRecord@@@Z 004024b4 f   libvcruntime:trnsctrl.obj
 0001:00001509       __CatchGuardHandler        00402509 f   libvcruntime:trnsctrl.obj
 0001:0000153a       __CreateFrameInfo          0040253a f   libvcruntime:trnsctrl.obj
 0001:0000155e       __FindAndUnlinkFrame       0040255e f   libvcruntime:trnsctrl.obj
 0001:000015a8       __TranslatorGuardHandler   004025a8 f   libvcruntime:trnsctrl.obj
 0001:00001647       ___CxxFrameHandler         00402647 f   libvcruntime:trnsctrl.obj
 0001:0000167d       ___CxxFrameHandler2        0040267d f   libvcruntime:trnsctrl.obj
 0001:000016b3       ___CxxFrameHandler3        004026b3 f   libvcruntime:trnsctrl.obj
 0001:000016e9       ___CxxLongjmpUnwind@4      004026e9 f   libvcruntime:trnsctrl.obj
 0001:00001750       __except_handler4          00402750 f   libvcruntime:_chandler4_.obj
 0001:000018b6       ___vcrt_initialize         004028b6 f   libvcruntime:initialization.obj
 0001:000018df       ___vcrt_thread_attach      004028df f   libvcruntime:initialization.obj
 0001:000018ea       ___vcrt_thread_detach      004028ea f   libvcruntime:initialization.obj
 0001:000018f5       ___vcrt_uninitialize       004028f5 f   libvcruntime:initialization.obj
 0001:00001914       ___vcrt_uninitialize_critical 00402914 f   libvcruntime:initialization.obj
 0001:0000192b       ??$?RD@__crt_internal_free_policy@@QBEXQBD@Z 0040292b f i libvcruntime:std_type_info.obj
 0001:0000193b       ??$?RX@__crt_internal_free_policy@@QBEXQBX@Z 0040293b f i libvcruntime:std_type_info.obj
 0001:0000194b       ??$__crt_interlocked_compare_exchange_pointer@$$CBDPAD$$T@@YAPBDPDSBDQAD$$T@Z 0040294b f i libvcruntime:std_type_info.obj
 0001:0000195d       ??$__crt_interlocked_read_pointer@$$CBD@@YAPBDPDSBD@Z 0040295d f i libvcruntime:std_type_info.obj
 0001:00001967       ??0?$__crt_unique_heap_ptr@DU__crt_internal_free_policy@@@@QAE@QAD@Z 00402967 f i libvcruntime:std_type_info.obj
 0001:00001975       ??0?$__crt_unique_heap_ptr@XU__crt_internal_free_policy@@@@QAE@QAX@Z 00402975 f i libvcruntime:std_type_info.obj
 0001:00001983       ??1?$__crt_unique_heap_ptr@DU__crt_internal_free_policy@@@@QAE@XZ 00402983 f i libvcruntime:std_type_info.obj
 0001:00001993       ??1?$__crt_unique_heap_ptr@XU__crt_internal_free_policy@@@@QAE@XZ 00402993 f i libvcruntime:std_type_info.obj
 0001:000019af       ??B?$__crt_unique_heap_ptr@DU__crt_internal_free_policy@@@@QBE_NXZ 004029af f i libvcruntime:std_type_info.obj
 0001:000019b6       ??B?$__crt_unique_heap_ptr@XU__crt_internal_free_policy@@@@QBE_NXZ 004029b6 f i libvcruntime:std_type_info.obj
 0001:000019dd       ?__crt_interlocked_read_32@@YAHPDH@Z 004029dd f i libvcruntime:std_type_info.obj
 0001:000019e7       ?detach@?$__crt_unique_heap_ptr@XU__crt_internal_free_policy@@@@QAEPAXXZ 004029e7 f i libvcruntime:std_type_info.obj
 0001:000019ed       ?get@?$__crt_unique_heap_ptr@DU__crt_internal_free_policy@@@@QBEPADXZ 004029ed f i libvcruntime:std_type_info.obj
 0001:000019f0       ?get@?$__crt_unique_heap_ptr@XU__crt_internal_free_policy@@@@QBEPAXXZ 004029f0 f i libvcruntime:std_type_info.obj
 0001:000019f3       ?is_valid@?$__crt_unique_heap_ptr@DU__crt_internal_free_policy@@@@QBE_NXZ 004029f3 f i libvcruntime:std_type_info.obj
 0001:000019fa       ?is_valid@?$__crt_unique_heap_ptr@XU__crt_internal_free_policy@@@@QBE_NXZ 004029fa f i libvcruntime:std_type_info.obj
 0001:00001a01       ?release@?$__crt_unique_heap_ptr@DU__crt_internal_free_policy@@@@QAEXXZ 00402a01 f i libvcruntime:std_type_info.obj
 0001:00001a11       ?release@?$__crt_unique_heap_ptr@XU__crt_internal_free_policy@@@@QAEXXZ 00402a11 f i libvcruntime:std_type_info.obj
 0001:00001a21       ___std_type_info_compare   00402a21 f   libvcruntime:std_type_info.obj
 0001:00001a5d       ___std_type_info_destroy_list 00402a5d f   libvcruntime:std_type_info.obj
 0001:00001a80       ___std_type_info_hash      00402a80 f   libvcruntime:std_type_info.obj
 0001:00001aa6       ___std_type_info_name      00402aa6 f   libvcruntime:std_type_info.obj
 0001:00001b70       _memset                    00402b70 f   libvcruntime:memset.obj
 0001:00001cca       ??$?RU__vcrt_ptd@@@__crt_internal_free_policy@@QBEXQBU__vcrt_ptd@@@Z 00402cca f i libvcruntime:per_thread_data.obj
 0001:00001cda       ??0?$__crt_unique_heap_ptr@U__vcrt_ptd@@U__crt_internal_free_policy@@@@QAE@QAU__vcrt_ptd@@@Z 00402cda f i libvcruntime:per_thread_data.obj
 0001:00001cf7       ??1?$__crt_unique_heap_ptr@U__vcrt_ptd@@U__crt_internal_free_policy@@@@QAE@XZ 00402cf7 f i libvcruntime:per_thread_data.obj
 0001:00001d10       ??B?$__crt_unique_heap_ptr@U__vcrt_ptd@@U__crt_internal_free_policy@@@@QBE_NXZ 00402d10 f i libvcruntime:per_thread_data.obj
 0001:00001d17       ?detach@?$__crt_unique_heap_ptr@U__vcrt_ptd@@U__crt_internal_free_policy@@@@QAEPAU__vcrt_ptd@@XZ 00402d17 f i libvcruntime:per_thread_data.obj
 0001:00001d1d       ?get@?$__crt_unique_heap_ptr@U__vcrt_ptd@@U__crt_internal_free_policy@@@@QBEPAU__vcrt_ptd@@XZ 00402d1d f i libvcruntime:per_thread_data.obj
 0001:00001d20       ?is_valid@?$__crt_unique_heap_ptr@U__vcrt_ptd@@U__crt_internal_free_policy@@@@QBE_NXZ 00402d20 f i libvcruntime:per_thread_data.obj
 0001:00001d27       ?release@?$__crt_unique_heap_ptr@U__vcrt_ptd@@U__crt_internal_free_policy@@@@QAEXXZ 00402d27 f i libvcruntime:per_thread_data.obj
 0001:00001d51       ___vcrt_freefls@4          00402d51 f   libvcruntime:per_thread_data.obj
 0001:00001d6d       ___vcrt_freeptd            00402d6d f   libvcruntime:per_thread_data.obj
 0001:00001da3       ___vcrt_getptd             00402da3 f   libvcruntime:per_thread_data.obj
 0001:00001db1       ___vcrt_getptd_noexit      00402db1 f   libvcruntime:per_thread_data.obj
 0001:00001e43       ___vcrt_getptd_noinit      00402e43 f   libvcruntime:per_thread_data.obj
 0001:00001e7a       ___vcrt_initialize_ptd     00402e7a f   libvcruntime:per_thread_data.obj
 0001:00001ead       ___vcrt_uninitialize_ptd   00402ead f   libvcruntime:per_thread_data.obj
 0001:00001ed0       __CallSettingFrame@12      00402ed0 f   libvcruntime:lowhelpr.obj
 0001:00001ef7       __NLG_Return               00402ef7     libvcruntime:lowhelpr.obj
 0001:00001f1c       ??0bad_exception@std@@QAE@ABV01@@Z 00402f1c f i libvcruntime:frame.obj
 0001:00001f37       ??0bad_exception@std@@QAE@XZ 00402f37 f i libvcruntime:frame.obj
 0001:00001f4f       ??0exception@std@@QAE@ABV01@@Z 00402f4f f i libvcruntime:frame.obj
 0001:00001f7b       ??0exception@std@@QAE@QBDH@Z 00402f7b f i libvcruntime:frame.obj
 0001:00001f98       ??1bad_exception@std@@UAE@XZ 00402f98 f i libvcruntime:frame.obj
 0001:00001fa9       ??1exception@std@@UAE@XZ   00402fa9 f i libvcruntime:frame.obj
 0001:00001fba       ??8type_info@@QBE_NABV0@@Z 00402fba f i libvcruntime:frame.obj
 0001:00001fd9       ??_Gbad_exception@std@@UAEPAXI@Z 00402fd9 f i libvcruntime:frame.obj
 0001:00001fd9       ??_Ebad_exception@std@@UAEPAXI@Z 00402fd9 f i libvcruntime:frame.obj
 0001:00002006       ??_Eexception@std@@UAEPAXI@Z 00403006 f i libvcruntime:frame.obj
 0001:00002006       ??_Gexception@std@@UAEPAXI@Z 00403006 f i libvcruntime:frame.obj
 0001:00002864       ?_CallMemberFunction1@@YGXQAX00@Z 00403864 f i libvcruntime:frame.obj
 0001:00002874       ?_CallMemberFunction2@@YGXQAX00H@Z 00403874 f i libvcruntime:frame.obj
 0001:00002887       ?_ValidateExecute@@YA_NP6GHXZ@Z 00403887 f i libvcruntime:frame.obj
 0001:00002893       ?_ValidateRead@@YA_NPBXI@Z 00403893 f i libvcruntime:frame.obj
 0001:0000289f       ?_ValidateWrite@@YA_NPAXI@Z 0040389f f i libvcruntime:frame.obj
 0001:000028ab       ?what@exception@std@@UBEPBDXZ 004038ab f i libvcruntime:frame.obj
 0001:000028b8       ___BuildCatchObject        004038b8 f   libvcruntime:frame.obj
 0001:00002947       ___BuildCatchObjectHelper  00403947 f   libvcruntime:frame.obj
 0001:00002a75       ___FrameUnwindToState      00403a75 f   libvcruntime:frame.obj
 0001:00002b3d       ___InternalCxxFrameHandler 00403b3d f   libvcruntime:frame.obj
 0001:00002c39       ___TypeMatch               00403c39 f   libvcruntime:frame.obj
 0001:00002cc7       ___vcrt_EncodePointer      00403cc7 f i libvcruntime:frame.obj
 0001:00002cd5       ___except_validate_context_record 00403cd5 f   libvcruntime:jbcxrval.obj
 0001:00002d05       ___except_validate_jump_buffer 00403d05 f   libvcruntime:jbcxrval.obj
 0001:00002d40       __local_unwind4            00403d40 f   libvcruntime:_exsup4_.obj
 0001:00002e18       __seh_longjmp_unwind4@4    00403e18 f   libvcruntime:_exsup4_.obj
 0001:00002e40       @_EH4_CallFilterFunc@8     00403e40 f   libvcruntime:_exsup4_.obj
 0001:00002e58       @_EH4_TransferToHandler@8  00403e58 f   libvcruntime:_exsup4_.obj
 0001:00002e74       @_EH4_GlobalUnwind2@8      00403e74 f   libvcruntime:_exsup4_.obj
 0001:00002e90       @_EH4_LocalUnwind@16       00403e90 f   libvcruntime:_exsup4_.obj
 0001:00002ea7       ___vcrt_initialize_locks   00403ea7 f   libvcruntime:locks.obj
 0001:00002ee3       ___vcrt_lock               00403ee3 f   libvcruntime:locks.obj
 0001:00002ef8       ___vcrt_uninitialize_locks 00403ef8 f   libvcruntime:locks.obj
 0001:00002f27       ___vcrt_unlock             00403f27 f   libvcruntime:locks.obj
 0001:00002f3c       ??$?BX@__crt_fast_encoded_nullptr_t@@QBEPAXXZ 00403f3c f i libvcruntime:winapi_downlevel.obj
 0001:00002f54       ??$__crt_fast_decode_pointer@PAX@@YAPAXQAX@Z 00403f54 f i libvcruntime:winapi_downlevel.obj
 0001:00002f68       ??$__crt_fast_encode_pointer@PAX@@YAPAXQAX@Z 00403f68 f i libvcruntime:winapi_downlevel.obj
 0001:00002f85       ??$__crt_interlocked_exchange_pointer@UHINSTANCE__@@PAU1@@@YAPAUHINSTANCE__@@PDSAU0@QAU0@@Z 00403f85 f i libvcruntime:winapi_downlevel.obj
 0001:00002f92       ??$__crt_interlocked_exchange_pointer@UHINSTANCE__@@PAX@@YAPAUHINSTANCE__@@PDSAU0@QAX@Z 00403f92 f i libvcruntime:winapi_downlevel.obj
 0001:00002f9f       ??$__crt_interlocked_exchange_pointer@XPAX@@YAPAXPDSAXQAX@Z 00403f9f f i libvcruntime:winapi_downlevel.obj
 0001:00002fac       ??$__crt_interlocked_read_pointer@UHINSTANCE__@@@@YAPAUHINSTANCE__@@PDSAU0@@Z 00403fac f i libvcruntime:winapi_downlevel.obj
 0001:00002fb6       ??$__crt_interlocked_read_pointer@X@@YAPAXPDSAX@Z 00403fb6 f i libvcruntime:winapi_downlevel.obj
 0001:00002fc0       ?__crt_fast_encode_pointer@@YA?AU__crt_fast_encoded_nullptr_t@@$$T@Z 00403fc0 f i libvcruntime:winapi_downlevel.obj
 0001:00003269       ___vcrt_FlsAlloc           00404269 f   libvcruntime:winapi_downlevel.obj
 0001:000032a3       ___vcrt_FlsFree            004042a3 f   libvcruntime:winapi_downlevel.obj
 0001:000032dd       ___vcrt_FlsGetValue        004042dd f   libvcruntime:winapi_downlevel.obj
 0001:00003317       ___vcrt_FlsSetValue        00404317 f   libvcruntime:winapi_downlevel.obj
 0001:00003354       ___vcrt_InitializeCriticalSectionEx 00404354 f   libvcruntime:winapi_downlevel.obj
 0001:0000339a       ___vcrt_initialize_winapi_thunks 0040439a f   libvcruntime:winapi_downlevel.obj
 0001:000033d4       ___vcrt_uninitialize_winapi_thunks 004043d4 f   libvcruntime:winapi_downlevel.obj
 0001:00003406       ??$?B$$A6AXXZ@__crt_fast_encoded_nullptr_t@@QBEP6AXXZXZ 00404406 f i libvcruntime:purevirt_data.obj
 0001:0000341e       ??$__crt_fast_encode_pointer@P6AXXZ@@YAP6AXXZQ6AXXZ@Z 0040441e f i libvcruntime:purevirt_data.obj
 0001:0000343b       ___vcrt_initialize_pure_virtual_call_handler 0040443b f   libvcruntime:purevirt_data.obj
 0001:00003458       ??0Block@_HeapManager@@QAE@XZ 00404458 f i libvcruntime:undname.obj
 0001:0000345e       ??0DName@@QAE@AAPBDD@Z     0040445e f   libvcruntime:undname.obj
 0001:00003510       ??0DName@@QAE@ABV0@@Z      00404510 f i libvcruntime:undname.obj
 0001:00003526       ??0DName@@QAE@D@Z          00404526 f   libvcruntime:undname.obj
 0001:0000354b       ??0DName@@QAE@PAV0@@Z      0040454b f   libvcruntime:undname.obj
 0001:00003594       ??0DName@@QAE@PBD@Z        00404594 f   libvcruntime:undname.obj
 0001:000035c7       ??0DName@@QAE@W4DNameStatus@@@Z 004045c7 f   libvcruntime:undname.obj
 0001:00003607       ??0DName@@QAE@XZ           00404607 f i libvcruntime:undname.obj
 0001:00003611       ??0DName@@QAE@_J@Z         00404611 f   libvcruntime:undname.obj
 0001:0000369f       ??0DName@@QAE@_K@Z         0040469f f   libvcruntime:undname.obj
 0001:00003707       ??0DNameNode@@IAE@XZ       00404707 f   libvcruntime:undname.obj
 0001:00003710       ??0DNameStatusNode@@AAE@W4DNameStatus@@@Z 00404710 f   libvcruntime:undname.obj
 0001:00003733       ??0Replicator@@QAE@XZ      00404733 f i libvcruntime:undname.obj
 0001:00003739       ??0UnDecorator@@QAE@PADPBDHP6APADJ@ZK@Z 00404739 f i libvcruntime:undname.obj
 0001:000037a2       ??0charNode@@QAE@D@Z       004047a2 f   libvcruntime:undname.obj
 0001:000037b7       ??0pDNameNode@@QAE@PAVDName@@@Z 004047b7 f   libvcruntime:undname.obj
 0001:000037df       ??0pairNode@@QAE@PAVDNameNode@@0@Z 004047df f   libvcruntime:undname.obj
 0001:000037fe       ??0pcharNode@@QAE@PBDH@Z   004047fe f   libvcruntime:undname.obj
 0001:00003857       ??2@YAPAXIAAV_HeapManager@@H@Z 00404857 f i libvcruntime:undname.obj
 0001:0000386c       ??4DName@@QAEAAV0@ABV0@@Z  0040486c f   libvcruntime:undname.obj
 0001:00003882       ??4DName@@QAEAAV0@D@Z      00404882 f i libvcruntime:undname.obj
 0001:000038a7       ??4DName@@QAEAAV0@PAV0@@Z  004048a7 f   libvcruntime:undname.obj
 0001:000038e9       ??4DName@@QAEAAV0@PBD@Z    004048e9 f   libvcruntime:undname.obj
 0001:00003914       ??4DName@@QAEAAV0@W4DNameStatus@@@Z 00404914 f   libvcruntime:undname.obj
 0001:00003946       ??AReplicator@@QBE?AVDName@@H@Z 00404946 f   libvcruntime:undname.obj
 0001:0000398c       ??BUnDecorator@@QAEPADXZ   0040498c f i libvcruntime:undname.obj
 0001:00003af3       ??H@YA?AVDName@@DABV0@@Z   00404af3 f i libvcruntime:undname.obj
 0001:00003b17       ??H@YA?AVDName@@PBDABV0@@Z 00404b17 f i libvcruntime:undname.obj
 0001:00003b3b       ??H@YA?AVDName@@W4DNameStatus@@ABV0@@Z 00404b3b f i libvcruntime:undname.obj
 0001:00003b5f       ??HDName@@QBE?AV0@ABV0@@Z  00404b5f f   libvcruntime:undname.obj
 0001:00003b81       ??HDName@@QBE?AV0@D@Z      00404b81 f   libvcruntime:undname.obj
 0001:00003ba3       ??HDName@@QBE?AV0@PAV0@@Z  00404ba3 f   libvcruntime:undname.obj
 0001:00003bc5       ??HDName@@QBE?AV0@PBD@Z    00404bc5 f   libvcruntime:undname.obj
 0001:00003be7       ??HDName@@QBE?AV0@W4DNameStatus@@@Z 00404be7 f   libvcruntime:undname.obj
 0001:00003c09       ??YDName@@QAEAAV0@ABV0@@Z  00404c09 f   libvcruntime:undname.obj
 0001:00003c4a       ??YDName@@QAEAAV0@D@Z      00404c4a f   libvcruntime:undname.obj
 0001:00003c9a       ??YDName@@QAEAAV0@PAV0@@Z  00404c9a f   libvcruntime:undname.obj
 0001:00003cff       ??YDName@@QAEAAV0@PBD@Z    00404cff f   libvcruntime:undname.obj
 0001:00003d60       ??YDName@@QAEAAV0@W4DNameStatus@@@Z 00404d60 f   libvcruntime:undname.obj
 0001:00003da0       ??YReplicator@@QAEAAV0@ABVDName@@@Z 00404da0 f   libvcruntime:undname.obj
 0001:00003dea       ??_5DName@@QAEAAV0@ABV0@@Z 00404dea f   libvcruntime:undname.obj
 0001:00003e06       ?Constructor@_HeapManager@@QAEXP6APAXI@ZP6AXPAX@Z@Z 00404e06 f i libvcruntime:undname.obj
 0001:00003e23       ?Destructor@_HeapManager@@QAEXXZ 00404e23 f i libvcruntime:undname.obj
 0001:00003e5a       ?UScore@UnDecorator@@SAPBDW4Tokens@@@Z 00404e5a f   libvcruntime:undname.obj
 0001:00003e77       ?append@DName@@AAEXPAVDNameNode@@@Z 00404e77 f   libvcruntime:undname.obj
 0001:00003ebd       ?composeDeclaration@UnDecorator@@CA?AVDName@@ABV2@@Z 00404ebd f i libvcruntime:undname.obj
 0001:00004b89       ?doAccessSpecifiers@UnDecorator@@SAHXZ 00405b89 f i libvcruntime:undname.obj
 0001:00004b97       ?doAllocationLanguage@UnDecorator@@SAHXZ 00405b97 f i libvcruntime:undname.obj
 0001:00004ba5       ?doAllocationModel@UnDecorator@@SAHXZ 00405ba5 f i libvcruntime:undname.obj
 0001:00004bb3       ?doEcsu@UnDecorator@@SAHXZ 00405bb3 f i libvcruntime:undname.obj
 0001:00004bc1       ?doEllipsis@UnDecorator@@SAHXZ 00405bc1 f i libvcruntime:undname.obj
 0001:00004bcf       ?doFunctionReturns@UnDecorator@@SAHXZ 00405bcf f i libvcruntime:undname.obj
 0001:00004bdd       ?doMSKeywords@UnDecorator@@SAHXZ 00405bdd f i libvcruntime:undname.obj
 0001:00004bea       ?doMemberTypes@UnDecorator@@SAHXZ 00405bea f i libvcruntime:undname.obj
 0001:00004bf8       ?doNameOnly@UnDecorator@@SAHXZ 00405bf8 f i libvcruntime:undname.obj
 0001:00004c03       ?doNoIdentCharCheck@UnDecorator@@SAHXZ 00405c03 f i libvcruntime:undname.obj
 0001:00004c0e       ?doPchar@DName@@AAEXPBDH@Z 00405c0e f   libvcruntime:undname.obj
 0001:00004c94       ?doPtr64@UnDecorator@@SAHXZ 00405c94 f i libvcruntime:undname.obj
 0001:00004ca2       ?doRestrictionSpec@UnDecorator@@SAHXZ 00405ca2 f i libvcruntime:undname.obj
 0001:00004cb0       ?doThisTypes@UnDecorator@@SAHXZ 00405cb0 f i libvcruntime:undname.obj
 0001:00004cc2       ?doThrowTypes@UnDecorator@@SAHXZ 00405cc2 f i libvcruntime:undname.obj
 0001:00004cd0       ?doTypeOnly@UnDecorator@@SAHXZ 00405cd0 f i libvcruntime:undname.obj
 0001:00004cdb       ?doUnderScore@UnDecorator@@SAHXZ 00405cdb f i libvcruntime:undname.obj
 0001:00004ce6       ?getArgumentList@UnDecorator@@CA?AVDName@@XZ 00405ce6 f   libvcruntime:undname.obj
 0001:00004de8       ?getArgumentTypes@UnDecorator@@CA?AVDName@@XZ 00405de8 f   libvcruntime:undname.obj
 0001:00004ecc       ?getArrayType@UnDecorator@@CA?AVDName@@ABV2@@Z 00405ecc f i libvcruntime:undname.obj
 0001:000050c1       ?getBasedType@UnDecorator@@CA?AVDName@@XZ 004060c1 f   libvcruntime:undname.obj
 0001:0000515b       ?getBasicDataType@UnDecorator@@CA?AVDName@@ABV2@@Z 0040615b f   libvcruntime:undname.obj
 0001:00005552       ?getCallIndex@UnDecorator@@CA?AVDName@@XZ 00406552 f i libvcruntime:undname.obj
 0001:00005566       ?getCallingConvention@UnDecorator@@CA?AVDName@@XZ 00406566 f   libvcruntime:undname.obj
 0001:00005627       ?getDataIndirectType@UnDecorator@@CA?AVDName@@ABV2@PBD0H@Z 00406627 f   libvcruntime:undname.obj
 0001:00005c3a       ?getDataIndirectType@UnDecorator@@CA?AVDName@@XZ 00406c3a f i libvcruntime:undname.obj
 0001:00005c6e       ?getDataType@UnDecorator@@CA?AVDName@@PAV2@@Z 00406c6e f   libvcruntime:undname.obj
 0001:00005d3c       ?getDecoratedName@UnDecorator@@CA?AVDName@@XZ 00406d3c f   libvcruntime:undname.obj
 0001:00005f90       ?getDimension@UnDecorator@@CA?AVDName@@_N@Z 00406f90 f   libvcruntime:undname.obj
 0001:000060d3       ?getDispatchTarget@UnDecorator@@CA?AVDName@@XZ 004070d3 f   libvcruntime:undname.obj
 0001:00006128       ?getDisplacement@UnDecorator@@CA?AVDName@@XZ 00407128 f i libvcruntime:undname.obj
 0001:0000613c       ?getECSUDataType@UnDecorator@@CA?AVDName@@XZ 0040713c f   libvcruntime:undname.obj
 0001:00006254       ?getECSUName@UnDecorator@@CA?AVDName@@XZ 00407254 f i libvcruntime:undname.obj
 0001:00006265       ?getEnumType@UnDecorator@@CA?AVDName@@XZ 00407265 f i libvcruntime:undname.obj
 0001:00006359       ?getExtendedDataIndirectType@UnDecorator@@CA?AVDName@@AAPBDAA_NH@Z 00407359 f   libvcruntime:undname.obj
 0001:00006518       ?getExternalDataType@UnDecorator@@CA?AVDName@@ABV2@@Z 00407518 f i libvcruntime:undname.obj
 0001:0000658a       ?getFunctionIndirectType@UnDecorator@@CA?AVDName@@ABV2@@Z 0040758a f   libvcruntime:undname.obj
 0001:000069a5       ?getGuardNumber@UnDecorator@@CA?AVDName@@XZ 004079a5 f i libvcruntime:undname.obj
 0001:000069b9       ?getLastChar@DName@@QBEDXZ 004079b9 f i libvcruntime:undname.obj
 0001:000069d8       ?getLastChar@DNameStatusNode@@UBEDXZ 004079d8 f i libvcruntime:undname.obj
 0001:000069e4       ?getLastChar@charNode@@UBEDXZ 004079e4 f i libvcruntime:undname.obj
 0001:000069e8       ?getLastChar@pDNameNode@@UBEDXZ 004079e8 f i libvcruntime:undname.obj
 0001:000069f6       ?getLastChar@pairNode@@UBEDXZ 004079f6 f i libvcruntime:undname.obj
 0001:00006a29       ?getLastChar@pcharNode@@UBEDXZ 00407a29 f i libvcruntime:undname.obj
 0001:00006a3b       ?getLexicalFrame@UnDecorator@@CA?AVDName@@XZ 00407a3b f i libvcruntime:undname.obj
 0001:00006a78       ?getMemory@_HeapManager@@QAEPAXIH@Z 00407a78 f   libvcruntime:undname.obj
 0001:00006b06       ?getNumberOfDimensions@UnDecorator@@CAHXZ 00407b06 f   libvcruntime:undname.obj
 0001:00006b67       ?getOperatorName@UnDecorator@@CA?AVDName@@_NPA_N@Z 00407b67 f i libvcruntime:undname.obj
 0001:000071a3       ?getPointerType@UnDecorator@@CA?AVDName@@ABV2@0@Z 004081a3 f i libvcruntime:undname.obj
 0001:000071c1       ?getPointerTypeArray@UnDecorator@@CA?AVDName@@ABV2@0@Z 004081c1 f i libvcruntime:undname.obj
 0001:000071df       ?getPrimaryDataType@UnDecorator@@CA?AVDName@@ABV2@@Z 004081df f   libvcruntime:undname.obj
 0001:000073d0       ?getPtrRefDataType@UnDecorator@@CA?AVDName@@ABV2@H@Z 004083d0 f   libvcruntime:undname.obj
 0001:00007503       ?getPtrRefType@UnDecorator@@CA?AVDName@@ABV2@0PBD@Z 00408503 f   libvcruntime:undname.obj
 0001:000075ff       ?getReferenceType@UnDecorator@@CA?AVDName@@ABV2@0PBD@Z 004085ff f i libvcruntime:undname.obj
 0001:0000761b       ?getRestrictionSpec@UnDecorator@@CA?AVDName@@XZ 0040861b f   libvcruntime:undname.obj
 0001:000076fc       ?getReturnType@UnDecorator@@CA?AVDName@@PAV2@@Z 004086fc f   libvcruntime:undname.obj
 0001:0000772b       ?getScope@UnDecorator@@CA?AVDName@@XZ 0040872b f   libvcruntime:undname.obj
 0001:00007add       ?getScopedName@UnDecorator@@CA?AVDName@@XZ 00408add f   libvcruntime:undname.obj
 0001:00007bb9       ?getSignedDimension@UnDecorator@@CA?AVDName@@XZ 00408bb9 f   libvcruntime:undname.obj
 0001:00007c0c       ?getStorageConvention@UnDecorator@@CA?AVDName@@XZ 00408c0c f i libvcruntime:undname.obj
 0001:00007c1d       ?getString@DName@@QBEPADPAD0@Z 00408c1d f i libvcruntime:undname.obj
 0001:00007c49       ?getString@DName@@QBEPADPADH@Z 00408c49 f i libvcruntime:undname.obj
 0001:00007c9f       ?getString@DNameStatusNode@@UBEPADPAD0@Z 00408c9f f i libvcruntime:undname.obj
 0001:00007cc6       ?getString@charNode@@UBEPADPAD0@Z 00408cc6 f i libvcruntime:undname.obj
 0001:00007cdb       ?getString@pDNameNode@@UBEPADPAD0@Z 00408cdb f i libvcruntime:undname.obj
 0001:00007cf2       ?getString@pairNode@@UBEPADPAD0@Z 00408cf2 f i libvcruntime:undname.obj
 0001:00007d36       ?getString@pcharNode@@UBEPADPAD0@Z 00408d36 f i libvcruntime:undname.obj
 0001:00007d51       ?getStringEncoding@UnDecorator@@CA?AVDName@@PBDH@Z 00408d51 f   libvcruntime:undname.obj
 0001:00007e00       ?getStringHelper@@YAPADPADPBD1H@Z 00408e00 f i libvcruntime:undname.obj
 0001:00007e37       ?getSymbolName@UnDecorator@@CA?AVDName@@XZ 00408e37 f i libvcruntime:undname.obj
 0001:00007e7f       ?getTemplateArgumentList@UnDecorator@@CA?AVDName@@XZ 00408e7f f   libvcruntime:undname.obj
 0001:00008122       ?getTemplateConstant@UnDecorator@@CA?AVDName@@XZ 00409122 f   libvcruntime:undname.obj
 0001:00008472       ?getTemplateName@UnDecorator@@CA?AVDName@@_N@Z 00409472 f   libvcruntime:undname.obj
 0001:000085c9       ?getThisType@UnDecorator@@CA?AVDName@@XZ 004095c9 f i libvcruntime:undname.obj
 0001:000085fe       ?getThrowTypes@UnDecorator@@CA?AVDName@@XZ 004095fe f   libvcruntime:undname.obj
 0001:00008680       ?getTypeEncoding@UnDecorator@@CAHXZ 00409680 f i libvcruntime:undname.obj
 0001:00008980       ?getVCallThunkType@UnDecorator@@CA?AVDName@@XZ 00409980 f i libvcruntime:undname.obj
 0001:000089c7       ?getVbTableType@UnDecorator@@CA?AVDName@@ABV2@@Z 004099c7 f i libvcruntime:undname.obj
 0001:000089dc       ?getVdispMapType@UnDecorator@@CA?AVDName@@ABV2@@Z 004099dc f i libvcruntime:undname.obj
 0001:00008a32       ?getVfTableType@UnDecorator@@CA?AVDName@@ABV2@@Z 00409a32 f i libvcruntime:undname.obj
 0001:00008b8e       ?getZName@UnDecorator@@CA?AVDName@@_N0@Z 00409b8e f   libvcruntime:undname.obj
 0001:00008dc6       ?haveTemplateParameters@UnDecorator@@SAHXZ 00409dc6 f i libvcruntime:undname.obj
 0001:00008dd1       ?isArray@DName@@QBEHXZ     00409dd1 f i libvcruntime:undname.obj
 0001:00008ddb       ?isComArray@DName@@QBEHXZ  00409ddb f i libvcruntime:undname.obj
 0001:00008de5       ?isEmpty@DName@@QBEHXZ     00409de5 f i libvcruntime:undname.obj
 0001:00008ded       ?isFull@Replicator@@QBEHXZ 00409ded f i libvcruntime:undname.obj
 0001:00008df6       ?isNoTE@DName@@QBEHXZ      00409df6 f i libvcruntime:undname.obj
 0001:00008e00       ?isPinPtr@DName@@QBEHXZ    00409e00 f i libvcruntime:undname.obj
 0001:00008e0a       ?isPtrRef@DName@@QBEHXZ    00409e0a f i libvcruntime:undname.obj
 0001:00008e14       ?isUDC@DName@@QBEHXZ       00409e14 f i libvcruntime:undname.obj
 0001:00008e25       ?isUDTThunk@DName@@QBEHXZ  00409e25 f i libvcruntime:undname.obj
 0001:00008e36       ?isVCallThunk@DName@@QBEHXZ 00409e36 f i libvcruntime:undname.obj
 0001:00008e40       ?isValid@DName@@QBEHXZ     00409e40 f i libvcruntime:undname.obj
 0001:00008e4a       ?length@DName@@QBEHXZ      00409e4a f i libvcruntime:undname.obj
 0001:00008e68       ?length@DNameStatusNode@@UBEHXZ 00409e68 f i libvcruntime:undname.obj
 0001:00008e6c       ?length@charNode@@UBEHXZ   00409e6c f i libvcruntime:undname.obj
 0001:00008e70       ?length@pDNameNode@@UBEHXZ 00409e70 f i libvcruntime:undname.obj
 0001:00008e7e       ?length@pairNode@@UBEHXZ   00409e7e f i libvcruntime:undname.obj
 0001:00008ec8       ?length@pcharNode@@UBEHXZ  00409ec8 f i libvcruntime:undname.obj
 0001:00008ecc       ?make@DNameStatusNode@@SAPAV1@W4DNameStatus@@@Z 00409ecc f i libvcruntime:undname.obj
 0001:00008f54       ?setIsArray@DName@@QAEXXZ  00409f54 f i libvcruntime:undname.obj
 0001:00008f5c       ?setIsComArray@DName@@QAEXXZ 00409f5c f i libvcruntime:undname.obj
 0001:00008f64       ?setIsNoTE@DName@@QAEXXZ   00409f64 f i libvcruntime:undname.obj
 0001:00008f6c       ?setIsPinPtr@DName@@QAEXXZ 00409f6c f i libvcruntime:undname.obj
 0001:00008f74       ?setIsUDC@DName@@QAEXXZ    00409f74 f i libvcruntime:undname.obj
 0001:00008f81       ?setIsVCallThunk@DName@@QAEXXZ 00409f81 f i libvcruntime:undname.obj
 0001:00008f89       ?setPtrRef@DName@@QAEAAV1@XZ 00409f89 f i libvcruntime:undname.obj
 0001:00008f93       ?status@DName@@QBE?AW4DNameStatus@@XZ 00409f93 f i libvcruntime:undname.obj
 0001:00008fff       ___unDName                 00409fff f   libvcruntime:undname.obj
 0001:00009094       ___unDNameEx               0040a094 f   libvcruntime:undname.obj
 0001:00009129       __vsprintf_s_l             0040a129 f i libvcruntime:undname.obj
 0001:00009156       _sprintf_s                 0040a156 f i libvcruntime:undname.obj
 0001:00009180       __global_unwind2           0040a180 f   libvcruntime:_exsup_.obj
 0001:000091e6       __local_unwind2            0040a1e6 f   libvcruntime:_exsup_.obj
 0001:0000926a       __abnormal_termination     0040a26a f   libvcruntime:_exsup_.obj
 0001:00009290       __NLG_Notify1              0040a290 f   libvcruntime:_exsup_.obj
 0001:0000929c       __NLG_Notify               0040a29c f   libvcruntime:_exsup_.obj
 0001:000092b3       __NLG_Dispatch2            0040a2b3     libvcruntime:_exsup_.obj
 0001:000092b3       __NLG_Dispatch             0040a2b3     libvcruntime:_exsup_.obj
 0001:000092bb       __NLG_Call                 0040a2bb f   libvcruntime:_exsup_.obj
 0001:000092bd       __NLG_Return2              0040a2bd     libvcruntime:_exsup_.obj
 0001:000092d2       __get_unexpected           0040a2d2 f   libvcruntime:unexpected.obj
 0001:000092e4       _set_unexpected            0040a2e4 f   libvcruntime:unexpected.obj
 0001:00009302       _unexpected                0040a302 f   libvcruntime:unexpected.obj
 0001:00009320       _memmove                   0040a320 f   libvcruntime:memmove.obj
 0001:00009894       ___DestructExceptionObject 0040a894 f   libvcruntime:ehhelpers.obj
 0001:00009928       ?_CallMemberFunction0@@YGXQAX0@Z 0040a928 f i libvcruntime:ehhelpers.obj
 0001:00009935       ?raw_name@type_info@@QBEPBDXZ 0040a935 f i libvcruntime:ehhelpers.obj
 0001:00009939       __IsExceptionObjectToBeDestroyed 0040a939 f   libvcruntime:ehhelpers.obj
 0001:0000995f       __SetWinRTOutOfMemoryExceptionCallback 0040a95f f   libvcruntime:ehhelpers.obj
 0001:0000996c       ___AdjustPointer           0040a96c f   libvcruntime:ehhelpers.obj
 0001:00009991       ___FrameUnwindFilter       0040a991 f   libvcruntime:ehhelpers.obj
 0001:000099d6       ___GetPlatformExceptionInfo 0040a9d6 f   libvcruntime:ehhelpers.obj
 0001:00009a24       ___current_exception       0040aa24 f   libvcruntime:ehhelpers.obj
 0001:00009a2d       ___current_exception_context 0040aa2d f   libvcruntime:ehhelpers.obj
 0001:00009a36       ___processing_throw        0040aa36 f   libvcruntime:ehhelpers.obj
 0001:00009a3f       ___std_terminate           0040aa3f f   libvcruntime:ehhelpers.obj
 0001:00009a44       ___uncaught_exception      0040aa44 f   libvcruntime:ehhelpers.obj
 0001:00009a4f       ___uncaught_exceptions     0040aa4f f   libvcruntime:ehhelpers.obj
 0001:00009a5f       __is_exception_typeof      0040aa5f f   libvcruntime:ehhelpers.obj
 0001:00009b03       ??$?RD@__crt_public_free_policy@@QBEXQBD@Z 0040ab03 f i libvcruntime:std_exception.obj
 0001:00009b13       ??0?$__crt_unique_heap_ptr@DU__crt_public_free_policy@@@@QAE@QAD@Z 0040ab13 f i libvcruntime:std_exception.obj
 0001:00009b21       ??1?$__crt_unique_heap_ptr@DU__crt_public_free_policy@@@@QAE@XZ 0040ab21 f i libvcruntime:std_exception.obj
 0001:00009b31       ??B?$__crt_unique_heap_ptr@DU__crt_public_free_policy@@@@QBE_NXZ 0040ab31 f i libvcruntime:std_exception.obj
 0001:00009b38       ?detach@?$__crt_unique_heap_ptr@DU__crt_public_free_policy@@@@QAEPADXZ 0040ab38 f i libvcruntime:std_exception.obj
 0001:00009b3e       ?get@?$__crt_unique_heap_ptr@DU__crt_public_free_policy@@@@QBEPADXZ 0040ab3e f i libvcruntime:std_exception.obj
 0001:00009b41       ?is_valid@?$__crt_unique_heap_ptr@DU__crt_public_free_policy@@@@QBE_NXZ 0040ab41 f i libvcruntime:std_exception.obj
 0001:00009b48       ?release@?$__crt_unique_heap_ptr@DU__crt_public_free_policy@@@@QAEXXZ 0040ab48 f i libvcruntime:std_exception.obj
 0001:00009b58       ___std_exception_copy      0040ab58 f   libvcruntime:std_exception.obj
 0001:00009bbb       ___std_exception_destroy   0040abbb f   libvcruntime:std_exception.obj
 0001:00009bda       __CxxThrowException@8      0040abda f   libvcruntime:throw.obj
 0001:00009c48       ??$__crt_fast_decode_pointer@P6AXXZ@@YAP6AXXZQ6AXXZ@Z 0040ac48 f i libvcruntime:purevirt.obj
 0001:00009c5c       ??$__crt_interlocked_exchange_pointer@$$A6AXXZP6AXXZ@@YAP6AXXZPDS6AXXZQ6AXXZ@Z 0040ac5c f i libvcruntime:purevirt.obj
 0001:00009c69       ??$__crt_interlocked_read_pointer@$$A6AXXZ@@YAP6AXXZPDS6AXXZ@Z 0040ac69 f i libvcruntime:purevirt.obj
 0001:00009c73       __get_purecall_handler     0040ac73 f   libvcruntime:purevirt.obj
 0001:00009c88       __purecall                 0040ac88 f   libvcruntime:purevirt.obj
 0001:00009ca3       __set_purecall_handler     0040aca3 f   libvcruntime:purevirt.obj
 0001:00009cc8       ??$?RPAU__crt_stdio_stream_data@@@__crt_internal_free_policy@@QBEXQBQAU__crt_stdio_stream_data@@@Z 0040acc8 f i libucrt:_file.obj
 0001:00009cda       ??0?$__crt_unique_heap_ptr@PAU__crt_stdio_stream_data@@U__crt_internal_free_policy@@@@QAE@QAPAU__crt_stdio_stream_data@@@Z 0040acda f i libucrt:_file.obj
 0001:00009cea       ??0__crt_stdio_stream@@QAE@QAU_iobuf@@@Z 0040acea f i libucrt:_file.obj
 0001:00009cfa       ??1?$__crt_unique_heap_ptr@PAU__crt_stdio_stream_data@@U__crt_internal_free_policy@@@@QAE@XZ 0040acfa f i libucrt:_file.obj
 0001:00009d0c       ??C__crt_stdio_stream@@QBEPAU__crt_stdio_stream_data@@XZ 0040ad0c f i libucrt:_file.obj
 0001:00009d0f       ?detach@?$__crt_unique_heap_ptr@PAU__crt_stdio_stream_data@@U__crt_internal_free_policy@@@@QAEPAPAU__crt_stdio_stream_data@@XZ 0040ad0f f i libucrt:_file.obj
 0001:00009d15       ?release@?$__crt_unique_heap_ptr@PAU__crt_stdio_stream_data@@U__crt_internal_free_policy@@@@QAEXXZ 0040ad15 f i libucrt:_file.obj
 0001:00009d27       ___acrt_initialize_stdio   0040ad27 f   libucrt:_file.obj
 0001:00009def       ___acrt_iob_func           0040adef f   libucrt:_file.obj
 0001:00009dff       ___acrt_uninitialize_stdio 0040adff f   libucrt:_file.obj
 0001:00009e4b       __get_stream_buffer_pointers 0040ae4b f   libucrt:_file.obj
 0001:00009e91       __lock_file                0040ae91 f   libucrt:_file.obj
 0001:00009ea5       __unlock_file              0040aea5 f   libucrt:_file.obj
 0001:00009eb9       ??$?0ABV?$stream_output_adapter@D@__crt_stdio_output@@AB_KABQBDABQAU__crt_locale_pointers@@ABQAD@?$format_validation_base@DV?$stream_output_adapter@D@__crt_stdio_output@@@__crt_stdio_output@@IAE@ABV?$stream_output_adapter@D@1@AB_KABQBDABQAU__crt_locale_pointers@@ABQAD@Z 0040aeb9 f i libucrt:output.obj
 0001:00009edc       ??$?0ABV?$stream_output_adapter@D@__crt_stdio_output@@AB_KABQBDABQAU__crt_locale_pointers@@ABQAD@?$positional_parameter_base@DV?$stream_output_adapter@D@__crt_stdio_output@@@__crt_stdio_output@@IAE@ABV?$stream_output_adapter@D@1@AB_KABQBDABQAU__crt_locale_pointers@@ABQAD@Z 0040aedc f i libucrt:output.obj
 0001:00009f24       ??$?0ABV?$stream_output_adapter@D@__crt_stdio_output@@AB_KABQBDABQAU__crt_locale_pointers@@ABQAD@?$standard_base@DV?$stream_output_adapter@D@__crt_stdio_output@@@__crt_stdio_output@@IAE@ABV?$stream_output_adapter@D@1@AB_KABQBDABQAU__crt_locale_pointers@@ABQAD@Z 0040af24 f i libucrt:output.obj
 0001:00009f59       ??$?0ABV?$stream_output_adapter@_W@__crt_stdio_output@@AB_KABQB_WABQAU__crt_locale_pointers@@ABQAD@?$format_validation_base@_WV?$stream_output_adapter@_W@__crt_stdio_output@@@__crt_stdio_output@@IAE@ABV?$stream_output_adapter@_W@1@AB_KABQB_WABQAU__crt_locale_pointers@@ABQAD@Z 0040af59 f i libucrt:output.obj
 0001:00009f7c       ??$?0ABV?$stream_output_adapter@_W@__crt_stdio_output@@AB_KABQB_WABQAU__crt_locale_pointers@@ABQAD@?$positional_parameter_base@_WV?$stream_output_adapter@_W@__crt_stdio_output@@@__crt_stdio_output@@IAE@ABV?$stream_output_adapter@_W@1@AB_KABQB_WABQAU__crt_locale_pointers@@ABQAD@Z 0040af7c f i libucrt:output.obj
 0001:00009fc4       ??$?0ABV?$stream_output_adapter@_W@__crt_stdio_output@@AB_KABQB_WABQAU__crt_locale_pointers@@ABQAD@?$standard_base@_WV?$stream_output_adapter@_W@__crt_stdio_output@@@__crt_stdio_output@@IAE@ABV?$stream_output_adapter@_W@1@AB_KABQB_WABQAU__crt_locale_pointers@@ABQAD@Z 0040afc4 f i libucrt:output.obj
 0001:00009ff9       ??$?0ABV?$string_output_adapter@D@__crt_stdio_output@@AB_KABQBDABQAU__crt_locale_pointers@@ABQAD@?$format_validation_base@DV?$string_output_adapter@D@__crt_stdio_output@@@__crt_stdio_output@@IAE@ABV?$string_output_adapter@D@1@AB_KABQBDABQAU__crt_locale_pointers@@ABQAD@Z 0040aff9 f i libucrt:output.obj
 0001:0000a01c       ??$?0ABV?$string_output_adapter@D@__crt_stdio_output@@AB_KABQBDABQAU__crt_locale_pointers@@ABQAD@?$positional_parameter_base@DV?$string_output_adapter@D@__crt_stdio_output@@@__crt_stdio_output@@IAE@ABV?$string_output_adapter@D@1@AB_KABQBDABQAU__crt_locale_pointers@@ABQAD@Z 0040b01c f i libucrt:output.obj
 0001:0000a064       ??$?0ABV?$string_output_adapter@D@__crt_stdio_output@@AB_KABQBDABQAU__crt_locale_pointers@@ABQAD@?$standard_base@DV?$string_output_adapter@D@__crt_stdio_output@@@__crt_stdio_output@@IAE@ABV?$string_output_adapter@D@1@AB_KABQBDABQAU__crt_locale_pointers@@ABQAD@Z 0040b064 f i libucrt:output.obj
 0001:0000a099       ??$?0ABV?$string_output_adapter@_W@__crt_stdio_output@@AB_KABQB_WABQAU__crt_locale_pointers@@ABQAD@?$format_validation_base@_WV?$string_output_adapter@_W@__crt_stdio_output@@@__crt_stdio_output@@IAE@ABV?$string_output_adapter@_W@1@AB_KABQB_WABQAU__crt_locale_pointers@@ABQAD@Z 0040b099 f i libucrt:output.obj
 0001:0000a0bc       ??$?0ABV?$string_output_adapter@_W@__crt_stdio_output@@AB_KABQB_WABQAU__crt_locale_pointers@@ABQAD@?$positional_parameter_base@_WV?$string_output_adapter@_W@__crt_stdio_output@@@__crt_stdio_output@@IAE@ABV?$string_output_adapter@_W@1@AB_KABQB_WABQAU__crt_locale_pointers@@ABQAD@Z 0040b0bc f i libucrt:output.obj
 0001:0000a104       ??$?0ABV?$string_output_adapter@_W@__crt_stdio_output@@AB_KABQB_WABQAU__crt_locale_pointers@@ABQAD@?$standard_base@_WV?$string_output_adapter@_W@__crt_stdio_output@@@__crt_stdio_output@@IAE@ABV?$string_output_adapter@_W@1@AB_KABQB_WABQAU__crt_locale_pointers@@ABQAD@Z 0040b104 f i libucrt:output.obj
 0001:0000a40f       ??$__crt_interlocked_read@J@@YAJPDJ@Z 0040b40f f i libucrt:output.obj
 0001:0000b2fc       ??$count@D@formatting_buffer@__crt_stdio_output@@QBEIXZ 0040c2fc f i libucrt:output.obj
 0001:0000b314       ??$count@_W@formatting_buffer@__crt_stdio_output@@QBEIXZ 0040c314 f i libucrt:output.obj
 0001:0000b32d       ??$data@D@formatting_buffer@__crt_stdio_output@@QAEPADXZ 0040c32d f i libucrt:output.obj
 0001:0000b33a       ??$data@_W@formatting_buffer@__crt_stdio_output@@QAEPA_WXZ 0040c33a f i libucrt:output.obj
 0001:0000b347       ??$ensure_buffer_is_big_enough@D@formatting_buffer@__crt_stdio_output@@QAE_NI@Z 0040c347 f i libucrt:output.obj
 0001:0000b3c6       ??$ensure_buffer_is_big_enough@_W@formatting_buffer@__crt_stdio_output@@QAE_NI@Z 0040c3c6 f i libucrt:output.obj
 0001:0000b446       ??$extract_argument_from_va_list@C_J@?$positional_parameter_base@DV?$stream_output_adapter@D@__crt_stdio_output@@@__crt_stdio_output@@IAE_NAA_J@Z 0040c446 f i libucrt:output.obj
 0001:0000b4c1       ??$extract_argument_from_va_list@C_J@?$positional_parameter_base@DV?$string_output_adapter@D@__crt_stdio_output@@@__crt_stdio_output@@IAE_NAA_J@Z 0040c4c1 f i libucrt:output.obj
 0001:0000b53c       ??$extract_argument_from_va_list@C_J@?$positional_parameter_base@_WV?$stream_output_adapter@_W@__crt_stdio_output@@@__crt_stdio_output@@IAE_NAA_J@Z 0040c53c f i libucrt:output.obj
 0001:0000b5b7       ??$extract_argument_from_va_list@C_J@?$positional_parameter_base@_WV?$string_output_adapter@_W@__crt_stdio_output@@@__crt_stdio_output@@IAE_NAA_J@Z 0040c5b7 f i libucrt:output.obj
 0001:0000b632       ??$extract_argument_from_va_list@C_J@?$standard_base@DV?$stream_output_adapter@D@__crt_stdio_output@@@__crt_stdio_output@@IAE_NAA_J@Z 0040c632 f i libucrt:output.obj
 0001:0000b651       ??$extract_argument_from_va_list@C_J@?$standard_base@DV?$string_output_adapter@D@__crt_stdio_output@@@__crt_stdio_output@@IAE_NAA_J@Z 0040c651 f i libucrt:output.obj
 0001:0000b670       ??$extract_argument_from_va_list@C_J@?$standard_base@_WV?$stream_output_adapter@_W@__crt_stdio_output@@@__crt_stdio_output@@IAE_NAA_J@Z 0040c670 f i libucrt:output.obj
 0001:0000b68f       ??$extract_argument_from_va_list@C_J@?$standard_base@_WV?$string_output_adapter@_W@__crt_stdio_output@@@__crt_stdio_output@@IAE_NAA_J@Z 0040c68f f i libucrt:output.obj
 0001:0000b6ae       ??$extract_argument_from_va_list@E_J@?$positional_parameter_base@DV?$stream_output_adapter@D@__crt_stdio_output@@@__crt_stdio_output@@IAE_NAA_J@Z 0040c6ae f i libucrt:output.obj
 0001:0000b729       ??$extract_argument_from_va_list@E_J@?$positional_parameter_base@DV?$string_output_adapter@D@__crt_stdio_output@@@__crt_stdio_output@@IAE_NAA_J@Z 0040c729 f i libucrt:output.obj
 0001:0000b7a4       ??$extract_argument_from_va_list@E_J@?$positional_parameter_base@_WV?$stream_output_adapter@_W@__crt_stdio_output@@@__crt_stdio_output@@IAE_NAA_J@Z 0040c7a4 f i libucrt:output.obj
 0001:0000b81f       ??$extract_argument_from_va_list@E_J@?$positional_parameter_base@_WV?$string_output_adapter@_W@__crt_stdio_output@@@__crt_stdio_output@@IAE_NAA_J@Z 0040c81f f i libucrt:output.obj
 0001:0000b89a       ??$extract_argument_from_va_list@E_J@?$standard_base@DV?$stream_output_adapter@D@__crt_stdio_output@@@__crt_stdio_output@@IAE_NAA_J@Z 0040c89a f i libucrt:output.obj
 0001:0000b8b9       ??$extract_argument_from_va_list@E_J@?$standard_base@DV?$string_output_adapter@D@__crt_stdio_output@@@__crt_stdio_output@@IAE_NAA_J@Z 0040c8b9 f i libucrt:output.obj
 0001:0000b8d8       ??$extract_argument_from_va_list@E_J@?$standard_base@_WV?$stream_output_adapter@_W@__crt_stdio_output@@@__crt_stdio_output@@IAE_NAA_J@Z 0040c8d8 f i libucrt:output.obj
 0001:0000b8f7       ??$extract_argument_from_va_list@E_J@?$standard_base@_WV?$string_output_adapter@_W@__crt_stdio_output@@@__crt_stdio_output@@IAE_NAA_J@Z 0040c8f7 f i libucrt:output.obj
 0001:0000b916       ??$extract_argument_from_va_list@F_J@?$positional_parameter_base@DV?$stream_output_adapter@D@__crt_stdio_output@@@__crt_stdio_output@@IAE_NAA_J@Z 0040c916 f i libucrt:output.obj
 0001:0000b991       ??$extract_argument_from_va_list@F_J@?$positional_parameter_base@DV?$string_output_adapter@D@__crt_stdio_output@@@__crt_stdio_output@@IAE_NAA_J@Z 0040c991 f i libucrt:output.obj
 0001:0000ba0c       ??$extract_argument_from_va_list@F_J@?$positional_parameter_base@_WV?$stream_output_adapter@_W@__crt_stdio_output@@@__crt_stdio_output@@IAE_NAA_J@Z 0040ca0c f i libucrt:output.obj
 0001:0000ba87       ??$extract_argument_from_va_list@F_J@?$positional_parameter_base@_WV?$string_output_adapter@_W@__crt_stdio_output@@@__crt_stdio_output@@IAE_NAA_J@Z 0040ca87 f i libucrt:output.obj
 0001:0000bb02       ??$extract_argument_from_va_list@F_J@?$standard_base@DV?$stream_output_adapter@D@__crt_stdio_output@@@__crt_stdio_output@@IAE_NAA_J@Z 0040cb02 f i libucrt:output.obj
 0001:0000bb21       ??$extract_argument_from_va_list@F_J@?$standard_base@DV?$string_output_adapter@D@__crt_stdio_output@@@__crt_stdio_output@@IAE_NAA_J@Z 0040cb21 f i libucrt:output.obj
 0001:0000bb40       ??$extract_argument_from_va_list@F_J@?$standard_base@_WV?$stream_output_adapter@_W@__crt_stdio_output@@@__crt_stdio_output@@IAE_NAA_J@Z 0040cb40 f i libucrt:output.obj
 0001:0000bb5f       ??$extract_argument_from_va_list@F_J@?$standard_base@_WV?$string_output_adapter@_W@__crt_stdio_output@@@__crt_stdio_output@@IAE_NAA_J@Z 0040cb5f f i libucrt:output.obj
 0001:0000bb7e       ??$extract_argument_from_va_list@GD@?$positional_parameter_base@DV?$stream_output_adapter@D@__crt_stdio_output@@@__crt_stdio_output@@IAE_NAAD@Z 0040cb7e f i libucrt:output.obj
 0001:0000bbf8       ??$extract_argument_from_va_list@GD@?$positional_parameter_base@DV?$string_output_adapter@D@__crt_stdio_output@@@__crt_stdio_output@@IAE_NAAD@Z 0040cbf8 f i libucrt:output.obj
 0001:0000bc72       ??$extract_argument_from_va_list@GD@?$standard_base@DV?$stream_output_adapter@D@__crt_stdio_output@@@__crt_stdio_output@@IAE_NAAD@Z 0040cc72 f i libucrt:output.obj
 0001:0000bc8c       ??$extract_argument_from_va_list@GD@?$standard_base@DV?$string_output_adapter@D@__crt_stdio_output@@@__crt_stdio_output@@IAE_NAAD@Z 0040cc8c f i libucrt:output.obj
 0001:0000bca6       ??$extract_argument_from_va_list@G_J@?$positional_parameter_base@DV?$stream_output_adapter@D@__crt_stdio_output@@@__crt_stdio_output@@IAE_NAA_J@Z 0040cca6 f i libucrt:output.obj
 0001:0000bd21       ??$extract_argument_from_va_list@G_J@?$positional_parameter_base@DV?$string_output_adapter@D@__crt_stdio_output@@@__crt_stdio_output@@IAE_NAA_J@Z 0040cd21 f i libucrt:output.obj
 0001:0000bd9c       ??$extract_argument_from_va_list@G_J@?$positional_parameter_base@_WV?$stream_output_adapter@_W@__crt_stdio_output@@@__crt_stdio_output@@IAE_NAA_J@Z 0040cd9c f i libucrt:output.obj
 0001:0000be17       ??$extract_argument_from_va_list@G_J@?$positional_parameter_base@_WV?$string_output_adapter@_W@__crt_stdio_output@@@__crt_stdio_output@@IAE_NAA_J@Z 0040ce17 f i libucrt:output.obj
 0001:0000be92       ??$extract_argument_from_va_list@G_J@?$standard_base@DV?$stream_output_adapter@D@__crt_stdio_output@@@__crt_stdio_output@@IAE_NAA_J@Z 0040ce92 f i libucrt:output.obj
 0001:0000beb1       ??$extract_argument_from_va_list@G_J@?$standard_base@DV?$string_output_adapter@D@__crt_stdio_output@@@__crt_stdio_output@@IAE_NAA_J@Z 0040ceb1 f i libucrt:output.obj
 0001:0000bed0       ??$extract_argument_from_va_list@G_J@?$standard_base@_WV?$stream_output_adapter@_W@__crt_stdio_output@@@__crt_stdio_output@@IAE_NAA_J@Z 0040ced0 f i libucrt:output.obj
 0001:0000beef       ??$extract_argument_from_va_list@G_J@?$standard_base@_WV?$string_output_adapter@_W@__crt_stdio_output@@@__crt_stdio_output@@IAE_NAA_J@Z 0040ceef f i libucrt:output.obj
 0001:0000bf0e       ??$extract_argument_from_va_list@H_J@?$positional_parameter_base@DV?$stream_output_adapter@D@__crt_stdio_output@@@__crt_stdio_output@@IAE_NAA_J@Z 0040cf0e f i libucrt:output.obj
 0001:0000bf87       ??$extract_argument_from_va_list@H_J@?$positional_parameter_base@DV?$string_output_adapter@D@__crt_stdio_output@@@__crt_stdio_output@@IAE_NAA_J@Z 0040cf87 f i libucrt:output.obj
 0001:0000c000       ??$extract_argument_from_va_list@H_J@?$positional_parameter_base@_WV?$stream_output_adapter@_W@__crt_stdio_output@@@__crt_stdio_output@@IAE_NAA_J@Z 0040d000 f i libucrt:output.obj
 0001:0000c079       ??$extract_argument_from_va_list@H_J@?$positional_parameter_base@_WV?$string_output_adapter@_W@__crt_stdio_output@@@__crt_stdio_output@@IAE_NAA_J@Z 0040d079 f i libucrt:output.obj
 0001:0000c0f2       ??$extract_argument_from_va_list@H_J@?$standard_base@DV?$stream_output_adapter@D@__crt_stdio_output@@@__crt_stdio_output@@IAE_NAA_J@Z 0040d0f2 f i libucrt:output.obj
 0001:0000c110       ??$extract_argument_from_va_list@H_J@?$standard_base@DV?$string_output_adapter@D@__crt_stdio_output@@@__crt_stdio_output@@IAE_NAA_J@Z 0040d110 f i libucrt:output.obj
 0001:0000c12e       ??$extract_argument_from_va_list@H_J@?$standard_base@_WV?$stream_output_adapter@_W@__crt_stdio_output@@@__crt_stdio_output@@IAE_NAA_J@Z 0040d12e f i libucrt:output.obj
 0001:0000c14c       ??$extract_argument_from_va_list@H_J@?$standard_base@_WV?$string_output_adapter@_W@__crt_stdio_output@@@__crt_stdio_output@@IAE_NAA_J@Z 0040d14c f i libucrt:output.obj
 0001:0000c16a       ??$extract_argument_from_va_list@I_J@?$positional_parameter_base@DV?$stream_output_adapter@D@__crt_stdio_output@@@__crt_stdio_output@@IAE_NAA_J@Z 0040d16a f i libucrt:output.obj
 0001:0000c1ec       ??$extract_argument_from_va_list@I_J@?$positional_parameter_base@DV?$string_output_adapter@D@__crt_stdio_output@@@__crt_stdio_output@@IAE_NAA_J@Z 0040d1ec f i libucrt:output.obj
 0001:0000c26e       ??$extract_argument_from_va_list@I_J@?$positional_parameter_base@_WV?$stream_output_adapter@_W@__crt_stdio_output@@@__crt_stdio_output@@IAE_NAA_J@Z 0040d26e f i libucrt:output.obj
 0001:0000c2f0       ??$extract_argument_from_va_list@I_J@?$positional_parameter_base@_WV?$string_output_adapter@_W@__crt_stdio_output@@@__crt_stdio_output@@IAE_NAA_J@Z 0040d2f0 f i libucrt:output.obj
 0001:0000c372       ??$extract_argument_from_va_list@I_J@?$standard_base@DV?$stream_output_adapter@D@__crt_stdio_output@@@__crt_stdio_output@@IAE_NAA_J@Z 0040d372 f i libucrt:output.obj
 0001:0000c390       ??$extract_argument_from_va_list@I_J@?$standard_base@DV?$string_output_adapter@D@__crt_stdio_output@@@__crt_stdio_output@@IAE_NAA_J@Z 0040d390 f i libucrt:output.obj
 0001:0000c3ae       ??$extract_argument_from_va_list@I_J@?$standard_base@_WV?$stream_output_adapter@_W@__crt_stdio_output@@@__crt_stdio_output@@IAE_NAA_J@Z 0040d3ae f i libucrt:output.obj
 0001:0000c3cc       ??$extract_argument_from_va_list@I_J@?$standard_base@_WV?$string_output_adapter@_W@__crt_stdio_output@@@__crt_stdio_output@@IAE_NAA_J@Z 0040d3cc f i libucrt:output.obj
 0001:0000c3ea       ??$extract_argument_from_va_list@PADPAD@?$positional_parameter_base@DV?$stream_output_adapter@D@__crt_stdio_output@@@__crt_stdio_output@@IAE_NAAPAD@Z 0040d3ea f i libucrt:output.obj
 0001:0000c464       ??$extract_argument_from_va_list@PADPAD@?$positional_parameter_base@DV?$string_output_adapter@D@__crt_stdio_output@@@__crt_stdio_output@@IAE_NAAPAD@Z 0040d464 f i libucrt:output.obj
 0001:0000c4de       ??$extract_argument_from_va_list@PADPAD@?$positional_parameter_base@_WV?$stream_output_adapter@_W@__crt_stdio_output@@@__crt_stdio_output@@IAE_NAAPAD@Z 0040d4de f i libucrt:output.obj
 0001:0000c558       ??$extract_argument_from_va_list@PADPAD@?$positional_parameter_base@_WV?$string_output_adapter@_W@__crt_stdio_output@@@__crt_stdio_output@@IAE_NAAPAD@Z 0040d558 f i libucrt:output.obj
 0001:0000c5d2       ??$extract_argument_from_va_list@PADPAD@?$standard_base@DV?$stream_output_adapter@D@__crt_stdio_output@@@__crt_stdio_output@@IAE_NAAPAD@Z 0040d5d2 f i libucrt:output.obj
 0001:0000c5ec       ??$extract_argument_from_va_list@PADPAD@?$standard_base@DV?$string_output_adapter@D@__crt_stdio_output@@@__crt_stdio_output@@IAE_NAAPAD@Z 0040d5ec f i libucrt:output.obj
 0001:0000c606       ??$extract_argument_from_va_list@PADPAD@?$standard_base@_WV?$stream_output_adapter@_W@__crt_stdio_output@@@__crt_stdio_output@@IAE_NAAPAD@Z 0040d606 f i libucrt:output.obj
 0001:0000c620       ??$extract_argument_from_va_list@PADPAD@?$standard_base@_WV?$string_output_adapter@_W@__crt_stdio_output@@@__crt_stdio_output@@IAE_NAAPAD@Z 0040d620 f i libucrt:output.obj
 0001:0000c95a       ??$extract_argument_from_va_list@PAXPAX@?$positional_parameter_base@DV?$stream_output_adapter@D@__crt_stdio_output@@@__crt_stdio_output@@IAE_NAAPAX@Z 0040d95a f i libucrt:output.obj
 0001:0000c9d4       ??$extract_argument_from_va_list@PAXPAX@?$positional_parameter_base@DV?$string_output_adapter@D@__crt_stdio_output@@@__crt_stdio_output@@IAE_NAAPAX@Z 0040d9d4 f i libucrt:output.obj
 0001:0000ca4e       ??$extract_argument_from_va_list@PAXPAX@?$positional_parameter_base@_WV?$stream_output_adapter@_W@__crt_stdio_output@@@__crt_stdio_output@@IAE_NAAPAX@Z 0040da4e f i libucrt:output.obj
 0001:0000cac8       ??$extract_argument_from_va_list@PAXPAX@?$positional_parameter_base@_WV?$string_output_adapter@_W@__crt_stdio_output@@@__crt_stdio_output@@IAE_NAAPAX@Z 0040dac8 f i libucrt:output.obj
 0001:0000cb42       ??$extract_argument_from_va_list@PAXPAX@?$standard_base@DV?$stream_output_adapter@D@__crt_stdio_output@@@__crt_stdio_output@@IAE_NAAPAX@Z 0040db42 f i libucrt:output.obj
 0001:0000cb5c       ??$extract_argument_from_va_list@PAXPAX@?$standard_base@DV?$string_output_adapter@D@__crt_stdio_output@@@__crt_stdio_output@@IAE_NAAPAX@Z 0040db5c f i libucrt:output.obj
 0001:0000cb76       ??$extract_argument_from_va_list@PAXPAX@?$standard_base@_WV?$stream_output_adapter@_W@__crt_stdio_output@@@__crt_stdio_output@@IAE_NAAPAX@Z 0040db76 f i libucrt:output.obj
 0001:0000cb90       ??$extract_argument_from_va_list@PAXPAX@?$standard_base@_WV?$string_output_adapter@_W@__crt_stdio_output@@@__crt_stdio_output@@IAE_NAAPAX@Z 0040db90 f i libucrt:output.obj
 0001:0000cbaa       ??$extract_argument_from_va_list@U_CRT_DOUBLE@@U1@@?$positional_parameter_base@DV?$stream_output_adapter@D@__crt_stdio_output@@@__crt_stdio_output@@IAE_NAAU_CRT_DOUBLE@@@Z 0040dbaa f i libucrt:output.obj
 0001:0000cc32       ??$extract_argument_from_va_list@U_CRT_DOUBLE@@U1@@?$positional_parameter_base@DV?$string_output_adapter@D@__crt_stdio_output@@@__crt_stdio_output@@IAE_NAAU_CRT_DOUBLE@@@Z 0040dc32 f i libucrt:output.obj
 0001:0000ccba       ??$extract_argument_from_va_list@U_CRT_DOUBLE@@U1@@?$positional_parameter_base@_WV?$stream_output_adapter@_W@__crt_stdio_output@@@__crt_stdio_output@@IAE_NAAU_CRT_DOUBLE@@@Z 0040dcba f i libucrt:output.obj
 0001:0000cd42       ??$extract_argument_from_va_list@U_CRT_DOUBLE@@U1@@?$positional_parameter_base@_WV?$string_output_adapter@_W@__crt_stdio_output@@@__crt_stdio_output@@IAE_NAAU_CRT_DOUBLE@@@Z 0040dd42 f i libucrt:output.obj
 0001:0000cdca       ??$extract_argument_from_va_list@U_CRT_DOUBLE@@U1@@?$standard_base@DV?$stream_output_adapter@D@__crt_stdio_output@@@__crt_stdio_output@@IAE_NAAU_CRT_DOUBLE@@@Z 0040ddca f i libucrt:output.obj
 0001:0000cdea       ??$extract_argument_from_va_list@U_CRT_DOUBLE@@U1@@?$standard_base@DV?$string_output_adapter@D@__crt_stdio_output@@@__crt_stdio_output@@IAE_NAAU_CRT_DOUBLE@@@Z 0040ddea f i libucrt:output.obj
 0001:0000ce0a       ??$extract_argument_from_va_list@U_CRT_DOUBLE@@U1@@?$standard_base@_WV?$stream_output_adapter@_W@__crt_stdio_output@@@__crt_stdio_output@@IAE_NAAU_CRT_DOUBLE@@@Z 0040de0a f i libucrt:output.obj
 0001:0000ce2a       ??$extract_argument_from_va_list@U_CRT_DOUBLE@@U1@@?$standard_base@_WV?$string_output_adapter@_W@__crt_stdio_output@@@__crt_stdio_output@@IAE_NAAU_CRT_DOUBLE@@@Z 0040de2a f i libucrt:output.obj
 0001:0000ce4a       ??$extract_argument_from_va_list@_J_J@?$positional_parameter_base@DV?$stream_output_adapter@D@__crt_stdio_output@@@__crt_stdio_output@@IAE_NAA_J@Z 0040de4a f i libucrt:output.obj
 0001:0000ced2       ??$extract_argument_from_va_list@_J_J@?$positional_parameter_base@DV?$string_output_adapter@D@__crt_stdio_output@@@__crt_stdio_output@@IAE_NAA_J@Z 0040ded2 f i libucrt:output.obj
 0001:0000cf5a       ??$extract_argument_from_va_list@_J_J@?$positional_parameter_base@_WV?$stream_output_adapter@_W@__crt_stdio_output@@@__crt_stdio_output@@IAE_NAA_J@Z 0040df5a f i libucrt:output.obj
 0001:0000cfe2       ??$extract_argument_from_va_list@_J_J@?$positional_parameter_base@_WV?$string_output_adapter@_W@__crt_stdio_output@@@__crt_stdio_output@@IAE_NAA_J@Z 0040dfe2 f i libucrt:output.obj
 0001:0000d06a       ??$extract_argument_from_va_list@_J_J@?$standard_base@DV?$stream_output_adapter@D@__crt_stdio_output@@@__crt_stdio_output@@IAE_NAA_J@Z 0040e06a f i libucrt:output.obj
 0001:0000d08a       ??$extract_argument_from_va_list@_J_J@?$standard_base@DV?$string_output_adapter@D@__crt_stdio_output@@@__crt_stdio_output@@IAE_NAA_J@Z 0040e08a f i libucrt:output.obj
 0001:0000d0aa       ??$extract_argument_from_va_list@_J_J@?$standard_base@_WV?$stream_output_adapter@_W@__crt_stdio_output@@@__crt_stdio_output@@IAE_NAA_J@Z 0040e0aa f i libucrt:output.obj
 0001:0000d0ca       ??$extract_argument_from_va_list@_J_J@?$standard_base@_WV?$string_output_adapter@_W@__crt_stdio_output@@@__crt_stdio_output@@IAE_NAA_J@Z 0040e0ca f i libucrt:output.obj
 0001:0000d0ea       ??$extract_argument_from_va_list@_K_J@?$positional_parameter_base@DV?$stream_output_adapter@D@__crt_stdio_output@@@__crt_stdio_output@@IAE_NAA_J@Z 0040e0ea f i libucrt:output.obj
 0001:0000d172       ??$extract_argument_from_va_list@_K_J@?$positional_parameter_base@DV?$string_output_adapter@D@__crt_stdio_output@@@__crt_stdio_output@@IAE_NAA_J@Z 0040e172 f i libucrt:output.obj
 0001:0000d1fa       ??$extract_argument_from_va_list@_K_J@?$positional_parameter_base@_WV?$stream_output_adapter@_W@__crt_stdio_output@@@__crt_stdio_output@@IAE_NAA_J@Z 0040e1fa f i libucrt:output.obj
 0001:0000d282       ??$extract_argument_from_va_list@_K_J@?$positional_parameter_base@_WV?$string_output_adapter@_W@__crt_stdio_output@@@__crt_stdio_output@@IAE_NAA_J@Z 0040e282 f i libucrt:output.obj
 0001:0000d30a       ??$extract_argument_from_va_list@_K_J@?$standard_base@DV?$stream_output_adapter@D@__crt_stdio_output@@@__crt_stdio_output@@IAE_NAA_J@Z 0040e30a f i libucrt:output.obj
 0001:0000d32a       ??$extract_argument_from_va_list@_K_J@?$standard_base@DV?$string_output_adapter@D@__crt_stdio_output@@@__crt_stdio_output@@IAE_NAA_J@Z 0040e32a f i libucrt:output.obj
 0001:0000d34a       ??$extract_argument_from_va_list@_K_J@?$standard_base@_WV?$stream_output_adapter@_W@__crt_stdio_output@@@__crt_stdio_output@@IAE_NAA_J@Z 0040e34a f i libucrt:output.obj
 0001:0000d36a       ??$extract_argument_from_va_list@_K_J@?$standard_base@_WV?$string_output_adapter@_W@__crt_stdio_output@@@__crt_stdio_output@@IAE_NAA_J@Z 0040e36a f i libucrt:output.obj
 0001:0000d38a       ??$extract_argument_from_va_list@_W_W@?$positional_parameter_base@DV?$stream_output_adapter@D@__crt_stdio_output@@@__crt_stdio_output@@IAE_NAA_W@Z 0040e38a f i libucrt:output.obj
 0001:0000d408       ??$extract_argument_from_va_list@_W_W@?$positional_parameter_base@DV?$string_output_adapter@D@__crt_stdio_output@@@__crt_stdio_output@@IAE_NAA_W@Z 0040e408 f i libucrt:output.obj
 0001:0000d486       ??$extract_argument_from_va_list@_W_W@?$positional_parameter_base@_WV?$stream_output_adapter@_W@__crt_stdio_output@@@__crt_stdio_output@@IAE_NAA_W@Z 0040e486 f i libucrt:output.obj
 0001:0000d504       ??$extract_argument_from_va_list@_W_W@?$positional_parameter_base@_WV?$string_output_adapter@_W@__crt_stdio_output@@@__crt_stdio_output@@IAE_NAA_W@Z 0040e504 f i libucrt:output.obj
 0001:0000d582       ??$extract_argument_from_va_list@_W_W@?$standard_base@DV?$stream_output_adapter@D@__crt_stdio_output@@@__crt_stdio_output@@IAE_NAA_W@Z 0040e582 f i libucrt:output.obj
 0001:0000d59e       ??$extract_argument_from_va_list@_W_W@?$standard_base@DV?$string_output_adapter@D@__crt_stdio_output@@@__crt_stdio_output@@IAE_NAA_W@Z 0040e59e f i libucrt:output.obj
 0001:0000d5ba       ??$extract_argument_from_va_list@_W_W@?$standard_base@_WV?$stream_output_adapter@_W@__crt_stdio_output@@@__crt_stdio_output@@IAE_NAA_W@Z 0040e5ba f i libucrt:output.obj
 0001:0000d5d6       ??$extract_argument_from_va_list@_W_W@?$standard_base@_WV?$string_output_adapter@_W@__crt_stdio_output@@@__crt_stdio_output@@IAE_NAA_W@Z 0040e5d6 f i libucrt:output.obj
 0001:0000d5f2       ??$get_parameter_type@D@?$positional_parameter_base@DV?$stream_output_adapter@D@__crt_stdio_output@@@__crt_stdio_output@@CA?AW4parameter_type@01@PAD@Z 0040e5f2 f i libucrt:output.obj
 0001:0000d5f6       ??$get_parameter_type@D@?$positional_parameter_base@DV?$string_output_adapter@D@__crt_stdio_output@@@__crt_stdio_output@@CA?AW4parameter_type@01@PAD@Z 0040e5f6 f i libucrt:output.obj
 0001:0000d5fa       ??$get_parameter_type@D@?$positional_parameter_base@_WV?$stream_output_adapter@_W@__crt_stdio_output@@@__crt_stdio_output@@CA?AW4parameter_type@01@PAD@Z 0040e5fa f i libucrt:output.obj
 0001:0000d5fe       ??$get_parameter_type@D@?$positional_parameter_base@_WV?$string_output_adapter@_W@__crt_stdio_output@@@__crt_stdio_output@@CA?AW4parameter_type@01@PAD@Z 0040e5fe f i libucrt:output.obj
 0001:0000d612       ??$get_parameter_type@X@?$positional_parameter_base@DV?$stream_output_adapter@D@__crt_stdio_output@@@__crt_stdio_output@@CA?AW4parameter_type@01@PAX@Z 0040e612 f i libucrt:output.obj
 0001:0000d616       ??$get_parameter_type@X@?$positional_parameter_base@DV?$string_output_adapter@D@__crt_stdio_output@@@__crt_stdio_output@@CA?AW4parameter_type@01@PAX@Z 0040e616 f i libucrt:output.obj
 0001:0000d61a       ??$get_parameter_type@X@?$positional_parameter_base@_WV?$stream_output_adapter@_W@__crt_stdio_output@@@__crt_stdio_output@@CA?AW4parameter_type@01@PAX@Z 0040e61a f i libucrt:output.obj
 0001:0000d61e       ??$get_parameter_type@X@?$positional_parameter_base@_WV?$string_output_adapter@_W@__crt_stdio_output@@@__crt_stdio_output@@CA?AW4parameter_type@01@PAX@Z 0040e61e f i libucrt:output.obj
 0001:0000d622       ??$is_character_specifier@D@?$positional_parameter_base@DV?$stream_output_adapter@D@__crt_stdio_output@@@__crt_stdio_output@@CA_ND@Z 0040e622 f i libucrt:output.obj
 0001:0000d63a       ??$is_character_specifier@D@?$positional_parameter_base@DV?$string_output_adapter@D@__crt_stdio_output@@@__crt_stdio_output@@CA_ND@Z 0040e63a f i libucrt:output.obj
 0001:0000d652       ??$is_character_specifier@_W@?$positional_parameter_base@_WV?$stream_output_adapter@_W@__crt_stdio_output@@@__crt_stdio_output@@CA_N_W@Z 0040e652 f i libucrt:output.obj
 0001:0000d66d       ??$is_character_specifier@_W@?$positional_parameter_base@_WV?$string_output_adapter@_W@__crt_stdio_output@@@__crt_stdio_output@@CA_N_W@Z 0040e66d f i libucrt:output.obj
 0001:0000d688       ??$is_integral_specifier@D@?$positional_parameter_base@DV?$stream_output_adapter@D@__crt_stdio_output@@@__crt_stdio_output@@CA_ND@Z 0040e688 f i libucrt:output.obj
 0001:0000d6b4       ??$is_integral_specifier@D@?$positional_parameter_base@DV?$string_output_adapter@D@__crt_stdio_output@@@__crt_stdio_output@@CA_ND@Z 0040e6b4 f i libucrt:output.obj
 0001:0000d6e0       ??$is_integral_specifier@_W@?$positional_parameter_base@_WV?$stream_output_adapter@_W@__crt_stdio_output@@@__crt_stdio_output@@CA_N_W@Z 0040e6e0 f i libucrt:output.obj
 0001:0000d71b       ??$is_integral_specifier@_W@?$positional_parameter_base@_WV?$string_output_adapter@_W@__crt_stdio_output@@@__crt_stdio_output@@CA_N_W@Z 0040e71b f i libucrt:output.obj
 0001:0000d756       ??$is_pointer_specifier@D@?$positional_parameter_base@DV?$stream_output_adapter@D@__crt_stdio_output@@@__crt_stdio_output@@CA_ND@Z 0040e756 f i libucrt:output.obj
 0001:0000d764       ??$is_pointer_specifier@D@?$positional_parameter_base@DV?$string_output_adapter@D@__crt_stdio_output@@@__crt_stdio_output@@CA_ND@Z 0040e764 f i libucrt:output.obj
 0001:0000d772       ??$is_pointer_specifier@_W@?$positional_parameter_base@_WV?$stream_output_adapter@_W@__crt_stdio_output@@@__crt_stdio_output@@CA_N_W@Z 0040e772 f i libucrt:output.obj
 0001:0000d781       ??$is_pointer_specifier@_W@?$positional_parameter_base@_WV?$string_output_adapter@_W@__crt_stdio_output@@@__crt_stdio_output@@CA_N_W@Z 0040e781 f i libucrt:output.obj
 0001:0000d790       ??$is_string_specifier@D@?$positional_parameter_base@DV?$stream_output_adapter@D@__crt_stdio_output@@@__crt_stdio_output@@CA_ND@Z 0040e790 f i libucrt:output.obj
 0001:0000d7a8       ??$is_string_specifier@D@?$positional_parameter_base@DV?$string_output_adapter@D@__crt_stdio_output@@@__crt_stdio_output@@CA_ND@Z 0040e7a8 f i libucrt:output.obj
 0001:0000d7c0       ??$is_string_specifier@_W@?$positional_parameter_base@_WV?$stream_output_adapter@_W@__crt_stdio_output@@@__crt_stdio_output@@CA_N_W@Z 0040e7c0 f i libucrt:output.obj
 0001:0000d7db       ??$is_string_specifier@_W@?$positional_parameter_base@_WV?$string_output_adapter@_W@__crt_stdio_output@@@__crt_stdio_output@@CA_N_W@Z 0040e7db f i libucrt:output.obj
 0001:0000d7f6       ??$is_wide_character_specifier@D@__crt_stdio_output@@YA_N_KDW4length_modifier@0@@Z 0040e7f6 f i libucrt:output.obj
 0001:0000d827       ??$is_wide_character_specifier@_W@__crt_stdio_output@@YA_N_K_WW4length_modifier@0@@Z 0040e827 f i libucrt:output.obj
 0001:0000d875       ??$peek_va_arg@C@__crt_stdio_output@@YACPAD@Z 0040e875 f i libucrt:output.obj
 0001:0000d881       ??$peek_va_arg@E@__crt_stdio_output@@YAEPAD@Z 0040e881 f i libucrt:output.obj
 0001:0000d88d       ??$peek_va_arg@F@__crt_stdio_output@@YAFPAD@Z 0040e88d f i libucrt:output.obj
 0001:0000d89a       ??$peek_va_arg@G@__crt_stdio_output@@YAGPAD@Z 0040e89a f i libucrt:output.obj
 0001:0000d8a7       ??$peek_va_arg@H@__crt_stdio_output@@YAHPAD@Z 0040e8a7 f i libucrt:output.obj
 0001:0000d8b3       ??$peek_va_arg@I@__crt_stdio_output@@YAIPAD@Z 0040e8b3 f i libucrt:output.obj
 0001:0000d8bf       ??$peek_va_arg@PAD@__crt_stdio_output@@YAPADPAD@Z 0040e8bf f i libucrt:output.obj
 0001:0000d8fb       ??$peek_va_arg@PAX@__crt_stdio_output@@YAPAXPAD@Z 0040e8fb f i libucrt:output.obj
 0001:0000d907       ??$peek_va_arg@U_CRT_DOUBLE@@@__crt_stdio_output@@YA?AU_CRT_DOUBLE@@PAD@Z 0040e907 f i libucrt:output.obj
 0001:0000d916       ??$peek_va_arg@_J@__crt_stdio_output@@YA_JPAD@Z 0040e916 f i libucrt:output.obj
 0001:0000d925       ??$peek_va_arg@_K@__crt_stdio_output@@YA_KPAD@Z 0040e925 f i libucrt:output.obj
 0001:0000d934       ??$peek_va_arg@_W@__crt_stdio_output@@YA_WPAD@Z 0040e934 f i libucrt:output.obj
 0001:0000d941       ??$puttc_nolock@ABDPAU_iobuf@@@?$__crt_char_traits@D@@SAHABD$$QAPAU_iobuf@@@Z 0040e941 f i libucrt:output.obj
 0001:0000d95b       ??$puttc_nolock@AB_WPAU_iobuf@@@?$__crt_char_traits@_W@@SAGAB_W$$QAPAU_iobuf@@@Z 0040e95b f i libucrt:output.obj
 0001:0000d975       ??$read_va_arg@C@__crt_stdio_output@@YACAAPAD@Z 0040e975 f i libucrt:output.obj
 0001:0000d987       ??$read_va_arg@E@__crt_stdio_output@@YAEAAPAD@Z 0040e987 f i libucrt:output.obj
 0001:0000d999       ??$read_va_arg@F@__crt_stdio_output@@YAFAAPAD@Z 0040e999 f i libucrt:output.obj
 0001:0000d9ac       ??$read_va_arg@G@__crt_stdio_output@@YAGAAPAD@Z 0040e9ac f i libucrt:output.obj
 0001:0000d9bf       ??$read_va_arg@H@__crt_stdio_output@@YAHAAPAD@Z 0040e9bf f i libucrt:output.obj
 0001:0000d9d1       ??$read_va_arg@I@__crt_stdio_output@@YAIAAPAD@Z 0040e9d1 f i libucrt:output.obj
 0001:0000d9e3       ??$read_va_arg@PAD@__crt_stdio_output@@YAPADAAPAD@Z 0040e9e3 f i libucrt:output.obj
 0001:0000dacd       ??$read_va_arg@PAX@__crt_stdio_output@@YAPAXAAPAD@Z 0040eacd f i libucrt:output.obj
 0001:0000dadf       ??$read_va_arg@U_CRT_DOUBLE@@@__crt_stdio_output@@YA?AU_CRT_DOUBLE@@AAPAD@Z 0040eadf f i libucrt:output.obj
 0001:0000daf5       ??$read_va_arg@_J@__crt_stdio_output@@YA_JAAPAD@Z 0040eaf5 f i libucrt:output.obj
 0001:0000db0a       ??$read_va_arg@_K@__crt_stdio_output@@YA_KAAPAD@Z 0040eb0a f i libucrt:output.obj
 0001:0000db1f       ??$read_va_arg@_W@__crt_stdio_output@@YA_WAAPAD@Z 0040eb1f f i libucrt:output.obj
 0001:0000db32       ??$scratch_count@D@formatting_buffer@__crt_stdio_output@@QBEIXZ 0040eb32 f i libucrt:output.obj
 0001:0000db37       ??$scratch_data@D@formatting_buffer@__crt_stdio_output@@QAEPADXZ 0040eb37 f i libucrt:output.obj
 0001:0000db55       ??$tcstol@AAPBDPAPADH@?$__crt_char_traits@D@@SAJAAPBD$$QAPAPAD$$QAH@Z 0040eb55 f i libucrt:output.obj
 0001:0000db73       ??$tcstol@AAPB_WPAPA_WH@?$__crt_char_traits@_W@@SAJAAPB_W$$QAPAPA_W$$QAH@Z 0040eb73 f i libucrt:output.obj
 0001:0000db91       ??$tcstol@PBDPAPADH@?$__crt_char_traits@D@@SAJ$$QAPBD$$QAPAPAD$$QAH@Z 0040eb91 f i libucrt:output.obj
 0001:0000dbaf       ??$tcstol@PB_WPAPA_WH@?$__crt_char_traits@_W@@SAJ$$QAPB_W$$QAPAPA_W$$QAH@Z 0040ebaf f i libucrt:output.obj
 0001:0000dbcd       ??$type_case_integer_parse_into_buffer@I@?$output_processor@DV?$stream_output_adapter@D@__crt_stdio_output@@V?$format_validation_base@DV?$stream_output_adapter@D@__crt_stdio_output@@@2@@__crt_stdio_output@@AAEXII_N@Z 0040ebcd f i libucrt:output.obj
 0001:0000dc3a       ??$type_case_integer_parse_into_buffer@I@?$output_processor@DV?$stream_output_adapter@D@__crt_stdio_output@@V?$positional_parameter_base@DV?$stream_output_adapter@D@__crt_stdio_output@@@2@@__crt_stdio_output@@AAEXII_N@Z 0040ec3a f i libucrt:output.obj
 0001:0000dca7       ??$type_case_integer_parse_into_buffer@I@?$output_processor@DV?$stream_output_adapter@D@__crt_stdio_output@@V?$standard_base@DV?$stream_output_adapter@D@__crt_stdio_output@@@2@@__crt_stdio_output@@AAEXII_N@Z 0040eca7 f i libucrt:output.obj
 0001:0000dd14       ??$type_case_integer_parse_into_buffer@I@?$output_processor@DV?$string_output_adapter@D@__crt_stdio_output@@V?$format_validation_base@DV?$string_output_adapter@D@__crt_stdio_output@@@2@@__crt_stdio_output@@AAEXII_N@Z 0040ed14 f i libucrt:output.obj
 0001:0000dd81       ??$type_case_integer_parse_into_buffer@I@?$output_processor@DV?$string_output_adapter@D@__crt_stdio_output@@V?$positional_parameter_base@DV?$string_output_adapter@D@__crt_stdio_output@@@2@@__crt_stdio_output@@AAEXII_N@Z 0040ed81 f i libucrt:output.obj
 0001:0000ddee       ??$type_case_integer_parse_into_buffer@I@?$output_processor@DV?$string_output_adapter@D@__crt_stdio_output@@V?$standard_base@DV?$string_output_adapter@D@__crt_stdio_output@@@2@@__crt_stdio_output@@AAEXII_N@Z 0040edee f i libucrt:output.obj
 0001:0000de5b       ??$type_case_integer_parse_into_buffer@I@?$output_processor@_WV?$stream_output_adapter@_W@__crt_stdio_output@@V?$format_validation_base@_WV?$stream_output_adapter@_W@__crt_stdio_output@@@2@@__crt_stdio_output@@AAEXII_N@Z 0040ee5b f i libucrt:output.obj
 0001:0000dedc       ??$type_case_integer_parse_into_buffer@I@?$output_processor@_WV?$stream_output_adapter@_W@__crt_stdio_output@@V?$positional_parameter_base@_WV?$stream_output_adapter@_W@__crt_stdio_output@@@2@@__crt_stdio_output@@AAEXII_N@Z 0040eedc f i libucrt:output.obj
 0001:0000df5d       ??$type_case_integer_parse_into_buffer@I@?$output_processor@_WV?$stream_output_adapter@_W@__crt_stdio_output@@V?$standard_base@_WV?$stream_output_adapter@_W@__crt_stdio_output@@@2@@__crt_stdio_output@@AAEXII_N@Z 0040ef5d f i libucrt:output.obj
 0001:0000dfde       ??$type_case_integer_parse_into_buffer@I@?$output_processor@_WV?$string_output_adapter@_W@__crt_stdio_output@@V?$format_validation_base@_WV?$string_output_adapter@_W@__crt_stdio_output@@@2@@__crt_stdio_output@@AAEXII_N@Z 0040efde f i libucrt:output.obj
 0001:0000e05f       ??$type_case_integer_parse_into_buffer@I@?$output_processor@_WV?$string_output_adapter@_W@__crt_stdio_output@@V?$positional_parameter_base@_WV?$string_output_adapter@_W@__crt_stdio_output@@@2@@__crt_stdio_output@@AAEXII_N@Z 0040f05f f i libucrt:output.obj
[...]
 0002:00007830       __sehtable$?__scrt_common_main_seh@@YAHXZ 00446830     LIBCMT:exe_main.obj
 0002:00007850       __sehtable$___scrt_is_nonwritable_in_current_image 00446850     LIBCMT:utility.obj
 0002:00007870       __sehtable$___BuildCatchObject 00446870     libvcruntime:frame.obj
 0002:00007890       __sehtable$___FrameUnwindToState 00446890     libvcruntime:frame.obj
 0002:000078b8       __sehtable$?CallCatchBlock@@YAPAXPAUEHExceptionRecord@@PAUEHRegistrationNode@@PAU_CONTEXT@@PBU_s_FuncInfo@@PAXHK@Z 004468b8     libvcruntime:frame.obj
 0002:000078e0       __catchsym$?CallUnexpected@@YAXPBU_s_ESTypeList@@@Z$2 004468e0     libvcruntime:frame.obj
 0002:000078f0       __unwindtable$?CallUnexpected@@YAXPBU_s_ESTypeList@@@Z 004468f0     libvcruntime:frame.obj
 0002:00007900       __tryblocktable$?CallUnexpected@@YAXPBU_s_ESTypeList@@@Z 00446900     libvcruntime:frame.obj
 0002:00007914       __ehfuncinfo$?CallUnexpected@@YAXPBU_s_ESTypeList@@@Z 00446914     libvcruntime:frame.obj
 0002:00007938       __sehtable$___BuildCatchObjectHelper 00446938     libvcruntime:frame.obj
 0002:000079a8       __sehtable$___unDName      004469a8     libvcruntime:undname.obj
 0002:000079c8       __sehtable$___unDNameEx    004469c8     libvcruntime:undname.obj
 0002:000079e8       __sehtable$___DestructExceptionObject 004469e8     libvcruntime:ehhelpers.obj
 0002:00007a08       __sehtable$??$?RV<lambda_80d7abc6eae2375db70be92ccaaf9b57>@@AAV<lambda_df52180bf14694d51fdefd82613e8f07>@@V<lambda_4fa1155033dff2042363dba4e2dc3802>@@@?$__crt_seh_guarded_call@H@@QAEH$$QAV<lambda_80d7abc6eae2375db70be92ccaaf9b57>@@AAV<lambda_df52180bf14694d51fdefd82613e8f07>@@$$QAV<lambda_4fa1155033dff2042363dba4e2dc3802>@@@Z 00446a08     libucrt:output.obj
 0002:00007a28       __sehtable$??$?RV<lambda_75d23329f2fb3d02b2e1cf5509bb1caf>@@AAV<lambda_c4f131f91cb4ec00a5b0a26aa161b8b4>@@V<lambda_114dc79c86b00c313cb0b6b3b001aaf8>@@@?$__crt_seh_guarded_call@H@@QAEH$$QAV<lambda_75d23329f2fb3d02b2e1cf5509bb1caf>@@AAV<lambda_c4f131f91cb4ec00a5b0a26aa161b8b4>@@$$QAV<lambda_114dc79c86b00c313cb0b6b3b001aaf8>@@@Z 00446a28     libucrt:output.obj
 0002:00007a48       __sehtable$??$?RV<lambda_cc35d49d909def412005bd38ddc96b77>@@AAV<lambda_d6a382b8dd98a6801a8abd6c28bdff2d>@@V<lambda_148068cfb9786d9714740654406e93d5>@@@?$__crt_seh_guarded_call@H@@QAEH$$QAV<lambda_cc35d49d909def412005bd38ddc96b77>@@AAV<lambda_d6a382b8dd98a6801a8abd6c28bdff2d>@@$$QAV<lambda_148068cfb9786d9714740654406e93d5>@@@Z 00446a48     libucrt:output.obj
 0002:00007a68       __sehtable$??$?RV<lambda_b7f50223258ab9fcc98080d45d02b1a4>@@AAV<lambda_42506531d319a600ce771deb5a236a10>@@V<lambda_31f843250ba6188c6e1f35d2bec6db0e>@@@?$__crt_seh_guarded_call@H@@QAEH$$QAV<lambda_b7f50223258ab9fcc98080d45d02b1a4>@@AAV<lambda_42506531d319a600ce771deb5a236a10>@@$$QAV<lambda_31f843250ba6188c6e1f35d2bec6db0e>@@@Z 00446a68     libucrt:output.obj
 0002:00007a88       __sehtable$??$?RV<lambda_3a2a6cca1b0f7007a3db339dcecd1562>@@AAV<lambda_e38011a3ba6e07c7dbcef4d549f26102>@@V<lambda_b2332a2b562101f3c3c34baab19e0511>@@@?$__crt_seh_guarded_call@H@@QAEH$$QAV<lambda_3a2a6cca1b0f7007a3db339dcecd1562>@@AAV<lambda_e38011a3ba6e07c7dbcef4d549f26102>@@$$QAV<lambda_b2332a2b562101f3c3c34baab19e0511>@@@Z 00446a88     libucrt:output.obj
 0002:00007aa8       __sehtable$??$?RV<lambda_b4329732a1a72698597872ef534ad66d>@@AAV<lambda_96392db5b14a27f72535a2156da24b09>@@V<lambda_0f47277b42e3e84c3311fed419af0b3c>@@@?$__crt_seh_guarded_call@H@@QAEH$$QAV<lambda_b4329732a1a72698597872ef534ad66d>@@AAV<lambda_96392db5b14a27f72535a2156da24b09>@@$$QAV<lambda_0f47277b42e3e84c3311fed419af0b3c>@@@Z 00446aa8     libucrt:output.obj
 0002:00007ac8       __sehtable$??R<lambda_6e4b09c48022b2350581041d5f6b0c4c>@@QBE@XZ 00446ac8     libucrt:exit.obj
 0002:00007ae8       __sehtable$??$?RV<lambda_03b1d95aef87969028cfba75ccab2455>@@AAV<lambda_6e4b09c48022b2350581041d5f6b0c4c>@@V<lambda_22bdf7517842c4b3e53723af5aa32b9e>@@@?$__crt_seh_guarded_call@X@@QAEX$$QAV<lambda_03b1d95aef87969028cfba75ccab2455>@@AAV<lambda_6e4b09c48022b2350581041d5f6b0c4c>@@$$QAV<lambda_22bdf7517842c4b3e53723af5aa32b9e>@@@Z 00446ae8     libucrt:exit.obj
 0002:00007b08       __sehtable$__setmode       00446b08     libucrt:setmode.obj
 0002:00007b28       __sehtable$__free_locale   00446b28     libucrt:wsetlocale.obj
 0002:00007b50       __sehtable$??$?RV<lambda_e5124f882df8998aaf41531e079ba474>@@AAV<lambda_3e16ef9562a7dcce91392c22ab16ea36>@@V<lambda_e25ca0880e6ef98be67edffd8c599615>@@@?$__crt_seh_guarded_call@X@@QAEX$$QAV<lambda_e5124f882df8998aaf41531e079ba474>@@AAV<lambda_3e16ef9562a7dcce91392c22ab16ea36>@@$$QAV<lambda_e25ca0880e6ef98be67edffd8c599615>@@@Z 00446b50     libucrt:wsetlocale.obj
 0002:00007b70       __sehtable$??$?RV<lambda_82aef432098b982f9ede325b418aa67a>@@AAV<lambda_862e9a3f04921db6ca1ce3faa2bf3edf>@@V<lambda_ffabc152e504b53d7492b9889b10c020>@@@?$__crt_seh_guarded_call@X@@QAEX$$QAV<lambda_82aef432098b982f9ede325b418aa67a>@@AAV<lambda_862e9a3f04921db6ca1ce3faa2bf3edf>@@$$QAV<lambda_ffabc152e504b53d7492b9889b10c020>@@@Z 00446b70     libucrt:wsetlocale.obj
 0002:00007b90       __sehtable$??$?RV<lambda_6673f7c4c09a5d469d0c27ae364621ce>@@AAV<lambda_ebab98244f73a74f49db879bf13fa982>@@V<lambda_be20789b7a146653eab82509ec35b419>@@@?$__crt_seh_guarded_call@X@@QAEX$$QAV<lambda_6673f7c4c09a5d469d0c27ae364621ce>@@AAV<lambda_ebab98244f73a74f49db879bf13fa982>@@$$QAV<lambda_be20789b7a146653eab82509ec35b419>@@@Z 00446b90     libucrt:wsetlocale.obj
 0002:00007bb0       __sehtable$??$?RV<lambda_303d0ad9bde654cb3f803a73716ce7a4>@@AAV<lambda_92fe181106aff629c9a2e25713a64969>@@V<lambda_184325e10b6cff6f771390cbceab281b>@@@?$__crt_seh_guarded_call@X@@QAEX$$QAV<lambda_303d0ad9bde654cb3f803a73716ce7a4>@@AAV<lambda_92fe181106aff629c9a2e25713a64969>@@$$QAV<lambda_184325e10b6cff6f771390cbceab281b>@@@Z 00446bb0     libucrt:wsetlocale.obj
 0002:00007bd0       __sehtable$??$?RV<lambda_38c1253c7a74f5d2d430989951395d98>@@AAV<lambda_b163b37eafe0a13f2c371fafeb0365c9>@@AAV<lambda_8dff2cf36a5417162780cd64fa2883ef>@@@?$__crt_seh_guarded_call@X@@QAEX$$QAV<lambda_38c1253c7a74f5d2d430989951395d98>@@AAV<lambda_b163b37eafe0a13f2c371fafeb0365c9>@@AAV<lambda_8dff2cf36a5417162780cd64fa2883ef>@@@Z 00446bd0     libucrt:wsetlocale.obj
 0002:00007bf0       __sehtable$??$?RV<lambda_7ac4055421038abea736e08bd20712a4>@@AAV<lambda_a10e4b102d4a2c3aac6f4f48bbdf488f>@@V<lambda_1da61822885009acd1bf848af4f9644b>@@@?$__crt_seh_guarded_call@H@@QAEH$$QAV<lambda_7ac4055421038abea736e08bd20712a4>@@AAV<lambda_a10e4b102d4a2c3aac6f4f48bbdf488f>@@$$QAV<lambda_1da61822885009acd1bf848af4f9644b>@@@Z 00446bf0     libucrt:onexit.obj
 0002:00007c10       __sehtable$??$?RV<lambda_69a2805e680e0e292e8ba93315fe43a8>@@AAV<lambda_f03950bc5685219e0bcd2087efbe011e>@@V<lambda_03fcd07e894ec930e3f35da366ca99d6>@@@?$__crt_seh_guarded_call@H@@QAEH$$QAV<lambda_69a2805e680e0e292e8ba93315fe43a8>@@AAV<lambda_f03950bc5685219e0bcd2087efbe011e>@@$$QAV<lambda_03fcd07e894ec930e3f35da366ca99d6>@@@Z 00446c10     libucrt:onexit.obj
 0002:00007c30       __sehtable$_terminate      00446c30     libucrt:terminate.obj
 0002:00007c50       __sehtable$??$?RV<lambda_93797fb4802c957ba6a7f08e1250235b>@@AAV<lambda_1f3ce6bd48e0aa2e72a71c02eee379d3>@@V<lambda_56cae30c9364c9b6c15aeaac05d0418e>@@@?$__crt_seh_guarded_call@H@@QAEH$$QAV<lambda_93797fb4802c957ba6a7f08e1250235b>@@AAV<lambda_1f3ce6bd48e0aa2e72a71c02eee379d3>@@$$QAV<lambda_56cae30c9364c9b6c15aeaac05d0418e>@@@Z 00446c50     libucrt:winapi_thunks.obj
 0002:00007c70       __sehtable$__fcloseall     00446c70     libucrt:closeall.obj
 0002:00007c90       __sehtable$??$?RV<lambda_2866be3712abc81a800a822484c830d8>@@AAV<lambda_39ca0ed439415581b5b15c265174cece>@@V<lambda_2b24c74d71094a6cd0cb82e44167d71b>@@@?$__crt_seh_guarded_call@X@@QAEX$$QAV<lambda_2866be3712abc81a800a822484c830d8>@@AAV<lambda_39ca0ed439415581b5b15c265174cece>@@$$QAV<lambda_2b24c74d71094a6cd0cb82e44167d71b>@@@Z 00446c90     libucrt:fflush.obj
 0002:00007cb0       __sehtable$??$?RV<lambda_2cc53f568c5a2bb6f192f930a45d44ea>@@AAV<lambda_ab61a845afdef5b7c387490eaf3616ee>@@V<lambda_c2ffc0b7726aa6be21d5f0026187e748>@@@?$__crt_seh_guarded_call@X@@QAEX$$QAV<lambda_2cc53f568c5a2bb6f192f930a45d44ea>@@AAV<lambda_ab61a845afdef5b7c387490eaf3616ee>@@$$QAV<lambda_c2ffc0b7726aa6be21d5f0026187e748>@@@Z 00446cb0     libucrt:fflush.obj
 0002:00007cd0       __sehtable$??$?RV<lambda_6d20deecaf4856105ebacbad442d1079>@@AAV<lambda_9a32fed5bf61b6b509b2d3f6003082a1>@@V<lambda_63ea2239ed67c638ddbae41947fdf875>@@@?$__crt_seh_guarded_call@H@@QAEH$$QAV<lambda_6d20deecaf4856105ebacbad442d1079>@@AAV<lambda_9a32fed5bf61b6b509b2d3f6003082a1>@@$$QAV<lambda_63ea2239ed67c638ddbae41947fdf875>@@@Z 00446cd0     libucrt:fflush.obj
 0002:00007cf0       __sehtable$___acrt_initialize_lowio 00446cf0     libucrt:ioinit.obj
 0002:00007d10       __sehtable$??$?RV<lambda_15ade71b0218206bbe3333a0c9b79046>@@AAV<lambda_da44e0f8b0f19ba52fefafb335991732>@@V<lambda_207f2d024fc103971653565357d6cd41>@@@?$__crt_seh_guarded_call@X@@QAEX$$QAV<lambda_15ade71b0218206bbe3333a0c9b79046>@@AAV<lambda_da44e0f8b0f19ba52fefafb335991732>@@$$QAV<lambda_207f2d024fc103971653565357d6cd41>@@@Z 00446d10     libucrt:per_thread_data.obj
 0002:00007d30       __sehtable$??$?RV<lambda_a7e850c220f1c8d1e6efeecdedd162c6>@@AAV<lambda_46720907175c18b6c9d2717bc0d2d362>@@V<lambda_9048902d66e8d99359bc9897bbb930a8>@@@?$__crt_seh_guarded_call@X@@QAEX$$QAV<lambda_a7e850c220f1c8d1e6efeecdedd162c6>@@AAV<lambda_46720907175c18b6c9d2717bc0d2d362>@@$$QAV<lambda_9048902d66e8d99359bc9897bbb930a8>@@@Z 00446d30     libucrt:per_thread_data.obj
 0002:00007d50       __sehtable$??$?RV<lambda_38edbb1296d33220d7e4dd0ed76b244a>@@AAV<lambda_5ce1d447e08cb34b2473517608e21441>@@V<lambda_fb385d3da700c9147fc39e65dd577a8c>@@@?$__crt_seh_guarded_call@X@@QAEX$$QAV<lambda_38edbb1296d33220d7e4dd0ed76b244a>@@AAV<lambda_5ce1d447e08cb34b2473517608e21441>@@$$QAV<lambda_fb385d3da700c9147fc39e65dd577a8c>@@@Z 00446d50     libucrt:per_thread_data.obj
 0002:00007d70       __sehtable$??$?RV<lambda_6affb1475c98b40b75cdec977db92e3c>@@AAV<lambda_b8d4b9c228a6ecc3f80208dbb4b4a104>@@V<lambda_608742c3c92a14382c1684fc64f96c88>@@@?$__crt_seh_guarded_call@X@@QAEX$$QAV<lambda_6affb1475c98b40b75cdec977db92e3c>@@AAV<lambda_b8d4b9c228a6ecc3f80208dbb4b4a104>@@$$QAV<lambda_608742c3c92a14382c1684fc64f96c88>@@@Z 00446d70     libucrt:per_thread_data.obj
 0002:00007d90       __sehtable$_fputwc         00446d90     libucrt:fputwc.obj
 0002:00007db0       __sehtable$_fputc          00446db0     libucrt:fputc.obj
 0002:00007dd0       __sehtable$?update_thread_multibyte_data_internal@@YAPAU__crt_multibyte_data@@QAU__acrt_ptd@@QAPAU1@@Z 00446dd0     libucrt:mbctype.obj
 0002:00007df0       __sehtable$??$?RV<lambda_ceb1ee4838e85a9d631eb091e2fbe199>@@AAV<lambda_ae742caa10f662c28703da3d2ea5e57e>@@V<lambda_cd08b5d6af4937fe54fc07d0c9bf6b37>@@@?$__crt_seh_guarded_call@X@@QAEX$$QAV<lambda_ceb1ee4838e85a9d631eb091e2fbe199>@@AAV<lambda_ae742caa10f662c28703da3d2ea5e57e>@@$$QAV<lambda_cd08b5d6af4937fe54fc07d0c9bf6b37>@@@Z 00446df0     libucrt:mbctype.obj
 0002:00007e10       __sehtable$__open_osfhandle 00446e10     libucrt:osfinfo.obj
 0002:00007e30       __sehtable$__alloc_osfhnd  00446e30     libucrt:osfinfo.obj
 0002:00007e50       __sehtable$___acrt_lowio_ensure_fh_exists 00446e50     libucrt:osfinfo.obj
 0002:00007e70       __sehtable$___acrt_update_thread_locale_data 00446e70     libucrt:locale_refcounting.obj
 0002:00007e90       __sehtable$__query_new_handler 00446e90     libucrt:new_handler.obj
 0002:00007eb0       __sehtable$__set_new_handler 00446eb0     libucrt:new_handler.obj
 0002:00007ed0       __sehtable$_signal         00446ed0     libucrt:signal.obj
 0002:00007ef0       __sehtable$_raise          00446ef0     libucrt:signal.obj
 0002:00007f10       __sehtable$?ctrlevent_capture@@YGHK@Z 00446f10     libucrt:signal.obj
 0002:00007f30       __sehtable$??$?RV<lambda_cbab9ec6f41b0180b23cc171c22676b0>@@AAV<lambda_44731a7d0e6d81c3e6aa82d741081786>@@V<lambda_4b292cb8dd18144e164572427af410ab>@@@?$__crt_seh_guarded_call@P6AXH@Z@@QAEP6AXH@Z$$QAV<lambda_cbab9ec6f41b0180b23cc171c22676b0>@@AAV<lambda_44731a7d0e6d81c3e6aa82d741081786>@@$$QAV<lambda_4b292cb8dd18144e164572427af410ab>@@@Z 00446f30     libucrt:signal.obj
 0002:00007f50       __sehtable$_fclose         00446f50     libucrt:fclose.obj
 0002:00007f70       __sehtable$??$?RV<lambda_9e9de3de5fa147e2223d7db92bc10aa6>@@AAV<lambda_38ce7e780aa69e748d6df282ebc68efe>@@V<lambda_8ca6da459f0f6780f1cff60fdc3d00e5>@@@?$__crt_seh_guarded_call@H@@QAEH$$QAV<lambda_9e9de3de5fa147e2223d7db92bc10aa6>@@AAV<lambda_38ce7e780aa69e748d6df282ebc68efe>@@$$QAV<lambda_8ca6da459f0f6780f1cff60fdc3d00e5>@@@Z 00446f70     libucrt:commit.obj
 0002:00007f90       __sehtable$__write         00446f90     libucrt:write.obj
 0002:00007fb0       __sehtable$___set_fpsr_sse2 00446fb0     libucrt:fpctrl.obj
 0002:00007fd0       __sehtable$??$?RV<lambda_218ce3db14220d0be481dae8ef3383b6>@@AAV<lambda_628dfdc04ba53c8bfc02c9951375f3f5>@@V<lambda_57dc472bd5c9d5f3b2cbca59b8a843ae>@@@?$__crt_seh_guarded_call@H@@QAEH$$QAV<lambda_218ce3db14220d0be481dae8ef3383b6>@@AAV<lambda_628dfdc04ba53c8bfc02c9951375f3f5>@@$$QAV<lambda_57dc472bd5c9d5f3b2cbca59b8a843ae>@@@Z 00446fd0     libucrt:close.obj
 0002:00007ff0       __sehtable$?__acrt_stdio_allocate_stream@@YA?AV__crt_stdio_stream@@XZ 00446ff0     libucrt:stream.obj
 0002:00008010       __sehtable$??$common_lseek@J@@YAJHJH@Z 00447010     libucrt:lseek.obj
 0002:00008030       __sehtable$??$common_lseek@_J@@YA_JH_JH@Z 00447030     libucrt:lseek.obj
 0002:00008050       __sehtable$??$?RV<lambda_f828341fbe69b7c0d4c527b01f22877f>@@AAV<lambda_9e0b6ab72a5b3ae37ad997d08b519f50>@@V<lambda_f01deac0a8d65d6e0411edf7e0af5775>@@@?$__crt_seh_guarded_call@G@@QAEG$$QAV<lambda_f828341fbe69b7c0d4c527b01f22877f>@@AAV<lambda_9e0b6ab72a5b3ae37ad997d08b519f50>@@$$QAV<lambda_f01deac0a8d65d6e0411edf7e0af5775>@@@Z 00447050     libucrt:putwch.obj
 0002:00008070       __sehtable$__IsNonwritableInCurrentImage 00447070     LIBCMT:pesect.obj
 0002:00008816       .idata$6                   00447816     kernel32:KERNEL32.dll
 0003:00000020       ?__vcrt_flsindex@@3KA      00448020     libvcruntime:per_thread_data.obj
 0003:000000e8       __ctype_loc_style          004480e8     libucrt:wsetlocale.obj
 0003:000000f0       ?errno_no_memory@@3HA      004480f0     libucrt:errno.obj
 0003:000000f4       ?doserrno_no_memory@@3KA   004480f4     libucrt:errno.obj
 0003:00000128       ?__acrt_flsindex@@3KA      00448128     libucrt:per_thread_data.obj
 0003:000001f8       __mbctypes                 004481f8     libucrt:mbctype.obj
 0003:00000300       __mbcasemaps               00448300     libucrt:mbctype.obj
 0003:00000400       ?__rgctypeflag@@3PADA      00448400     libucrt:mbctype.obj
 0003:00000408       ?__rgcode_page_info@@3PAUcode_page_info@@A 00448408     libucrt:mbctype.obj
 0003:00000780       ?__DAZ_ENABLED@?1??__set_fpsr_sse2@@9@9 00448780     libucrt:fpctrl.obj
 0003:00000790       ?__dcrt_lowio_console_output_handle@@3PAXA 00448790     libucrt:initcon.obj
 0003:000008e8       _GS_ExceptionRecord        004488e8     LIBCMT:gs_report.obj
 0003:00000938       _GS_ContextRecord          00448938     LIBCMT:gs_report.obj
 0003:00000c0c       ?module_local_atexit_table@@3U_onexit_table_t@@A 00448c0c     LIBCMT:utility.obj
 0003:00000c18       ?module_local_at_quick_exit_table@@3U_onexit_table_t@@A 00448c18     LIBCMT:utility.obj
 0003:00000c24       ?module_local_atexit_table_initialized@@3_NA 00448c24     LIBCMT:utility.obj
 0003:00000c25       ?is_initialized_as_dll@@3_NA 00448c25     LIBCMT:utility.obj
 0003:00000c44       ?__vcrt_startup_thread_ptd@@3U__vcrt_ptd@@A 00448c44     libvcruntime:per_thread_data.obj
 0003:00000c6c       ___vcrt_lock_table         00448c6c     libvcruntime:locks.obj
 0003:00000c84       ___vcrt_locks_initialized  00448c84     libvcruntime:locks.obj
 0003:00000c88       ?module_handles@@3PAPAUHINSTANCE__@@A 00448c88     libvcruntime:winapi_downlevel.obj
 0003:00000c94       ?encoded_function_pointers@@3PAPAXA 00448c94     libvcruntime:winapi_downlevel.obj
 0003:00000cd4       ?heap@@3V_HeapManager@@A   00448cd4     libvcruntime:undname.obj
 0003:00000d2c       ?__acrt_app_type@@3W4_crt_app_type@@A 00448d2c     libucrt:report_runtime_error.obj
 0003:00000d30       ?outmsg@?9??__acrt_report_runtime_error@@9@4PA_WA 00448d30     libucrt:report_runtime_error.obj
 0003:00001358       ?user_matherr@@3V?$dual_state_global@P6AHPAU_exception@@@Z@__crt_state_management@@A 00449358     libucrt:matherr.obj
 0003:00001360       ?program_name@?1???$common_configure_argv@D@@YAHW4_crt_argv_mode@@@Z@4PADA 00449360     libucrt:argv_parsing.obj
 0003:00001468       ?program_name@?1???$common_configure_argv@_W@@YAHW4_crt_argv_mode@@@Z@4PA_WA 00449468     libucrt:argv_parsing.obj
 0003:00001684       ?c_termination_complete@@3JA 00449684     libucrt:exit.obj
 0003:00001688       ?thread_local_exit_callback_func@@3P6GXPAXK0@ZA 00449688     libucrt:exit.obj
 0003:000016b0       ?__acrt_global_new_mode@@3V?$dual_state_global@J@__crt_state_management@@A 004496b0     libucrt:new_mode.obj
 0003:000016d0       ?__acrt_invalid_parameter_handler@@3V?$dual_state_global@P6AXPB_W00II@Z@__crt_state_management@@A 004496d0     libucrt:invalid_parameter.obj
 0003:000016d8       ?module_handles@@3PAPAUHINSTANCE__@@A 004496d8     libucrt:winapi_thunks.obj
 0003:00001728       ?encoded_function_pointers@@3PAPAXA 00449728     libucrt:winapi_thunks.obj
 0003:000017b0       ?static_enum_proc@?1??enum_system_locales_ex_nolock@@YAHQ6GHPA_WKJ@Z@Z@4P6GH0KJ@ZA 004497b0     libucrt:winapi_thunks.obj
 0003:000019bc       ?enable_percent_n@@3IA     004499bc     libucrt:printf_count_output.obj
 0003:000019cc       ___acrt_error_mode         004499cc     libucrt:set_error_mode.obj
 0003:000019dc       ?fSystemSet@@3HA           004499dc     libucrt:mbctype.obj
 0003:000019e0       ?initialized@?1??__acrt_initialize_multibyte@@9@4_NA 004499e0     libucrt:mbctype.obj
 0003:000019e8       ?__acrt_lock_table@@3PAU_RTL_CRITICAL_SECTION@@A 004499e8     libucrt:locks.obj
 0003:00001b38       ?__acrt_locks_initialized@@3IA 00449b38     libucrt:locks.obj
 0003:00001b3c       ?state_cache@?1???$get_cached_win_policy@Ubegin_thread_init_policy_properties@?1??__acrt_get_begin_thread_init_policy@@YA?AW4begin_thread_init_policy@@XZ@@@YA?AW4begin_thread_init_policy@@W4AppPolicyThreadInitializationType@@@Z@4JA 00449b3c     libucrt:win_policies.obj
 0003:00001b40       ?state_cache@?1???$get_cached_win_policy@Udeveloper_information_policy_properties@?1??__acrt_get_developer_information_policy@@YA?AW4developer_information_policy@@XZ@@@YA?AW4developer_information_policy@@W4AppPolicyShowDeveloperDiagnostic@@@Z@4JA 00449b40     libucrt:win_policies.obj
 0003:00001b44       ?state_cache@?1???$get_cached_win_policy@Uwindowing_model_policy_properties@?1??__acrt_get_windowing_model_policy@@YA?AW4windowing_model_policy@@XZ@@@YA?AW4windowing_model_policy@@W4AppPolicyWindowingModel@@@Z@4JA 00449b44     libucrt:win_policies.obj
 0003:00001b58       ?__acrt_new_handler@@3V?$dual_state_global@P6AHI@Z@__crt_state_management@@A 00449b58     libucrt:new_handler.obj
 0003:00001b5c       ?console_ctrl_handler_installed@@3_NA 00449b5c     libucrt:signal.obj
 0003:00001b60       ?ctrlc_action@@3V?$dual_state_global@P6AXH@Z@__crt_state_management@@A 00449b60     libucrt:signal.obj
 0003:00001b64       ?ctrlbreak_action@@3V?$dual_state_global@P6AXH@Z@__crt_state_management@@A 00449b64     libucrt:signal.obj
 0003:00001b68       ?abort_action@@3V?$dual_state_global@P6AXH@Z@__crt_state_management@@A 00449b68     libucrt:signal.obj
 0003:00001b6c       ?term_action@@3V?$dual_state_global@P6AXH@Z@__crt_state_management@@A 00449b6c     libucrt:signal.obj
 0003:00001b74       __pmatherr_set             00449b74     libucrt:libm_error.obj
 0004:00000060       $R000000                   0044a060     * linker generated manifest res *
