 ThreadHangApp

 Timestamp is 49c07c58 (Wed Mar 18 13:45:12 2009)

 Preferred load address is 00400000

 Start         Length     Name                   Class
 0001:00000000 00000d16H .text                   CODE
 0001:00000d20 00000072H .text$x                 CODE
 0002:00000000 00000238H .idata$5                DATA
 0002:00000238 000004dcH .rdata                  DATA
 0002:00000718 000000a0H .xdata$x                DATA
 0002:000007b8 00000050H .idata$2                DATA
 0002:00000808 00000014H .idata$3                DATA
 0002:0000081c 00000238H .idata$4                DATA
 0002:00000a54 000002caH .idata$6                DATA
 0002:00000d1e 00000000H .edata                  DATA
 0003:00000000 00000004H .CRT$XCA                DATA
 0003:00000004 00000004H .CRT$XCL                DATA
 0003:00000008 00000008H .CRT$XCU                DATA
 0003:00000010 00000004H .CRT$XCZ                DATA
 0003:00000014 00000004H .CRT$XIA                DATA
 0003:00000018 00000004H .CRT$XIZ                DATA
 0003:00000020 00000084H .data                   DATA
 0003:000000a8 00000168H .bss                    DATA
 0004:00000000 000001d8H .rsrc$01                DATA
 0004:000001e0 00000a18H .rsrc$02                DATA

  Address         Publics by Value              Rva+Base     Lib:Object

 0001:00000000       ?_GetBaseMessageMap@CThreadHangAppApp@@KGPBUAFX_MSGMAP@@XZ 00401000 f   ThreadHangApp.obj
 0001:00000010       ?GetMessageMap@CThreadHangAppApp@@MBEPBUAFX_MSGMAP@@XZ 00401010 f   ThreadHangApp.obj
 0001:00000020       ??0CThreadHangAppApp@@QAE@XZ 00401020 f   ThreadHangApp.obj
 0001:00000040       ??_ECThreadHangAppApp@@UAEPAXI@Z 00401040 f i ThreadHangApp.obj
 0001:00000040       ??_GCThreadHangAppApp@@UAEPAXI@Z 00401040 f i ThreadHangApp.obj
 0001:00000060       ??1CThreadHangAppApp@@UAE@XZ 00401060 f i ThreadHangApp.obj
 0001:000000b0       ?InitInstance@CThreadHangAppApp@@UAEHXZ 004010b0 f   ThreadHangApp.obj
 0001:00000140       ??1CThreadHangAppDlg@@UAE@XZ 00401140 f i ThreadHangApp.obj
 0001:00000150       ?Serialize@CObject@@UAEXAAVCArchive@@@Z 00401150 f i ThreadHangApp.obj
 0001:00000160       ?AssertValid@CObject@@UBEXXZ 00401160 f i ThreadHangApp.obj
 0001:00000170       ?Dump@CObject@@UBEXAAVCDumpContext@@@Z 00401170 f i ThreadHangApp.obj
 0001:00000180       ??0CAboutDlg@@QAE@XZ       00401180 f   ThreadHangAppDlg.obj
 0001:000001a0       ??_ECAboutDlg@@UAEPAXI@Z   004011a0 f i ThreadHangAppDlg.obj
 0001:000001a0       ??_GCAboutDlg@@UAEPAXI@Z   004011a0 f i ThreadHangAppDlg.obj
 0001:000001c0       ??1CAboutDlg@@UAE@XZ       004011c0 f i ThreadHangAppDlg.obj
 0001:000001d0       ?DoDataExchange@CAboutDlg@@MAEXPAVCDataExchange@@@Z 004011d0 f   ThreadHangAppDlg.obj
 0001:000001e0       ?_GetBaseMessageMap@CAboutDlg@@KGPBUAFX_MSGMAP@@XZ 004011e0 f   ThreadHangAppDlg.obj
 0001:000001f0       ?GetMessageMap@CAboutDlg@@MBEPBUAFX_MSGMAP@@XZ 004011f0 f   ThreadHangAppDlg.obj
 0001:00000200       ??0CThreadHangAppDlg@@QAE@PAVCWnd@@@Z 00401200 f   ThreadHangAppDlg.obj
 0001:00000270       ??_ECThreadHangAppDlg@@UAEPAXI@Z 00401270 f i ThreadHangAppDlg.obj
 0001:00000270       ??_GCThreadHangAppDlg@@UAEPAXI@Z 00401270 f i ThreadHangAppDlg.obj
 0001:00000290       ?DoDataExchange@CThreadHangAppDlg@@MAEXPAVCDataExchange@@@Z 00401290 f   ThreadHangAppDlg.obj
 0001:000002b0       ?_GetBaseMessageMap@CThreadHangAppDlg@@KGPBUAFX_MSGMAP@@XZ 004012b0 f   ThreadHangAppDlg.obj
 0001:000002c0       ?GetMessageMap@CThreadHangAppDlg@@MBEPBUAFX_MSGMAP@@XZ 004012c0 f   ThreadHangAppDlg.obj
 0001:000002d0       ?OnInitDialog@CThreadHangAppDlg@@MAEHXZ 004012d0 f   ThreadHangAppDlg.obj
 0001:000003e0       ?OnSysCommand@CThreadHangAppDlg@@IAEXIJ@Z 004013e0 f   ThreadHangAppDlg.obj
 0001:00000460       ?OnPaint@CThreadHangAppDlg@@IAEXXZ 00401460 f   ThreadHangAppDlg.obj
 0001:00000520       ?OnQueryDragIcon@CThreadHangAppDlg@@IAEPAUHICON__@@XZ 00401520 f   ThreadHangAppDlg.obj
 0001:00000530       ?OutputMessage@CThreadHangAppDlg@@SAXPBD@Z 00401530 f   ThreadHangAppDlg.obj
 0001:00000570       ?ThreadProc@@YGKPAX@Z      00401570 f   ThreadHangAppDlg.obj
 0001:00000690       ?OnBtnThread@CThreadHangAppDlg@@IAEXXZ 00401690 f   ThreadHangAppDlg.obj
 0001:000006f0       ?OnBtnDestroy@CThreadHangAppDlg@@IAEXXZ 004016f0 f   ThreadHangAppDlg.obj
 0001:00000750       ?OnBtnSignal@CThreadHangAppDlg@@IAEXXZ 00401750 f   ThreadHangAppDlg.obj
 0001:00000760       ?OnBtnNonsignal@CThreadHangAppDlg@@IAEXXZ 00401760 f   ThreadHangAppDlg.obj
 0001:00000770       ?BeginModalState@CWnd@@UAEXXZ 00401770 f i ThreadHangAppDlg.obj
 0001:00000780       ?EndModalState@CWnd@@UAEXXZ 00401780 f i ThreadHangAppDlg.obj
 0001:00000790       ??0CEdit@@QAE@XZ           00401790 f i ThreadHangAppDlg.obj
 0001:000007b0       ?DoDataExchange@CWnd@@MAEXPAVCDataExchange@@@Z 004017b0 f i ThreadHangAppDlg.obj
 0001:000007c0       ??_GCEdit@@UAEPAXI@Z       004017c0 f i ThreadHangAppDlg.obj
 0001:000007c0       ??_ECEdit@@UAEPAXI@Z       004017c0 f i ThreadHangAppDlg.obj
 0001:000007e0       ?OnHelp@CWinApp@@IAEXXZ    004017e0 f   mfc42:MFC42.DLL
 0001:000007e6       ?WinHelpA@CWinApp@@UAEXKI@Z 004017e6 f   mfc42:MFC42.DLL
 0001:000007ec       ?OnDDECommand@CWinApp@@UAEHPAD@Z 004017ec f   mfc42:MFC42.DLL
 0001:000007f2       ?DoWaitCursor@CWinApp@@UAEXH@Z 004017f2 f   mfc42:MFC42.DLL
 0001:000007f8       ?DoMessageBox@CWinApp@@UAEHPBDII@Z 004017f8 f   mfc42:MFC42.DLL
 0001:000007fe       ?SaveAllModified@CWinApp@@UAEHXZ 004017fe f   mfc42:MFC42.DLL
 0001:00000804       ?InitApplication@CWinApp@@UAEHXZ 00401804 f   mfc42:MFC42.DLL
 0001:0000080a       ?AddToRecentFileList@CWinApp@@UAEXPBD@Z 0040180a f   mfc42:MFC42.DLL
 0001:00000810       ?OpenDocumentFile@CWinApp@@UAEPAVCDocument@@PBD@Z 00401810 f   mfc42:MFC42.DLL
 0001:00000816       ?Delete@CWinThread@@UAEXXZ 00401816 f   mfc42:MFC42.DLL
 0001:0000081c       ?GetMainWnd@CWinThread@@UAEPAVCWnd@@XZ 0040181c f   mfc42:MFC42.DLL
 0001:00000822       ?ProcessMessageFilter@CWinThread@@UAEHHPAUtagMSG@@@Z 00401822 f   mfc42:MFC42.DLL
 0001:00000828       ?ProcessWndProcException@CWinApp@@UAEJPAVCException@@PBUtagMSG@@@Z 00401828 f   mfc42:MFC42.DLL
 0001:0000082e       ?ExitInstance@CWinApp@@UAEHXZ 0040182e f   mfc42:MFC42.DLL
 0001:00000834       ?IsIdleMessage@CWinThread@@UAEHPAUtagMSG@@@Z 00401834 f   mfc42:MFC42.DLL
 0001:0000083a       ?OnIdle@CWinApp@@UAEHJ@Z   0040183a f   mfc42:MFC42.DLL
 0001:00000840       ?PumpMessage@CWinThread@@UAEHXZ 00401840 f   mfc42:MFC42.DLL
 0001:00000846       ?PreTranslateMessage@CWinThread@@UAEHPAUtagMSG@@@Z 00401846 f   mfc42:MFC42.DLL
 0001:0000084c       ?Run@CWinApp@@UAEHXZ       0040184c f   mfc42:MFC42.DLL
 0001:00000852       ?GetConnectionHook@CCmdTarget@@MAEPAUIConnectionPoint@@ABU_GUID@@@Z 00401852 f   mfc42:MFC42.DLL
 0001:00000858       ?GetExtraConnectionPoints@CCmdTarget@@MAEHPAVCPtrArray@@@Z 00401858 f   mfc42:MFC42.DLL
 0001:0000085e       ?GetInterfaceHook@CCmdTarget@@UAEPAUIUnknown@@PBX@Z 0040185e f   mfc42:MFC42.DLL
 0001:00000864       ?OnCreateAggregates@CCmdTarget@@UAEHXZ 00401864 f   mfc42:MFC42.DLL
 0001:0000086a       ?GetEventSinkMap@CCmdTarget@@MBEPBUAFX_EVENTSINKMAP@@XZ 0040186a f   mfc42:MFC42.DLL
 0001:00000870       ?GetInterfaceMap@CCmdTarget@@MBEPBUAFX_INTERFACEMAP@@XZ 00401870 f   mfc42:MFC42.DLL
 0001:00000876       ?GetConnectionMap@CCmdTarget@@MBEPBUAFX_CONNECTIONMAP@@XZ 00401876 f   mfc42:MFC42.DLL
 0001:0000087c       ?GetDispatchMap@CCmdTarget@@MBEPBUAFX_DISPMAP@@XZ 0040187c f   mfc42:MFC42.DLL
 0001:00000882       ?GetCommandMap@CCmdTarget@@MBEPBUAFX_OLECMDMAP@@XZ 00401882 f   mfc42:MFC42.DLL
 0001:00000888       ?GetTypeLib@CCmdTarget@@UAEJKPAPAUITypeLib@@@Z 00401888 f   mfc42:MFC42.DLL
 0001:0000088e       ?GetTypeLibCache@CCmdTarget@@UAEPAVCTypeLibCache@@XZ 0040188e f   mfc42:MFC42.DLL
 0001:00000894       ?GetTypeInfoCount@CCmdTarget@@UAEIXZ 00401894 f   mfc42:MFC42.DLL
 0001:0000089a       ?GetDispatchIID@CCmdTarget@@UAEHPAU_GUID@@@Z 0040189a f   mfc42:MFC42.DLL
 0001:000008a0       ?IsInvokeAllowed@CCmdTarget@@UAEHJ@Z 004018a0 f   mfc42:MFC42.DLL
 0001:000008a6       ?OnFinalRelease@CCmdTarget@@UAEXXZ 004018a6 f   mfc42:MFC42.DLL
 0001:000008ac       ?OnCmdMsg@CCmdTarget@@UAEHIHPAXPAUAFX_CMDHANDLERINFO@@@Z 004018ac f   mfc42:MFC42.DLL
 0001:000008b2       ?GetRuntimeClass@CWinApp@@UBEPAUCRuntimeClass@@XZ 004018b2 f   mfc42:MFC42.DLL
 0001:000008b8       ??0CWinApp@@QAE@PBD@Z      004018b8 f   mfc42:MFC42.DLL
 0001:000008be       ??3@YAXPAX@Z               004018be f   mfc42:MFC42.DLL
 0001:000008c4       ??1CWinApp@@UAE@XZ         004018c4 f   mfc42:MFC42.DLL
 0001:000008ca       ??1CDialog@@UAE@XZ         004018ca f   mfc42:MFC42.DLL
 0001:000008d0       ?DoModal@CDialog@@UAEHXZ   004018d0 f   mfc42:MFC42.DLL
 0001:000008d6       ?Enable3dControls@CWinApp@@IAEHXZ 004018d6 f   mfc42:MFC42.DLL
 0001:000008dc       ?AfxEnableControlContainer@@YAXPAVCOccManager@@@Z 004018dc f   mfc42:MFC42.DLL
 0001:000008e2       ?PreInitDialog@CDialog@@MAEXXZ 004018e2 f   mfc42:MFC42.DLL
 0001:000008e8       ?OnCancel@CDialog@@MAEXXZ  004018e8 f   mfc42:MFC42.DLL
 0001:000008ee       ?OnOK@CDialog@@MAEXXZ      004018ee f   mfc42:MFC42.DLL
 0001:000008f4       ?OnSetFont@CDialog@@UAEXPAVCFont@@@Z 004018f4 f   mfc42:MFC42.DLL
 0001:000008fa       ?OnInitDialog@CDialog@@UAEHXZ 004018fa f   mfc42:MFC42.DLL
 0001:00000900       ?SetOccDialogInfo@CDialog@@MAEHPAU_AFX_OCC_DIALOG_INFO@@@Z 00401900 f   mfc42:MFC42.DLL
 0001:00000906       ?IsFrameWnd@CWnd@@UBEHXZ   00401906 f   mfc42:MFC42.DLL
 0001:0000090c       ?CheckAutoCenter@CDialog@@UAEHXZ 0040190c f   mfc42:MFC42.DLL
 0001:00000912       ?OnChildNotify@CWnd@@MAEHIIJPAJ@Z 00401912 f   mfc42:MFC42.DLL
 0001:00000918       ?PostNcDestroy@CWnd@@MAEXXZ 00401918 f   mfc42:MFC42.DLL
 0001:0000091e       ?DefWindowProcA@CWnd@@MAEJIIJ@Z 0040191e f   mfc42:MFC42.DLL
 0001:00000924       ?OnWndMsg@CWnd@@MAEHIIJPAJ@Z 00401924 f   mfc42:MFC42.DLL
 0001:0000092a       ?WindowProc@CWnd@@MAEJIIJ@Z 0040192a f   mfc42:MFC42.DLL
 0001:00000930       ?OnAmbientProperty@CWnd@@UAEHPAVCOleControlSite@@JPAUtagVARIANT@@@Z 00401930 f   mfc42:MFC42.DLL
 0001:00000936       ?PreTranslateMessage@CDialog@@UAEHPAUtagMSG@@@Z 00401936 f   mfc42:MFC42.DLL
 0001:0000093c       ?GetSuperWndProcAddr@CWnd@@MAEPAP6GJPAUHWND__@@IIJ@ZXZ 0040193c f   mfc42:MFC42.DLL
 0001:00000942       ?OnNotify@CWnd@@MAEHIJPAJ@Z 00401942 f   mfc42:MFC42.DLL
 0001:00000948       ?OnCommand@CWnd@@MAEHIJ@Z  00401948 f   mfc42:MFC42.DLL
 0001:0000094e       ?EndModalLoop@CWnd@@UAEXH@Z 0040194e f   mfc42:MFC42.DLL
 0001:00000954       ?ContinueModal@CWnd@@UAEHXZ 00401954 f   mfc42:MFC42.DLL
 0001:0000095a       ?WinHelpA@CWnd@@UAEXKI@Z   0040195a f   mfc42:MFC42.DLL
 0001:00000960       ?GetScrollBarCtrl@CWnd@@UBEPAVCScrollBar@@H@Z 00401960 f   mfc42:MFC42.DLL
 0001:00000966       ?OnToolHitTest@CWnd@@UBEHVCPoint@@PAUtagTOOLINFOA@@@Z 00401966 f   mfc42:MFC42.DLL
 0001:0000096c       ?CalcWindowRect@CWnd@@UAEXPAUtagRECT@@I@Z 0040196c f   mfc42:MFC42.DLL
 0001:00000972       ?PreCreateWindow@CWnd@@UAEHAAUtagCREATESTRUCTA@@@Z 00401972 f   mfc42:MFC42.DLL
 0001:00000978       ?DestroyWindow@CWnd@@UAEHXZ 00401978 f   mfc42:MFC42.DLL
 0001:0000097e       ?Create@CWnd@@UAEHPBD0KABUtagRECT@@PAV1@IPAUCCreateContext@@@Z 0040197e f   mfc42:MFC42.DLL
 0001:00000984       ?PreSubclassWindow@CWnd@@UAEXXZ 00401984 f   mfc42:MFC42.DLL
 0001:0000098a       ?OnFinalRelease@CWnd@@UAEXXZ 0040198a f   mfc42:MFC42.DLL
 0001:00000990       ?OnCmdMsg@CDialog@@UAEHIHPAXPAUAFX_CMDHANDLERINFO@@@Z 00401990 f   mfc42:MFC42.DLL
 0001:00000996       ?GetRuntimeClass@CDialog@@UBEPAUCRuntimeClass@@XZ 00401996 f   mfc42:MFC42.DLL
 0001:0000099c       ??0CDialog@@QAE@IPAVCWnd@@@Z 0040199c f   mfc42:MFC42.DLL
 0001:000009a2       ?AfxFindResourceHandle@@YGPAUHINSTANCE__@@PBD0@Z 004019a2 f   mfc42:MFC42.DLL
 0001:000009a8       ?AfxGetModuleState@@YGPAVAFX_MODULE_STATE@@XZ 004019a8 f   mfc42:MFC42.DLL
 0001:000009ae       ?DDX_Control@@YGXPAVCDataExchange@@HAAVCWnd@@@Z 004019ae f   mfc42:MFC42.DLL
 0001:000009b4       ??1CString@@QAE@XZ         004019b4 f   mfc42:MFC42.DLL
 0001:000009ba       ?LoadStringA@CString@@QAEHI@Z 004019ba f   mfc42:MFC42.DLL
 0001:000009c0       ??0CString@@QAE@XZ         004019c0 f   mfc42:MFC42.DLL
 0001:000009c6       ?FromHandle@CMenu@@SGPAV1@PAUHMENU__@@@Z 004019c6 f   mfc42:MFC42.DLL
 0001:000009cc       ?Default@CWnd@@IAEJXZ      004019cc f   mfc42:MFC42.DLL
 0001:000009d2       ??1CPaintDC@@UAE@XZ        004019d2 f   mfc42:MFC42.DLL
 0001:000009d8       ??0CPaintDC@@QAE@PAVCWnd@@@Z 004019d8 f   mfc42:MFC42.DLL
 0001:000009de       ??1CEdit@@UAE@XZ           004019de f   mfc42:MFC42.DLL
 0001:000009e4       ?MessageBoxA@CWnd@@QAEHPBD0I@Z 004019e4 f   mfc42:MFC42.DLL
 0001:000009ea       ?SetOccDialogInfo@CWnd@@MAEHPAU_AFX_OCC_DIALOG_INFO@@@Z 004019ea f   mfc42:MFC42.DLL
 0001:000009f0       ?CheckAutoCenter@CWnd@@UAEHXZ 004019f0 f   mfc42:MFC42.DLL
 0001:000009f6       ?PreTranslateMessage@CWnd@@UAEHPAUtagMSG@@@Z 004019f6 f   mfc42:MFC42.DLL
 0001:000009fc       ?GetMessageMap@CWnd@@MBEPBUAFX_MSGMAP@@XZ 004019fc f   mfc42:MFC42.DLL
 0001:00000a02       ?GetRuntimeClass@CEdit@@UBEPAUCRuntimeClass@@XZ 00401a02 f   mfc42:MFC42.DLL
 0001:00000a08       ??0CWnd@@QAE@XZ            00401a08 f   mfc42:MFC42.DLL
 0001:00000a0e       __onexit                   00401a0e f   msvcrt:atonexit.obj
 0001:00000a3a       _atexit                    00401a3a f   msvcrt:atonexit.obj
 0001:00000a4c       ___CxxFrameHandler         00401a4c f   msvcrt:MSVCRT.dll
 0001:00000a60       _free                      00401a60 f   msvcrt:MSVCRT.dll
 0001:00000a66       _sprintf                   00401a66 f   msvcrt:MSVCRT.dll
 0001:00000a6c       _malloc                    00401a6c f   msvcrt:MSVCRT.dll
 0001:00000a72       _WinMainCRTStartup         00401a72 f   msvcrt:crtexew.obj
 0001:00000bd0       ___dllonexit               00401bd0 f   msvcrt:MSVCRT.dll
 0001:00000bd6       __exit                     00401bd6 f   msvcrt:MSVCRT.dll
 0001:00000bdc       __XcptFilter               00401bdc f   msvcrt:MSVCRT.dll
 0001:00000be2       _exit                      00401be2 f   msvcrt:MSVCRT.dll
 0001:00000be8       ___getmainargs             00401be8 f   msvcrt:MSVCRT.dll
 0001:00000bee       __initterm                 00401bee f   msvcrt:MSVCRT.dll
 0001:00000bf4       __setdefaultprecision      00401bf4 f   msvcrt:fp8.obj
 0001:00000c06       ___setusermatherr          00401c06 f   msvcrt:MSVCRT.dll
 0001:00000c0c       __matherr                  00401c0c f   msvcrt:merr.obj
 0001:00000c0f       __setargv                  00401c0f f   msvcrt:dllargv.obj
 0001:00000c10       ___p__commode              00401c10 f   msvcrt:MSVCRT.dll
 0001:00000c16       ___p__fmode                00401c16 f   msvcrt:MSVCRT.dll
 0001:00000c1c       ___set_app_type            00401c1c f   msvcrt:MSVCRT.dll
 0001:00000c22       __except_handler3          00401c22 f   msvcrt:MSVCRT.dll
 0001:00000c28       __controlfp                00401c28 f   msvcrt:MSVCRT.dll
 0001:00000c2e       _InitializeCriticalSection@4 00401c2e f   kernel32:KERNEL32.dll
 0001:00000c34       _CreateEventA@16           00401c34 f   kernel32:KERNEL32.dll
 0001:00000c3a       _OutputDebugStringA@4      00401c3a f   kernel32:KERNEL32.dll
 0001:00000c40       _Sleep@4                   00401c40 f   kernel32:KERNEL32.dll
 0001:00000c46       _LeaveCriticalSection@4    00401c46 f   kernel32:KERNEL32.dll
 0001:00000c4c       _EnterCriticalSection@4    00401c4c f   kernel32:KERNEL32.dll
 0001:00000c52       _GetCurrentThreadId@0      00401c52 f   kernel32:KERNEL32.dll
 0001:00000c58       _CreateThread@24           00401c58 f   kernel32:KERNEL32.dll
 0001:00000c5e       _DeleteCriticalSection@4   00401c5e f   kernel32:KERNEL32.dll
 0001:00000c64       _CloseHandle@4             00401c64 f   kernel32:KERNEL32.dll
 0001:00000c6a       _WaitForMultipleObjects@16 00401c6a f   kernel32:KERNEL32.dll
 0001:00000c70       _GetModuleHandleA@4        00401c70 f   kernel32:KERNEL32.dll
 0001:00000c76       _GetStartupInfoA@4         00401c76 f   kernel32:KERNEL32.dll
 0001:00000c7c       _LoadIconA@8               00401c7c f   user32:USER32.dll
 0001:00000c82       _SendMessageA@16           00401c82 f   user32:USER32.dll
 0001:00000c88       _AppendMenuA@16            00401c88 f   user32:USER32.dll
 0001:00000c8e       _GetSystemMenu@8           00401c8e f   user32:USER32.dll
 0001:00000c94       _DrawIcon@16               00401c94 f   user32:USER32.dll
 0001:00000c9a       _GetClientRect@8           00401c9a f   user32:USER32.dll
 0001:00000ca0       _GetSystemMetrics@4        00401ca0 f   user32:USER32.dll
 0001:00000ca6       _IsIconic@4                00401ca6 f   user32:USER32.dll
 0001:00000cac       _EnableWindow@8            00401cac f   user32:USER32.dll
 0001:00000cb2       _WinMain@16                00401cb2 f   mfcs42:appmodul.obj
 0001:00000cca       ?AfxInitialize@@YGHHK@Z    00401cca f   mfcs42:appmodul.obj
 0001:00000d0a       __setmbcp                  00401d0a f   msvcrt:MSVCRT.dll
 0001:00000d10       ?AfxWinMain@@YGHPAUHINSTANCE__@@0PADH@Z 00401d10 f   mfc42:MFC42.DLL
 0002:00000000       __imp__InitializeCriticalSection@4 00402000     kernel32:KERNEL32.dll
 0002:00000004       __imp__OutputDebugStringA@4 00402004     kernel32:KERNEL32.dll
 0002:00000008       __imp__Sleep@4             00402008     kernel32:KERNEL32.dll
 0002:0000000c       __imp__LeaveCriticalSection@4 0040200c     kernel32:KERNEL32.dll
 0002:00000010       __imp__EnterCriticalSection@4 00402010     kernel32:KERNEL32.dll
 0002:00000014       __imp__GetCurrentThreadId@0 00402014     kernel32:KERNEL32.dll
 0002:00000018       __imp__CreateThread@24     00402018     kernel32:KERNEL32.dll
 0002:0000001c       __imp__DeleteCriticalSection@4 0040201c     kernel32:KERNEL32.dll
 0002:00000020       __imp__CloseHandle@4       00402020     kernel32:KERNEL32.dll
 0002:00000024       __imp__WaitForMultipleObjects@16 00402024     kernel32:KERNEL32.dll
 0002:00000028       __imp__GetModuleHandleA@4  00402028     kernel32:KERNEL32.dll
 0002:0000002c       __imp__GetStartupInfoA@4   0040202c     kernel32:KERNEL32.dll
 0002:00000030       __imp__CreateEventA@16     00402030     kernel32:KERNEL32.dll
 0002:00000034       \177KERNEL32_NULL_THUNK_DATA 00402034     kernel32:KERNEL32.dll
 0002:00000038       __imp_?ExitInstance@CWinApp@@UAEHXZ 00402038     mfc42:MFC42.DLL
 0002:0000003c       __imp_?IsIdleMessage@CWinThread@@UAEHPAUtagMSG@@@Z 0040203c     mfc42:MFC42.DLL
 0002:00000040       __imp_?OnIdle@CWinApp@@UAEHJ@Z 00402040     mfc42:MFC42.DLL
 0002:00000044       __imp_?PumpMessage@CWinThread@@UAEHXZ 00402044     mfc42:MFC42.DLL
 0002:00000048       __imp_?PreTranslateMessage@CWinThread@@UAEHPAUtagMSG@@@Z 00402048     mfc42:MFC42.DLL
 0002:0000004c       __imp_?Run@CWinApp@@UAEHXZ 0040204c     mfc42:MFC42.DLL
 0002:00000050       __imp_?GetConnectionHook@CCmdTarget@@MAEPAUIConnectionPoint@@ABU_GUID@@@Z 00402050     mfc42:MFC42.DLL
 0002:00000054       __imp_?GetExtraConnectionPoints@CCmdTarget@@MAEHPAVCPtrArray@@@Z 00402054     mfc42:MFC42.DLL
 0002:00000058       __imp_?GetInterfaceHook@CCmdTarget@@UAEPAUIUnknown@@PBX@Z 00402058     mfc42:MFC42.DLL
 0002:0000005c       __imp_?OnCreateAggregates@CCmdTarget@@UAEHXZ 0040205c     mfc42:MFC42.DLL
 0002:00000060       __imp_?GetEventSinkMap@CCmdTarget@@MBEPBUAFX_EVENTSINKMAP@@XZ 00402060     mfc42:MFC42.DLL
 0002:00000064       __imp_?GetInterfaceMap@CCmdTarget@@MBEPBUAFX_INTERFACEMAP@@XZ 00402064     mfc42:MFC42.DLL
 0002:00000068       __imp_?GetConnectionMap@CCmdTarget@@MBEPBUAFX_CONNECTIONMAP@@XZ 00402068     mfc42:MFC42.DLL
 0002:0000006c       __imp_?GetDispatchMap@CCmdTarget@@MBEPBUAFX_DISPMAP@@XZ 0040206c     mfc42:MFC42.DLL
 0002:00000070       __imp_?GetCommandMap@CCmdTarget@@MBEPBUAFX_OLECMDMAP@@XZ 00402070     mfc42:MFC42.DLL
 0002:00000074       __imp_?GetTypeLib@CCmdTarget@@UAEJKPAPAUITypeLib@@@Z 00402074     mfc42:MFC42.DLL
 0002:00000078       __imp_?GetTypeLibCache@CCmdTarget@@UAEPAVCTypeLibCache@@XZ 00402078     mfc42:MFC42.DLL
 0002:0000007c       __imp_?GetTypeInfoCount@CCmdTarget@@UAEIXZ 0040207c     mfc42:MFC42.DLL
 0002:00000080       __imp_?GetDispatchIID@CCmdTarget@@UAEHPAU_GUID@@@Z 00402080     mfc42:MFC42.DLL
 0002:00000084       __imp_?IsInvokeAllowed@CCmdTarget@@UAEHJ@Z 00402084     mfc42:MFC42.DLL
 0002:00000088       __imp_?OnFinalRelease@CCmdTarget@@UAEXXZ 00402088     mfc42:MFC42.DLL
 0002:0000008c       __imp_?OnCmdMsg@CCmdTarget@@UAEHIHPAXPAUAFX_CMDHANDLERINFO@@@Z 0040208c     mfc42:MFC42.DLL
 0002:00000090       __imp_?GetRuntimeClass@CWinApp@@UBEPAUCRuntimeClass@@XZ 00402090     mfc42:MFC42.DLL
 0002:00000094       __imp_??0CWinApp@@QAE@PBD@Z 00402094     mfc42:MFC42.DLL
 0002:00000098       __imp_??3@YAXPAX@Z         00402098     mfc42:MFC42.DLL
 0002:0000009c       __imp_??1CWinApp@@UAE@XZ   0040209c     mfc42:MFC42.DLL
 0002:000000a0       __imp_??1CDialog@@UAE@XZ   004020a0     mfc42:MFC42.DLL
 0002:000000a4       __imp_?DoModal@CDialog@@UAEHXZ 004020a4     mfc42:MFC42.DLL
 0002:000000a8       __imp_?Enable3dControls@CWinApp@@IAEHXZ 004020a8     mfc42:MFC42.DLL
 0002:000000ac       __imp_?AfxEnableControlContainer@@YAXPAVCOccManager@@@Z 004020ac     mfc42:MFC42.DLL
 0002:000000b0       __imp_?PreInitDialog@CDialog@@MAEXXZ 004020b0     mfc42:MFC42.DLL
 0002:000000b4       __imp_?OnCancel@CDialog@@MAEXXZ 004020b4     mfc42:MFC42.DLL
 0002:000000b8       __imp_?OnOK@CDialog@@MAEXXZ 004020b8     mfc42:MFC42.DLL
 0002:000000bc       __imp_?OnSetFont@CDialog@@UAEXPAVCFont@@@Z 004020bc     mfc42:MFC42.DLL
 0002:000000c0       __imp_?OnInitDialog@CDialog@@UAEHXZ 004020c0     mfc42:MFC42.DLL
 0002:000000c4       __imp_?SetOccDialogInfo@CDialog@@MAEHPAU_AFX_OCC_DIALOG_INFO@@@Z 004020c4     mfc42:MFC42.DLL
 0002:000000c8       __imp_?IsFrameWnd@CWnd@@UBEHXZ 004020c8     mfc42:MFC42.DLL
 0002:000000cc       __imp_?CheckAutoCenter@CDialog@@UAEHXZ 004020cc     mfc42:MFC42.DLL
 0002:000000d0       __imp_?OnChildNotify@CWnd@@MAEHIIJPAJ@Z 004020d0     mfc42:MFC42.DLL
 0002:000000d4       __imp_?PostNcDestroy@CWnd@@MAEXXZ 004020d4     mfc42:MFC42.DLL
 0002:000000d8       __imp_?ProcessWndProcException@CWinApp@@UAEJPAVCException@@PBUtagMSG@@@Z 004020d8     mfc42:MFC42.DLL
 0002:000000dc       __imp_?OnWndMsg@CWnd@@MAEHIIJPAJ@Z 004020dc     mfc42:MFC42.DLL
 0002:000000e0       __imp_?WindowProc@CWnd@@MAEJIIJ@Z 004020e0     mfc42:MFC42.DLL
 0002:000000e4       __imp_?OnAmbientProperty@CWnd@@UAEHPAVCOleControlSite@@JPAUtagVARIANT@@@Z 004020e4     mfc42:MFC42.DLL
 0002:000000e8       __imp_?PreTranslateMessage@CDialog@@UAEHPAUtagMSG@@@Z 004020e8     mfc42:MFC42.DLL
 0002:000000ec       __imp_?GetSuperWndProcAddr@CWnd@@MAEPAP6GJPAUHWND__@@IIJ@ZXZ 004020ec     mfc42:MFC42.DLL
 0002:000000f0       __imp_?OnNotify@CWnd@@MAEHIJPAJ@Z 004020f0     mfc42:MFC42.DLL
 0002:000000f4       __imp_?OnCommand@CWnd@@MAEHIJ@Z 004020f4     mfc42:MFC42.DLL
 0002:000000f8       __imp_?EndModalLoop@CWnd@@UAEXH@Z 004020f8     mfc42:MFC42.DLL
 0002:000000fc       __imp_?ContinueModal@CWnd@@UAEHXZ 004020fc     mfc42:MFC42.DLL
 0002:00000100       __imp_?WinHelpA@CWnd@@UAEXKI@Z 00402100     mfc42:MFC42.DLL
 0002:00000104       __imp_?GetScrollBarCtrl@CWnd@@UBEPAVCScrollBar@@H@Z 00402104     mfc42:MFC42.DLL
 0002:00000108       __imp_?OnToolHitTest@CWnd@@UBEHVCPoint@@PAUtagTOOLINFOA@@@Z 00402108     mfc42:MFC42.DLL
 0002:0000010c       __imp_?CalcWindowRect@CWnd@@UAEXPAUtagRECT@@I@Z 0040210c     mfc42:MFC42.DLL
 0002:00000110       __imp_?PreCreateWindow@CWnd@@UAEHAAUtagCREATESTRUCTA@@@Z 00402110     mfc42:MFC42.DLL
 0002:00000114       __imp_?DestroyWindow@CWnd@@UAEHXZ 00402114     mfc42:MFC42.DLL
 0002:00000118       __imp_?Create@CWnd@@UAEHPBD0KABUtagRECT@@PAV1@IPAUCCreateContext@@@Z 00402118     mfc42:MFC42.DLL
 0002:0000011c       __imp_?PreSubclassWindow@CWnd@@UAEXXZ 0040211c     mfc42:MFC42.DLL
 0002:00000120       __imp_?OnFinalRelease@CWnd@@UAEXXZ 00402120     mfc42:MFC42.DLL
 0002:00000124       __imp_?OnCmdMsg@CDialog@@UAEHIHPAXPAUAFX_CMDHANDLERINFO@@@Z 00402124     mfc42:MFC42.DLL
 0002:00000128       __imp_?GetRuntimeClass@CDialog@@UBEPAUCRuntimeClass@@XZ 00402128     mfc42:MFC42.DLL
 0002:0000012c       __imp_??0CDialog@@QAE@IPAVCWnd@@@Z 0040212c     mfc42:MFC42.DLL
 0002:00000130       __imp_?messageMap@CDialog@@1UAFX_MSGMAP@@B 00402130     mfc42:MFC42.DLL
 0002:00000134       __imp_?AfxFindResourceHandle@@YGPAUHINSTANCE__@@PBD0@Z 00402134     mfc42:MFC42.DLL
 0002:00000138       __imp_?AfxGetModuleState@@YGPAVAFX_MODULE_STATE@@XZ 00402138     mfc42:MFC42.DLL
 0002:0000013c       __imp_?DDX_Control@@YGXPAVCDataExchange@@HAAVCWnd@@@Z 0040213c     mfc42:MFC42.DLL
 0002:00000140       __imp_??1CString@@QAE@XZ   00402140     mfc42:MFC42.DLL
 0002:00000144       __imp_?LoadStringA@CString@@QAEHI@Z 00402144     mfc42:MFC42.DLL
 0002:00000148       __imp_??0CString@@QAE@XZ   00402148     mfc42:MFC42.DLL
 0002:0000014c       __imp_?FromHandle@CMenu@@SGPAV1@PAUHMENU__@@@Z 0040214c     mfc42:MFC42.DLL
 0002:00000150       __imp_?Default@CWnd@@IAEJXZ 00402150     mfc42:MFC42.DLL
 0002:00000154       __imp_??1CPaintDC@@UAE@XZ  00402154     mfc42:MFC42.DLL
 0002:00000158       __imp_??0CPaintDC@@QAE@PAVCWnd@@@Z 00402158     mfc42:MFC42.DLL
 0002:0000015c       __imp_??1CEdit@@UAE@XZ     0040215c     mfc42:MFC42.DLL
 0002:00000160       __imp_?MessageBoxA@CWnd@@QAEHPBD0I@Z 00402160     mfc42:MFC42.DLL
 0002:00000164       __imp_?SetOccDialogInfo@CWnd@@MAEHPAU_AFX_OCC_DIALOG_INFO@@@Z 00402164     mfc42:MFC42.DLL
 0002:00000168       __imp_?CheckAutoCenter@CWnd@@UAEHXZ 00402168     mfc42:MFC42.DLL
 0002:0000016c       __imp_?PreTranslateMessage@CWnd@@UAEHPAUtagMSG@@@Z 0040216c     mfc42:MFC42.DLL
 0002:00000170       __imp_?GetMessageMap@CWnd@@MBEPBUAFX_MSGMAP@@XZ 00402170     mfc42:MFC42.DLL
 0002:00000174       __imp_?GetRuntimeClass@CEdit@@UBEPAUCRuntimeClass@@XZ 00402174     mfc42:MFC42.DLL
 0002:00000178       __imp_??0CWnd@@QAE@XZ      00402178     mfc42:MFC42.DLL
 0002:0000017c       __imp_?ProcessMessageFilter@CWinThread@@UAEHHPAUtagMSG@@@Z 0040217c     mfc42:MFC42.DLL
 0002:00000180       __imp_?GetMainWnd@CWinThread@@UAEPAVCWnd@@XZ 00402180     mfc42:MFC42.DLL
 0002:00000184       __imp_?Delete@CWinThread@@UAEXXZ 00402184     mfc42:MFC42.DLL
 0002:00000188       __imp_?OpenDocumentFile@CWinApp@@UAEPAVCDocument@@PBD@Z 00402188     mfc42:MFC42.DLL
 0002:0000018c       __imp_?AddToRecentFileList@CWinApp@@UAEXPBD@Z 0040218c     mfc42:MFC42.DLL
 0002:00000190       __imp_?InitApplication@CWinApp@@UAEHXZ 00402190     mfc42:MFC42.DLL
 0002:00000194       __imp_?SaveAllModified@CWinApp@@UAEHXZ 00402194     mfc42:MFC42.DLL
 0002:00000198       __imp_?DoMessageBox@CWinApp@@UAEHPBDII@Z 00402198     mfc42:MFC42.DLL
 0002:0000019c       __imp_?DoWaitCursor@CWinApp@@UAEXH@Z 0040219c     mfc42:MFC42.DLL
 0002:000001a0       __imp_?OnDDECommand@CWinApp@@UAEHPAD@Z 004021a0     mfc42:MFC42.DLL
 0002:000001a4       __imp_?WinHelpA@CWinApp@@UAEXKI@Z 004021a4     mfc42:MFC42.DLL
 0002:000001a8       __imp_?messageMap@CWinApp@@1UAFX_MSGMAP@@B 004021a8     mfc42:MFC42.DLL
 0002:000001ac       __imp_?DefWindowProcA@CWnd@@MAEJIIJ@Z 004021ac     mfc42:MFC42.DLL
 0002:000001b0       __imp_?OnHelp@CWinApp@@IAEXXZ 004021b0     mfc42:MFC42.DLL
 0002:000001b4       __imp_?AfxWinMain@@YGHPAUHINSTANCE__@@0PADH@Z 004021b4     mfc42:MFC42.DLL
 0002:000001b8       \177MFC42_NULL_THUNK_DATA  004021b8     mfc42:MFC42.DLL
 0002:000001bc       __imp____p__fmode          004021bc     msvcrt:MSVCRT.dll
 0002:000001c0       __imp____set_app_type      004021c0     msvcrt:MSVCRT.dll
 0002:000001c4       __imp___except_handler3    004021c4     msvcrt:MSVCRT.dll
 0002:000001c8       __imp___controlfp          004021c8     msvcrt:MSVCRT.dll
 0002:000001cc       __imp___adjust_fdiv        004021cc     msvcrt:MSVCRT.dll
 0002:000001d0       __imp____setusermatherr    004021d0     msvcrt:MSVCRT.dll
 0002:000001d4       __imp___initterm           004021d4     msvcrt:MSVCRT.dll
 0002:000001d8       __imp____getmainargs       004021d8     msvcrt:MSVCRT.dll
 0002:000001dc       __imp___acmdln             004021dc     msvcrt:MSVCRT.dll
 0002:000001e0       __imp__exit                004021e0     msvcrt:MSVCRT.dll
 0002:000001e4       __imp___XcptFilter         004021e4     msvcrt:MSVCRT.dll
 0002:000001e8       __imp___exit               004021e8     msvcrt:MSVCRT.dll
 0002:000001ec       __imp___onexit             004021ec     msvcrt:MSVCRT.dll
 0002:000001f0       __imp____dllonexit         004021f0     msvcrt:MSVCRT.dll
 0002:000001f4       __imp__malloc              004021f4     msvcrt:MSVCRT.dll
 0002:000001f8       __imp__sprintf             004021f8     msvcrt:MSVCRT.dll
 0002:000001fc       __imp__free                004021fc     msvcrt:MSVCRT.dll
 0002:00000200       __imp____CxxFrameHandler   00402200     msvcrt:MSVCRT.dll
 0002:00000204       __imp___setmbcp            00402204     msvcrt:MSVCRT.dll
 0002:00000208       __imp____p__commode        00402208     msvcrt:MSVCRT.dll
 0002:0000020c       \177MSVCRT_NULL_THUNK_DATA 0040220c     msvcrt:MSVCRT.dll
 0002:00000210       __imp__AppendMenuA@16      00402210     user32:USER32.dll
 0002:00000214       __imp__GetSystemMenu@8     00402214     user32:USER32.dll
 0002:00000218       __imp__DrawIcon@16         00402218     user32:USER32.dll
 0002:0000021c       __imp__GetClientRect@8     0040221c     user32:USER32.dll
 0002:00000220       __imp__GetSystemMetrics@4  00402220     user32:USER32.dll
 0002:00000224       __imp__IsIconic@4          00402224     user32:USER32.dll
 0002:00000228       __imp__EnableWindow@8      00402228     user32:USER32.dll
 0002:0000022c       __imp__LoadIconA@8         0040222c     user32:USER32.dll
 0002:00000230       __imp__SendMessageA@16     00402230     user32:USER32.dll
 0002:00000234       \177USER32_NULL_THUNK_DATA 00402234     user32:USER32.dll
 0002:00000260       ?messageMap@CThreadHangAppApp@@1UAFX_MSGMAP@@B 00402260     ThreadHangApp.obj
 0002:00000268       ?_messageEntries@CThreadHangAppApp@@0QBUAFX_MSGMAP_ENTRY@@B 00402268     ThreadHangApp.obj
 0002:00000298       ??_7CThreadHangAppApp@@6B@ 00402298     ThreadHangApp.obj
 0002:00000340       ?messageMap@CAboutDlg@@1UAFX_MSGMAP@@B 00402340     ThreadHangAppDlg.obj
 0002:00000348       ?_messageEntries@CAboutDlg@@0QBUAFX_MSGMAP_ENTRY@@B 00402348     ThreadHangAppDlg.obj
 0002:00000360       ?messageMap@CThreadHangAppDlg@@1UAFX_MSGMAP@@B 00402360     ThreadHangAppDlg.obj
 0002:00000368       ?_messageEntries@CThreadHangAppDlg@@0QBUAFX_MSGMAP_ENTRY@@B 00402368     ThreadHangAppDlg.obj
 0002:00000428       ??_7CAboutDlg@@6B@         00402428     ThreadHangAppDlg.obj
 0002:00000500       ??_7CThreadHangAppDlg@@6B@ 00402500     ThreadHangAppDlg.obj
 0002:000005d8       ??_7CEdit@@6B@             004025d8     ThreadHangAppDlg.obj
 0002:00000698       _IID_IDocHostUIHandlerDispatch 00402698     mfcs42:stdafx.obj
 0002:000006a8       _IID_IInternalConnection   004026a8     mfcs42:stdafx.obj
 0002:000006b8       _IID_IAxWinAmbientDispatch 004026b8     mfcs42:stdafx.obj
 0002:000006c8       _IID_IAxWinHostWindow      004026c8     mfcs42:stdafx.obj
 0002:000006d8       _IID_IRegistrar            004026d8     mfcs42:stdafx.obj
 0002:000006e8       _CLSID_Registrar           004026e8     mfcs42:stdafx.obj
 0002:000006f8       _LIBID_ATLLib              004026f8     mfcs42:stdafx.obj
 0002:000007b8       __IMPORT_DESCRIPTOR_MFC42  004027b8     mfc42:MFC42.DLL
 0002:000007cc       __IMPORT_DESCRIPTOR_MSVCRT 004027cc     msvcrt:MSVCRT.dll
 0002:000007e0       __IMPORT_DESCRIPTOR_KERNEL32 004027e0     kernel32:KERNEL32.dll
 0002:000007f4       __IMPORT_DESCRIPTOR_USER32 004027f4     user32:USER32.dll
 0002:00000808       __NULL_IMPORT_DESCRIPTOR   00402808     mfc42:MFC42.DLL
 0003:00000000       ___xc_a                    00403000     msvcrt:cinitexe.obj
 0003:00000010       ___xc_z                    00403010     msvcrt:cinitexe.obj
 0003:00000014       ___xi_a                    00403014     msvcrt:cinitexe.obj
 0003:00000018       ___xi_z                    00403018     msvcrt:cinitexe.obj
 0003:00000020       ??_C@_0BE@HMA@DEMO_THREADDEADLOCK?$AA@ 00403020     ThreadHangAppDlg.obj
 0003:00000034       ??_C@_0P@GBGH@TID?5?$CFx?5ends?4?5?6?$AA@ 00403034     ThreadHangAppDlg.obj
 0003:00000044       ??_C@_0BE@JIIC@?$FL?$CFx?$FN?5?3?5I?8m?5alive?$CB?5?6?$AA@ 00403044     ThreadHangAppDlg.obj
 0003:00000058       ??_C@_0BK@NNNF@TID?5?$CFx?5has?5been?5created?5?6?$AA@ 00403058     ThreadHangAppDlg.obj
 0003:00000074       ??_C@_0BF@GJL@CreateThread?5failed?$CB?$AA@ 00403074     ThreadHangAppDlg.obj
 0003:00000090       ?GUID_ATLVer30@ATL@@3U_GUID@@A 00403090     mfcs42:stdafx.obj
 0003:000000a0       ___defaultmatherr          004030a0     msvcrt:merr.obj
 0003:000000a8       ?theApp@@3VCThreadHangAppApp@@A 004030a8     ThreadHangApp.obj
 0003:00000178       ?m_ctrlOutput@CThreadHangAppDlg@@2VCEdit@@A 00403178     ThreadHangAppDlg.obj
 0003:000001b8       ?g_CriticalSection@@3U_RTL_CRITICAL_SECTION@@A 004031b8     ThreadHangAppDlg.obj
 0003:000001d0       __afxForceEXCLUDE          004031d0     mfcs42:nolib.obj
 0003:000001d4       ?ATL_CREATE_OBJECT@CComApartment@ATL@@2IA 004031d4     mfcs42:stdafx.obj
 0003:000001d8       ?m_libid@CComModule@ATL@@2U_GUID@@A 004031d8     mfcs42:stdafx.obj
 0003:000001e8       ?_pModule@ATL@@3PAVCComModule@1@A 004031e8     mfcs42:stdafx.obj
 0003:000001ec       __afxForceSTDAFX           004031ec     mfcs42:stdafx.obj
 0003:000001f0       __dowildcard               004031f0     msvcrt:wildcard.obj
 0003:000001f4       __newmode                  004031f4     msvcrt:_newmode.obj
 0003:000001f8       __commode                  004031f8     msvcrt:xncommod.obj
 0003:000001fc       __fmode                    004031fc     msvcrt:xtxtmode.obj
 0003:00000200       ?_afxInitAppState@@3DA     00403200     mfcs42:appmodul.obj
 0003:00000204       __adjust_fdiv              00403204     <common>
 0003:00000208       ___onexitend               00403208     <common>
 0003:0000020c       ___onexitbegin             0040320c     <common>

 entry point at        0001:00000a72

 Static symbols

 0001:00000640       _$E211                     00401640 f   ThreadHangAppDlg.obj
 0001:00000650       _$E207                     00401650 f   ThreadHangAppDlg.obj
 0001:00000660       _$E210                     00401660 f   ThreadHangAppDlg.obj
 0001:00000670       _$E208                     00401670 f   ThreadHangAppDlg.obj
 0001:00000070       _$E208                     00401070 f   ThreadHangApp.obj
 0001:00000080       _$E205                     00401080 f   ThreadHangApp.obj
 0001:00000090       _$E207                     00401090 f   ThreadHangApp.obj
 0001:000000a0       _$E206                     004010a0 f   ThreadHangApp.obj
 0001:00000cf3       _$E373                     00401cf3 f   mfcs42:appmodul.obj
 0001:00000cf8       _$E372                     00401cf8 f   mfcs42:appmodul.obj
